Archive member included because of file (symbol)

libbb/lib.a(appletlib.o)      /opt/Cortina/toolchain/toolchain-arm_gcc-4.5.1+l_uClibc-0.9.32_eabi/bin/../lib/gcc/arm-openwrt-linux-uclibcgnueabi/4.5.2/../../../../arm-openwrt-linux-uclibcgnueabi/lib/crt1.o (main)
libbb/lib.a(default_error_retval.o)
                              libbb/lib.a(appletlib.o) (xfunc_error_retval)
libbb/lib.a(get_last_path_component.o)
                              libbb/lib.a(appletlib.o) (bb_basename)
libbb/lib.a(last_char_is.o)   libbb/lib.a(get_last_path_component.o) (last_char_is)
libbb/lib.a(messages.o)       libbb/lib.a(appletlib.o) (bb_banner)
libbb/lib.a(ptr_to_globals.o)
                              libbb/lib.a(appletlib.o) (bb_errno)
libbb/lib.a(verror_msg.o)     libbb/lib.a(appletlib.o) (bb_error_msg_and_die)
libbb/lib.a(xfunc_die.o)      libbb/lib.a(appletlib.o) (xfunc_die)
libbb/lib.a(xfuncs.o)         libbb/lib.a(appletlib.o) (full_write2_str)
libbb/lib.a(xfuncs_printf.o)  libbb/lib.a(appletlib.o) (malloc_or_warn)
libbb/lib.a(copyfd.o)         libbb/lib.a(xfuncs_printf.o) (bb_copyfd_eof)
libbb/lib.a(full_write.o)     libbb/lib.a(verror_msg.o) (full_write)
libbb/lib.a(perror_msg.o)     libbb/lib.a(xfuncs_printf.o) (bb_perror_msg)
libbb/lib.a(read.o)           libbb/lib.a(copyfd.o) (safe_read)
libbb/lib.a(safe_write.o)     libbb/lib.a(full_write.o) (safe_write)
libbb/lib.a(time.o)           libbb/lib.a(xfuncs_printf.o) (monotonic_us)
libbb/lib.a(bb_strtonum.o)    libbb/lib.a(time.o) (bb_strtol)
loginutils/lib.a(addgroup.o)  libbb/lib.a(appletlib.o) (addgroup_main)
loginutils/lib.a(adduser.o)   libbb/lib.a(appletlib.o) (adduser_main)
loginutils/lib.a(deluser.o)   libbb/lib.a(appletlib.o) (deluser_main)
loginutils/lib.a(getty.o)     libbb/lib.a(appletlib.o) (getty_main)
loginutils/lib.a(login.o)     libbb/lib.a(appletlib.o) (login_main)
loginutils/lib.a(passwd.o)    libbb/lib.a(appletlib.o) (passwd_main)
miscutils/lib.a(crond.o)      libbb/lib.a(appletlib.o) (crond_main)
miscutils/lib.a(crontab.o)    libbb/lib.a(appletlib.o) (crontab_main)
miscutils/lib.a(hdparm.o)     libbb/lib.a(appletlib.o) (hdparm_main)
miscutils/lib.a(less.o)       libbb/lib.a(appletlib.o) (less_main)
miscutils/lib.a(lock.o)       libbb/lib.a(appletlib.o) (lock_main)
miscutils/lib.a(nandwrite.o)  libbb/lib.a(appletlib.o) (nandwrite_main)
miscutils/lib.a(setserial.o)  libbb/lib.a(appletlib.o) (setserial_main)
miscutils/lib.a(strings.o)    libbb/lib.a(appletlib.o) (strings_main)
miscutils/lib.a(taskset.o)    libbb/lib.a(appletlib.o) (taskset_main)
miscutils/lib.a(time.o)       libbb/lib.a(appletlib.o) (time_main)
miscutils/lib.a(ubi_tools.o)  libbb/lib.a(appletlib.o) (ubi_tools_main)
miscutils/lib.a(watchdog.o)   libbb/lib.a(appletlib.o) (watchdog_main)
modutils/lib.a(depmod.o)      libbb/lib.a(appletlib.o) (depmod_main)
modutils/lib.a(insmod.o)      libbb/lib.a(appletlib.o) (insmod_main)
modutils/lib.a(lsmod.o)       libbb/lib.a(appletlib.o) (lsmod_main)
modutils/lib.a(modprobe.o)    libbb/lib.a(appletlib.o) (modprobe_main)
modutils/lib.a(modutils.o)    modutils/lib.a(modprobe.o) (replace)
modutils/lib.a(rmmod.o)       libbb/lib.a(appletlib.o) (rmmod_main)
networking/lib.a(arp.o)       libbb/lib.a(appletlib.o) (arp_main)
networking/lib.a(arping.o)    libbb/lib.a(appletlib.o) (arping_main)
networking/lib.a(ftpd.o)      libbb/lib.a(appletlib.o) (ftpd_main)
networking/lib.a(ftpgetput.o)
                              libbb/lib.a(appletlib.o) (ftpgetput_main)
networking/lib.a(hostname.o)  libbb/lib.a(appletlib.o) (hostname_main)
networking/lib.a(httpd.o)     libbb/lib.a(appletlib.o) (httpd_main)
networking/lib.a(ifconfig.o)  libbb/lib.a(appletlib.o) (ifconfig_main)
networking/lib.a(ifupdown.o)  libbb/lib.a(appletlib.o) (ifupdown_main)
networking/lib.a(inetd.o)     libbb/lib.a(appletlib.o) (inetd_main)
networking/lib.a(interface.o)
                              networking/lib.a(arp.o) (get_aftype)
networking/lib.a(ip.o)        libbb/lib.a(appletlib.o) (ipaddr_main)
networking/lib.a(nbd-client.o)
                              libbb/lib.a(appletlib.o) (nbdclient_main)
networking/lib.a(nc.o)        libbb/lib.a(appletlib.o) (nc_main)
networking/lib.a(netstat.o)   libbb/lib.a(appletlib.o) (netstat_main)
networking/lib.a(nslookup.o)  libbb/lib.a(appletlib.o) (nslookup_main)
networking/lib.a(ping.o)      libbb/lib.a(appletlib.o) (ping_main)
networking/lib.a(route.o)     networking/lib.a(netstat.o) (bb_displayroutes)
networking/lib.a(tcpudp.o)    libbb/lib.a(appletlib.o) (tcpudpsvd_main)
networking/lib.a(tcpudp_perhost.o)
                              networking/lib.a(tcpudp.o) (ipsvd_perhost_init)
networking/lib.a(telnet.o)    libbb/lib.a(appletlib.o) (telnet_main)
networking/lib.a(telnetd.o)   libbb/lib.a(appletlib.o) (telnetd_main)
networking/lib.a(tftp.o)      libbb/lib.a(appletlib.o) (tftp_main)
networking/lib.a(traceroute.o)
                              libbb/lib.a(appletlib.o) (traceroute_main)
[...]
Memory Configuration

Name             Origin             Length             Attributes
*default*        0x00000000         0xffffffff

Linker script and memory map

LOAD /opt/Cortina/toolchain/toolchain-arm_gcc-4.5.1+l_uClibc-0.9.32_eabi/bin/../lib/gcc/arm-openwrt-linux-uclibcgnueabi/4.5.2/../../../../arm-openwrt-linux-uclibcgnueabi/lib/crt1.o
LOAD /opt/Cortina/toolchain/toolchain-arm_gcc-4.5.1+l_uClibc-0.9.32_eabi/bin/../lib/gcc/arm-openwrt-linux-uclibcgnueabi/4.5.2/../../../../arm-openwrt-linux-uclibcgnueabi/lib/crti.o
LOAD /opt/Cortina/toolchain/toolchain-arm_gcc-4.5.1+l_uClibc-0.9.32_eabi/bin/../lib/gcc/arm-openwrt-linux-uclibcgnueabi/4.5.2/crtbegin.o
START GROUP
LOAD applets/built-in.o
LOAD archival/lib.a
LOAD archival/libarchive/lib.a
LOAD console-tools/lib.a
LOAD coreutils/lib.a
LOAD coreutils/libcoreutils/lib.a
LOAD debianutils/lib.a
LOAD e2fsprogs/lib.a
LOAD editors/lib.a
LOAD findutils/lib.a
LOAD init/lib.a
LOAD libbb/lib.a
LOAD libpwdgrp/lib.a
LOAD loginutils/lib.a
LOAD mailutils/lib.a
LOAD miscutils/lib.a
LOAD modutils/lib.a
LOAD networking/lib.a
LOAD networking/libiproute/lib.a
LOAD networking/udhcp/lib.a
LOAD printutils/lib.a
LOAD procps/lib.a
LOAD runit/lib.a
LOAD selinux/lib.a
LOAD shell/lib.a
LOAD sysklogd/lib.a
LOAD util-linux/lib.a
LOAD util-linux/volume_id/lib.a
LOAD archival/built-in.o
LOAD archival/libarchive/built-in.o
LOAD console-tools/built-in.o
LOAD coreutils/built-in.o
LOAD coreutils/libcoreutils/built-in.o
LOAD debianutils/built-in.o
LOAD e2fsprogs/built-in.o
LOAD editors/built-in.o
LOAD findutils/built-in.o
LOAD init/built-in.o
LOAD libbb/built-in.o
LOAD libpwdgrp/built-in.o
LOAD loginutils/built-in.o
LOAD mailutils/built-in.o
LOAD miscutils/built-in.o
LOAD modutils/built-in.o
LOAD networking/built-in.o
LOAD networking/libiproute/built-in.o
LOAD networking/udhcp/built-in.o
LOAD printutils/built-in.o
LOAD procps/built-in.o
LOAD runit/built-in.o
LOAD selinux/built-in.o
LOAD shell/built-in.o
LOAD sysklogd/built-in.o
LOAD util-linux/built-in.o
LOAD util-linux/volume_id/built-in.o
END GROUP
START GROUP
LOAD /opt/Cortina/toolchain/toolchain-arm_gcc-4.5.1+l_uClibc-0.9.32_eabi/bin/../lib/gcc/arm-openwrt-linux-uclibcgnueabi/4.5.2/../../../../arm-openwrt-linux-uclibcgnueabi/lib/libcrypt.so
LOAD /opt/Cortina/toolchain/toolchain-arm_gcc-4.5.1+l_uClibc-0.9.32_eabi/bin/../lib/gcc/arm-openwrt-linux-uclibcgnueabi/4.5.2/../../../../arm-openwrt-linux-uclibcgnueabi/lib/libm.so
END GROUP
LOAD /opt/Cortina/toolchain/toolchain-arm_gcc-4.5.1+l_uClibc-0.9.32_eabi/bin/../lib/gcc/arm-openwrt-linux-uclibcgnueabi/4.5.2/libgcc.a
LOAD /opt/Cortina/toolchain/toolchain-arm_gcc-4.5.1+l_uClibc-0.9.32_eabi/bin/../lib/gcc/arm-openwrt-linux-uclibcgnueabi/4.5.2/libgcc_eh.a
LOAD /opt/Cortina/toolchain/toolchain-arm_gcc-4.5.1+l_uClibc-0.9.32_eabi/bin/../lib/gcc/arm-openwrt-linux-uclibcgnueabi/4.5.2/../../../../arm-openwrt-linux-uclibcgnueabi/lib/libc.so
START GROUP
LOAD /opt/Cortina/toolchain/toolchain-arm_gcc-4.5.1+l_uClibc-0.9.32_eabi/bin/../lib/gcc/arm-openwrt-linux-uclibcgnueabi/4.5.2/../../../../arm-openwrt-linux-uclibcgnueabi/lib/uclibc_nonshared.a
LOAD /opt/Cortina/toolchain/toolchain-arm_gcc-4.5.1+l_uClibc-0.9.32_eabi/bin/../lib/gcc/arm-openwrt-linux-uclibcgnueabi/4.5.2/../../../../arm-openwrt-linux-uclibcgnueabi/lib/libc.so.0
LOAD /opt/Cortina/toolchain/toolchain-arm_gcc-4.5.1+l_uClibc-0.9.32_eabi/bin/../lib/gcc/arm-openwrt-linux-uclibcgnueabi/4.5.2/../../../../arm-openwrt-linux-uclibcgnueabi/lib/ld-uClibc.so.0
END GROUP
LOAD /opt/Cortina/toolchain/toolchain-arm_gcc-4.5.1+l_uClibc-0.9.32_eabi/bin/../lib/gcc/arm-openwrt-linux-uclibcgnueabi/4.5.2/libgcc.a
LOAD /opt/Cortina/toolchain/toolchain-arm_gcc-4.5.1+l_uClibc-0.9.32_eabi/bin/../lib/gcc/arm-openwrt-linux-uclibcgnueabi/4.5.2/libgcc_eh.a
LOAD /opt/Cortina/toolchain/toolchain-arm_gcc-4.5.1+l_uClibc-0.9.32_eabi/bin/../lib/gcc/arm-openwrt-linux-uclibcgnueabi/4.5.2/crtend.o
LOAD /opt/Cortina/toolchain/toolchain-arm_gcc-4.5.1+l_uClibc-0.9.32_eabi/bin/../lib/gcc/arm-openwrt-linux-uclibcgnueabi/4.5.2/../../../../arm-openwrt-linux-uclibcgnueabi/lib/crtn.o
                0x00008000                PROVIDE (__executable_start, 0x8000)
                0x00008114                . = (0x8000 + SIZEOF_HEADERS)

.interp         0x00008114       0x14
 *(SORT(.interp))
 .interp        0x00008114       0x14 /opt/Cortina/toolchain/toolchain-arm_gcc-4.5.1+l_uClibc-0.9.32_eabi/bin/../lib/gcc/arm-openwrt-linux-uclibcgnueabi/4.5.2/../../../../arm-openwrt-linux-uclibcgnueabi/lib/libcrypt.so

.note.gnu.build-id
 *(SORT(.note.gnu.build-id))

.hash           0x00008128      0x9f8
 *(SORT(.hash))
 .hash          0x00008128      0x9f8 /opt/Cortina/toolchain/toolchain-arm_gcc-4.5.1+l_uClibc-0.9.32_eabi/bin/../lib/gcc/arm-openwrt-linux-uclibcgnueabi/4.5.2/../../../../arm-openwrt-linux-uclibcgnueabi/lib/libcrypt.so

.gnu.hash
 *(SORT(.gnu.hash))

.dynsym         0x00008b20     0x1750
 *(SORT(.dynsym))
 .dynsym        0x00008b20     0x1750 /opt/Cortina/toolchain/toolchain-arm_gcc-4.5.1+l_uClibc-0.9.32_eabi/bin/../lib/gcc/arm-openwrt-linux-uclibcgnueabi/4.5.2/../../../../arm-openwrt-linux-uclibcgnueabi/lib/libcrypt.so

.dynstr         0x0000a270      0xbab
 *(SORT(.dynstr))
 .dynstr        0x0000a270      0xbab /opt/Cortina/toolchain/toolchain-arm_gcc-4.5.1+l_uClibc-0.9.32_eabi/bin/../lib/gcc/arm-openwrt-linux-uclibcgnueabi/4.5.2/../../../../arm-openwrt-linux-uclibcgnueabi/lib/libcrypt.so

.gnu.version    0x0000ae1c        0x0 load address 0x0000ae1b
 *(SORT(.gnu.version))
 .gnu.version   0x00000000        0x0 /opt/Cortina/toolchain/toolchain-arm_gcc-4.5.1+l_uClibc-0.9.32_eabi/bin/../lib/gcc/arm-openwrt-linux-uclibcgnueabi/4.5.2/../../../../arm-openwrt-linux-uclibcgnueabi/lib/libcrypt.so

.gnu.version_d  0x0000ae1c        0x0 load address 0x0000ae1b
 *(SORT(.gnu.version_d))
 .gnu.version_d
                0x00000000        0x0 /opt/Cortina/toolchain/toolchain-arm_gcc-4.5.1+l_uClibc-0.9.32_eabi/bin/../lib/gcc/arm-openwrt-linux-uclibcgnueabi/4.5.2/../../../../arm-openwrt-linux-uclibcgnueabi/lib/libcrypt.so

.gnu.version_r  0x0000ae1c        0x0 load address 0x0000ae1b
 *(SORT(.gnu.version_r))
 .gnu.version_r
                0x00000000        0x0 /opt/Cortina/toolchain/toolchain-arm_gcc-4.5.1+l_uClibc-0.9.32_eabi/bin/../lib/gcc/arm-openwrt-linux-uclibcgnueabi/4.5.2/../../../../arm-openwrt-linux-uclibcgnueabi/lib/libcrypt.so

.rel.dyn        0x0000ae1c       0x50
 *(SORT(.rel.init))
 *(SORT(.rel.text) SORT(.rel.text.*) SORT(.rel.gnu.linkonce.t.*))
 *(SORT(.rel.fini))
 *(SORT(.rel.rodata) SORT(.rel.rodata.*) SORT(.rel.gnu.linkonce.r.*))
 *(SORT(.rel.data.rel.ro*) SORT(.rel.gnu.linkonce.d.rel.ro.*))
 *(SORT(.rel.data) SORT(.rel.data.*) SORT(.rel.gnu.linkonce.d.*))
 *(SORT(.rel.tdata) SORT(.rel.tdata.*) SORT(.rel.gnu.linkonce.td.*))
 *(SORT(.rel.tbss) SORT(.rel.tbss.*) SORT(.rel.gnu.linkonce.tb.*))
 *(SORT(.rel.ctors))
 *(SORT(.rel.dtors))
 *(SORT(.rel.got))
 .rel.got       0x00000000        0x0 /opt/Cortina/toolchain/toolchain-arm_gcc-4.5.1+l_uClibc-0.9.32_eabi/bin/../lib/gcc/arm-openwrt-linux-uclibcgnueabi/4.5.2/../../../../arm-openwrt-linux-uclibcgnueabi/lib/libcrypt.so
 *(SORT(.rel.bss) SORT(.rel.bss.*) SORT(.rel.gnu.linkonce.b.*))
 .rel.bss       0x0000ae1c       0x50 /opt/Cortina/toolchain/toolchain-arm_gcc-4.5.1+l_uClibc-0.9.32_eabi/bin/../lib/gcc/arm-openwrt-linux-uclibcgnueabi/4.5.2/../../../../arm-openwrt-linux-uclibcgnueabi/lib/libcrypt.so
                0x0000ae6c                PROVIDE (__rel_iplt_start, .)
 *(SORT(.rel.iplt))
                0x0000ae6c                PROVIDE (__rel_iplt_end, .)
                0x0000ae6c                PROVIDE (__rela_iplt_start, .)
                0x0000ae6c                PROVIDE (__rela_iplt_end, .)

.rela.dyn       0x0000ae6c        0x0
 *(SORT(.rela.init))
 *(SORT(.rela.text) SORT(.rela.text.*) SORT(.rela.gnu.linkonce.t.*))
 *(SORT(.rela.fini))
 *(SORT(.rela.rodata) SORT(.rela.rodata.*) SORT(.rela.gnu.linkonce.r.*))
 *(SORT(.rela.data) SORT(.rela.data.*) SORT(.rela.gnu.linkonce.d.*))
 *(SORT(.rela.tdata) SORT(.rela.tdata.*) SORT(.rela.gnu.linkonce.td.*))
 *(SORT(.rela.tbss) SORT(.rela.tbss.*) SORT(.rela.gnu.linkonce.tb.*))
 *(SORT(.rela.ctors))
 *(SORT(.rela.dtors))
 *(SORT(.rela.got))
 *(SORT(.rela.bss) SORT(.rela.bss.*) SORT(.rela.gnu.linkonce.b.*))
                0x0000ae6c                PROVIDE (__rel_iplt_start, .)
                0x0000ae6c                PROVIDE (__rel_iplt_end, .)
                0x0000ae6c                PROVIDE (__rela_iplt_start, .)
 *(SORT(.rela.iplt))
                0x0000ae6c                PROVIDE (__rela_iplt_end, .)

.rel.plt        0x0000ae6c      0xaf8
 *(SORT(.rel.plt))
 .rel.plt       0x0000ae6c      0xaf8 /opt/Cortina/toolchain/toolchain-arm_gcc-4.5.1+l_uClibc-0.9.32_eabi/bin/../lib/gcc/arm-openwrt-linux-uclibcgnueabi/4.5.2/../../../../arm-openwrt-linux-uclibcgnueabi/lib/libcrypt.so

.rela.plt
 *(SORT(.rela.plt))

.init           0x0000b964       0x10
 *(SORT(.init))
 .init          0x0000b964        0xc /opt/Cortina/toolchain/toolchain-arm_gcc-4.5.1+l_uClibc-0.9.32_eabi/bin/../lib/gcc/arm-openwrt-linux-uclibcgnueabi/4.5.2/../../../../arm-openwrt-linux-uclibcgnueabi/lib/crti.o
                0x0000b964                _init
 .init          0x0000b970        0x4 /opt/Cortina/toolchain/toolchain-arm_gcc-4.5.1+l_uClibc-0.9.32_eabi/bin/../lib/gcc/arm-openwrt-linux-uclibcgnueabi/4.5.2/../../../../arm-openwrt-linux-uclibcgnueabi/lib/crtn.o

.plt            0x0000b974     0x1088
 *(SORT(.plt))
 .plt           0x0000b974     0x1088 /opt/Cortina/toolchain/toolchain-arm_gcc-4.5.1+l_uClibc-0.9.32_eabi/bin/../lib/gcc/arm-openwrt-linux-uclibcgnueabi/4.5.2/../../../../arm-openwrt-linux-uclibcgnueabi/lib/libcrypt.so
                0x0000b988                longjmp
                0x0000b994                stpcpy
                0x0000b9a0                chroot
                0x0000b9ac                strcpy
                0x0000b9b8                setrlimit64
                0x0000b9c4                unsetenv
                0x0000b9d0                log
                0x0000b9dc                mkstemp64
                0x0000b9e8                sqrt
                0x0000b9f4                waitpid
                0x0000ba00                pause
                0x0000ba0c                ioctl
                0x0000ba18                strtok_r
                0x0000ba24                getgid
                0x0000ba30                popen
                0x0000ba3c                sysconf
                0x0000ba48                printf
                0x0000ba54                vsprintf
                0x0000ba60                random
                0x0000ba6c                cfgetospeed
                0x0000ba78                recv
                0x0000ba84                connect
                0x0000ba90                ungetc
                0x0000ba9c                tcgetsid
                0x0000baa8                utimes
                0x0000bab4                shmctl
                0x0000bac0                strerror
                0x0000bacc                memrchr
                0x0000bad8                geteuid
                0x0000bae4                inet_pton
                0x0000baf0                stat64
                0x0000bafc                memmove
                0x0000bb08                pclose
                0x0000bb14                getopt_long
                0x0000bb20                snprintf
                0x0000bb2c                pmap_set
                0x0000bb38                mknod
                0x0000bb44                ftello64
                0x0000bb50                getgrgid
                0x0000bb5c                clnt_spcreateerror
                0x0000bb68                times
                0x0000bb74                statfs64
                0x0000bb80                authunix_create_default
                0x0000bb8c                __aeabi_d2lz
                0x0000bb98                getenv
                0x0000bba4                fchmod
                0x0000bbb0                getegid
                0x0000bbbc                setlinebuf
                0x0000bbc8                setpriority
                0x0000bbd4                getpriority
                0x0000bbe0                bsearch
                0x0000bbec                usleep
                0x0000bbf8                execve
                0x0000bc04                semget
                0x0000bc10                getpagesize
                0x0000bc1c                getpid
                0x0000bc28                qsort
                0x0000bc34                fchown
                0x0000bc40                fscanf
                0x0000bc4c                dirname
                0x0000bc58                fcntl64
                0x0000bc64                getrlimit64
                0x0000bc70                fchdir
                0x0000bc7c                shmat
                0x0000bc88                memcpy
                0x0000bc94                pmap_getport
                0x0000bca0                setvbuf
                0x0000bcac                execl
                0x0000bcb8                readlink
                0x0000bcc4                puts
                0x0000bcd0                dup2
                0x0000bcdc                tcflush
                0x0000bce8                execle
                0x0000bcf4                getuid
                0x0000bd00                semctl
                0x0000bd0c                system
                0x0000bd18                feof
                0x0000bd24                hasmntopt
                0x0000bd30                malloc
                0x0000bd3c                isatty
                0x0000bd48                cfgetispeed
                0x0000bd54                siglongjmp
                0x0000bd60                sleep
                0x0000bd6c                sysinfo
                0x0000bd78                vsnprintf
                0x0000bd84                strtoll
                0x0000bd90                recvfrom
                0x0000bd9c                xdr_bytes
                0x0000bda8                tcdrain
                0x0000bdb4                pivot_root
                0x0000bdc0                strtoul
                0x0000bdcc                mktemp
                0x0000bdd8                gethostbyaddr
                0x0000bde4                settimeofday
                0x0000bdf0                rmdir
                0x0000bdfc                socket
                0x0000be08                select
                0x0000be14                init_module
                0x0000be20                lchown
                0x0000be2c                setgroups
                0x0000be38                delete_module
                0x0000be44                mempcpy
                0x0000be50                fflush
                0x0000be5c                realpath
                0x0000be68                getrpcbyname
                0x0000be74                putenv
                0x0000be80                sigaddset
                0x0000be8c                clearenv
                0x0000be98                chown
                0x0000bea4                strncasecmp
                0x0000beb0                setpgid
                0x0000bebc                send
                0x0000bec8                freeaddrinfo
                0x0000bed4                __fgetc_unlocked
                0x0000bee0                abort
                0x0000beec                gmtime_r
                0x0000bef8                chmod
                0x0000bf04                getnameinfo
                0x0000bf10                fstat64
                0x0000bf1c                alarm
                0x0000bf28                mlock
                0x0000bf34                strtol
                0x0000bf40                __sigsetjmp
                0x0000bf4c                pipe
                0x0000bf58                getpgrp
                0x0000bf64                strnlen
                0x0000bf70                uname
                0x0000bf7c                accept
                0x0000bf88                cfsetispeed
                0x0000bf94                rename
                0x0000bfa0                strrchr
                0x0000bfac                nanosleep
                0x0000bfb8                xdr_enum
                0x0000bfc4                strtod
                0x0000bfd0                gai_strerror
                0x0000bfdc                write
                0x0000bfe8                fprintf
                0x0000bff4                kill
                0x0000c000                fputs_unlocked
                0x0000c00c                ctime
                0x0000c018                strcat
                0x0000c024                bind
                0x0000c030                getmntent_r
                0x0000c03c                inet_addr
                0x0000c048                vprintf
                0x0000c054                umount2
                0x0000c060                mkfifo
                0x0000c06c                if_nametoindex
                0x0000c078                reboot
                0x0000c084                chdir
                0x0000c090                initgroups
                0x0000c09c                pmap_unset
                0x0000c0a8                shmdt
                0x0000c0b4                endgrent
                0x0000c0c0                setsockopt
                0x0000c0cc                wait3
                0x0000c0d8                shmget
                0x0000c0e4                cfsetospeed
                0x0000c0f0                cos
                0x0000c0fc                memchr
                0x0000c108                swapoff
                0x0000c114                wait
                0x0000c120                umask
                0x0000c12c                dprintf
                0x0000c138                mktime
                0x0000c144                strcasestr
                0x0000c150                ferror
                0x0000c15c                strstr
                0x0000c168                unlockpt
                0x0000c174                sin
                0x0000c180                rand
                0x0000c18c                flock
                0x0000c198                setgid
                0x0000c1a4                atan2
                0x0000c1b0                signal
                0x0000c1bc                read
                0x0000c1c8                openlog
                0x0000c1d4                sendmsg
                0x0000c1e0                clntudp_create
                0x0000c1ec                closelog
                0x0000c1f8                strncmp
                0x0000c204                sethostname
                0x0000c210                __cmsg_nxthdr
                0x0000c21c                setpgrp
                0x0000c228                pow
                0x0000c234                strncpy
                0x0000c240                unlink
                0x0000c24c                sync
                0x0000c258                setenv
                0x0000c264                freopen64
                0x0000c270                strcasecmp
                0x0000c27c                sendto
                0x0000c288                realloc
                0x0000c294                __cxa_atexit
                0x0000c2a0                readdir64
                0x0000c2ac                strtok
                0x0000c2b8                memcmp
                0x0000c2c4                listen
                0x0000c2d0                crypt
                0x0000c2dc                xdr_opaque
                0x0000c2e8                fdopen
                0x0000c2f4                fork
                0x0000c300                sscanf
                0x0000c30c                execv
                0x0000c318                setmntent
                0x0000c324                lstat64
                0x0000c330                execlp
                0x0000c33c                sigaction
                0x0000c348                endmntent
                0x0000c354                __res_init
                0x0000c360                killpg
                0x0000c36c                fread
                0x0000c378                ttyname_r
                0x0000c384                __uClibc_main
                0x0000c390                strdup
                0x0000c39c                inet_aton
                0x0000c3a8                strtoull
                0x0000c3b4                regcomp
                0x0000c3c0                symlink
                0x0000c3cc                gettimeofday
                0x0000c3d8                getopt
                0x0000c3e4                localtime
                0x0000c3f0                memset
                0x0000c3fc                fnmatch
                0x0000c408                cfmakeraw
                0x0000c414                getsid
                0x0000c420                srand
                0x0000c42c                clearerr
                0x0000c438                mallopt
                0x0000c444                fclose
                0x0000c450                grantpt
                0x0000c45c                open64
                0x0000c468                xdr_string
                0x0000c474                inet_ntoa
                0x0000c480                getppid
                0x0000c48c                tcgetattr
                0x0000c498                getservbyport
                0x0000c4a4                regexec
                0x0000c4b0                time
                0x0000c4bc                opendir
                0x0000c4c8                getgroups
                0x0000c4d4                poll
                0x0000c4e0                getgrouplist
                0x0000c4ec                syslog
                0x0000c4f8                seteuid
                0x0000c504                exp
                0x0000c510                xdr_u_int
                0x0000c51c                getpwent_r
                0x0000c528                mount
                0x0000c534                strcmp
                0x0000c540                shutdown
                0x0000c54c                pmap_getmaps
                0x0000c558                getpwuid
                0x0000c564                __h_errno_location
                0x0000c570                dup
                0x0000c57c                swapon
                0x0000c588                getcwd
                0x0000c594                __res_state
                0x0000c5a0                gethostbyname
                0x0000c5ac                strsignal
                0x0000c5b8                getpwnam
                0x0000c5c4                getservbyname
                0x0000c5d0                sprintf
                0x0000c5dc                ether_aton_r
                0x0000c5e8                clnttcp_create
                0x0000c5f4                asprintf
                0x0000c600                strcspn
                0x0000c60c                getpeername
                0x0000c618                cfsetspeed
                0x0000c624                scanf
                0x0000c630                regerror
                0x0000c63c                umount
                0x0000c648                vfork
                0x0000c654                sched_getaffinity
                0x0000c660                srandom
                0x0000c66c                strsep
                0x0000c678                fsync
                0x0000c684                fputc
                0x0000c690                clnt_sperror
                0x0000c69c                sched_setaffinity
                0x0000c6a8                getsockopt
                0x0000c6b4                hstrerror
                0x0000c6c0                localtime_r
                0x0000c6cc                getaddrinfo
                0x0000c6d8                lutimes
                0x0000c6e4                strftime
                0x0000c6f0                __aeabi_llsl
                0x0000c6fc                sendfile64
                0x0000c708                mkdtemp
                0x0000c714                getmntent
                0x0000c720                fwrite
                0x0000c72c                access
                0x0000c738                bindresvport
                0x0000c744                strptime
                0x0000c750                tcgetpgrp
                0x0000c75c                __errno_location
                0x0000c768                link
                0x0000c774                semop
                0x0000c780                exit
                0x0000c78c                ether_ntoa
                0x0000c798                stime
                0x0000c7a4                klogctl
                0x0000c7b0                sigdelset
                0x0000c7bc                setbuf
                0x0000c7c8                inet_ntop
                0x0000c7d4                getgrnam
                0x0000c7e0                atoi
                0x0000c7ec                fileno
                0x0000c7f8                _setjmp
                0x0000c804                fgets_unlocked
                0x0000c810                getline
                0x0000c81c                _exit
                0x0000c828                strverscmp
                0x0000c834                gmtime
                0x0000c840                strspn
                0x0000c84c                munlock
                0x0000c858                daemon
                0x0000c864                strlen
                0x0000c870                lseek64
                0x0000c87c                xdr_array
                0x0000c888                ptsname_r
                0x0000c894                regfree
                0x0000c8a0                div
                0x0000c8ac                strchr
                0x0000c8b8                fputs
                0x0000c8c4                execvp
                0x0000c8d0                setsid
                0x0000c8dc                setegid
                0x0000c8e8                closedir
                0x0000c8f4                vasprintf
                0x0000c900                recvmsg
                0x0000c90c                strchrnul
                0x0000c918                tzset
                0x0000c924                setuid
                0x0000c930                gethostid
                0x0000c93c                fseeko64
                0x0000c948                tcsetattr
                0x0000c954                mkdir
                0x0000c960                close
                0x0000c96c                vfprintf
                0x0000c978                strpbrk
                0x0000c984                tcsetpgrp
                0x0000c990                xdr_int
                0x0000c99c                sigsuspend
                0x0000c9a8                raise
                0x0000c9b4                free
                0x0000c9c0                sigprocmask
                0x0000c9cc                __fputc_unlocked
                0x0000c9d8                getsockname
                0x0000c9e4                fopen64
                0x0000c9f0                ftruncate64

.iplt
 *(SORT(.iplt))

.text           0x0000c9fc    0x7e398
 *(SORT(.text.unlikely) SORT(.text.*_unlikely))
 *(SORT(.text) SORT(.stub) SORT(.text.*) SORT(.gnu.linkonce.t.*))
 .text          0x0000c9fc       0x3c /opt/Cortina/toolchain/toolchain-arm_gcc-4.5.1+l_uClibc-0.9.32_eabi/bin/../lib/gcc/arm-openwrt-linux-uclibcgnueabi/4.5.2/../../../../arm-openwrt-linux-uclibcgnueabi/lib/crt1.o
                0x0000c9fc                _start
 .text          0x0000ca38       0x5c /opt/Cortina/toolchain/toolchain-arm_gcc-4.5.1+l_uClibc-0.9.32_eabi/bin/../lib/gcc/arm-openwrt-linux-uclibcgnueabi/4.5.2/crtbegin.o
 .text.applet_name_compare
                0x0000ca94       0x30 libbb/lib.a(appletlib.o)
 .text.find_applet_by_name
                0x0000cac4       0x2c libbb/lib.a(appletlib.o)
                0x0000cac4                find_applet_by_name
 .text.bb_show_usage
                0x0000caf0       0xf0 libbb/lib.a(appletlib.o)
                0x0000caf0                bb_show_usage
 .text.lbb_prepare
                0x0000cbe0       0x2c libbb/lib.a(appletlib.o)
                0x0000cbe0                lbb_prepare
 .text.run_applet_no_and_exit
                0x0000cc0c      0x110 libbb/lib.a(appletlib.o)
                0x0000cc0c                run_applet_no_and_exit
 .text.run_applet_and_exit
                0x0000cd1c      0x208 libbb/lib.a(appletlib.o)
                0x0000cd1c                run_applet_and_exit
 .text.main     0x0000cf24       0x8c libbb/lib.a(appletlib.o)
                0x0000cf24                main
 .text.bb_basename
                0x0000cfb0       0x24 libbb/lib.a(get_last_path_component.o)
                0x0000cfb0                bb_basename
 .text.bb_get_last_path_component_nostrip
                0x0000cfd4       0x3c libbb/lib.a(get_last_path_component.o)
                0x0000cfd4                bb_get_last_path_component_nostrip
 .text.bb_get_last_path_component_strip
                0x0000d010       0x50 libbb/lib.a(get_last_path_component.o)
                0x0000d010                bb_get_last_path_component_strip
 .text.last_char_is
                0x0000d060       0x40 libbb/lib.a(last_char_is.o)
                0x0000d060                last_char_is
 .text.bb_verror_msg
                0x0000d0a0      0x1c4 libbb/lib.a(verror_msg.o)
                0x0000d0a0                bb_verror_msg
 .text.bb_error_msg_and_die
                0x0000d264       0x20 libbb/lib.a(verror_msg.o)
                0x0000d264                bb_error_msg_and_die
 .text.bb_error_msg
                0x0000d284       0x28 libbb/lib.a(verror_msg.o)
                0x0000d284                bb_error_msg
 .text.xfunc_die
                0x0000d2ac       0x50 libbb/lib.a(xfunc_die.o)
                0x0000d2ac                xfunc_die
 .text.wh_helper
                0x0000d2fc       0x54 libbb/lib.a(xfuncs.o)
 .text.ndelay_on
                0x0000d350       0x30 libbb/lib.a(xfuncs.o)
                0x0000d350                ndelay_on
 .text.ndelay_off
                0x0000d380       0x30 libbb/lib.a(xfuncs.o)
                0x0000d380                ndelay_off
 .text.close_on_exec_on
                0x0000d3b0       0x18 libbb/lib.a(xfuncs.o)
                0x0000d3b0                close_on_exec_on
 .text.strncpy_IFNAMSIZ
                0x0000d3c8       0x14 libbb/lib.a(xfuncs.o)
                0x0000d3c8                strncpy_IFNAMSIZ
 .text.utoa_to_buf
                0x0000d3dc       0x98 libbb/lib.a(xfuncs.o)
                0x0000d3dc                utoa_to_buf
 .text.itoa_to_buf
                0x0000d474       0x28 libbb/lib.a(xfuncs.o)
                0x0000d474                itoa_to_buf
 .text.utoa     0x0000d49c       0x2c libbb/lib.a(xfuncs.o)
                0x0000d49c                utoa
 .text.itoa     0x0000d4c8       0x2c libbb/lib.a(xfuncs.o)
                0x0000d4c8                itoa
 .text.bin2hex  0x0000d4f4       0x54 libbb/lib.a(xfuncs.o)
                0x0000d4f4                bin2hex
 .text.hex2bin  0x0000d548       0xe8 libbb/lib.a(xfuncs.o)
                0x0000d548                hex2bin
 .text.bb_putchar_stderr
                0x0000d630       0x20 libbb/lib.a(xfuncs.o)
                0x0000d630                bb_putchar_stderr
 .text.full_write1_str
                0x0000d650       0x24 libbb/lib.a(xfuncs.o)
                0x0000d650                full_write1_str
 .text.full_write2_str
                0x0000d674       0x24 libbb/lib.a(xfuncs.o)
                0x0000d674                full_write2_str
 .text.get_terminal_width_height
                0x0000d698       0xa0 libbb/lib.a(xfuncs.o)
                0x0000d698                get_terminal_width_height
 .text.tcsetattr_stdin_TCSANOW
                0x0000d738       0x1c libbb/lib.a(xfuncs.o)
                0x0000d738                tcsetattr_stdin_TCSANOW
 .text.safe_waitpid
                0x0000d754       0x48 libbb/lib.a(xfuncs.o)
                0x0000d754                safe_waitpid
 .text.wait_any_nohang
                0x0000d79c       0x10 libbb/lib.a(xfuncs.o)
                0x0000d79c                wait_any_nohang
 .text.wait4pid
                0x0000d7ac       0x58 libbb/lib.a(xfuncs.o)
                0x0000d7ac                wait4pid
 .text.malloc_or_warn
                0x0000d804       0x3c libbb/lib.a(xfuncs_printf.o)
                0x0000d804                malloc_or_warn
 .text.xmalloc  0x0000d840       0x34 libbb/lib.a(xfuncs_printf.o)
                0x0000d840                xmalloc
 .text.xrealloc
                0x0000d874       0x34 libbb/lib.a(xfuncs_printf.o)
                0x0000d874                xrealloc
 .text.xzalloc  0x0000d8a8       0x28 libbb/lib.a(xfuncs_printf.o)
                0x0000d8a8                xzalloc
 .text.xstrdup  0x0000d8d0       0x30 libbb/lib.a(xfuncs_printf.o)
                0x0000d8d0                xstrdup
 .text.xstrndup
                0x0000d900       0x54 libbb/lib.a(xfuncs_printf.o)
                0x0000d900                xstrndup
 .text.xfopen   0x0000d954       0x28 libbb/lib.a(xfuncs_printf.o)
                0x0000d954                xfopen
 .text.xopen3   0x0000d97c       0x28 libbb/lib.a(xfuncs_printf.o)
                0x0000d97c                xopen3
 .text.xopen    0x0000d9a4        0xc libbb/lib.a(xfuncs_printf.o)
                0x0000d9a4                xopen
 .text.open3_or_warn
                0x0000d9b0       0x2c libbb/lib.a(xfuncs_printf.o)
                0x0000d9b0                open3_or_warn
 .text.open_or_warn
                0x0000d9dc        0xc libbb/lib.a(xfuncs_printf.o)
                0x0000d9dc                open_or_warn
 .text.xopen_nonblocking
                0x0000d9e8        0x8 libbb/lib.a(xfuncs_printf.o)
                0x0000d9e8                xopen_nonblocking
 .text.xunlink  0x0000d9f0       0x28 libbb/lib.a(xfuncs_printf.o)
                0x0000d9f0                xunlink
 .text.xrename  0x0000da18       0x30 libbb/lib.a(xfuncs_printf.o)
                0x0000da18                xrename
 .text.xpipe    0x0000da48       0x20 libbb/lib.a(xfuncs_printf.o)
                0x0000da48                xpipe
 .text.xdup2    0x0000da68       0x24 libbb/lib.a(xfuncs_printf.o)
                0x0000da68                xdup2
 .text.xmove_fd
                0x0000da8c       0x24 libbb/lib.a(xfuncs_printf.o)
                0x0000da8c                xmove_fd
 .text.xwrite   0x0000dab0       0x28 libbb/lib.a(xfuncs_printf.o)
                0x0000dab0                xwrite
 .text.xwrite_str
                0x0000dad8       0x28 libbb/lib.a(xfuncs_printf.o)
                0x0000dad8                xwrite_str
 .text.xclose   0x0000db00       0x20 libbb/lib.a(xfuncs_printf.o)
                0x0000db00                xclose
 .text.xlseek   0x0000db20       0x68 libbb/lib.a(xfuncs_printf.o)
                0x0000db20                xlseek
 .text.xmkstemp
                0x0000db88       0x28 libbb/lib.a(xfuncs_printf.o)
                0x0000db88                xmkstemp
 .text.die_if_ferror
                0x0000dbb0       0x28 libbb/lib.a(xfuncs_printf.o)
                0x0000dbb0                die_if_ferror
 .text.die_if_ferror_stdout
                0x0000dbd8       0x18 libbb/lib.a(xfuncs_printf.o)
                0x0000dbd8                die_if_ferror_stdout
 .text.fflush_all
                0x0000dbf0       0x14 libbb/lib.a(xfuncs_printf.o)
                0x0000dbf0                fflush_all
 .text.bb_putchar
                0x0000dc04       0x34 libbb/lib.a(xfuncs_printf.o)
                0x0000dc04                bb_putchar
 .text.xasprintf
                0x0000dc38       0x3c libbb/lib.a(xfuncs_printf.o)
                0x0000dc38                xasprintf
 .text.xsetenv  0x0000dc74       0x24 libbb/lib.a(xfuncs_printf.o)
                0x0000dc74                xsetenv
 .text.bb_unsetenv
                0x0000dc98       0x48 libbb/lib.a(xfuncs_printf.o)
                0x0000dc98                bb_unsetenv
 .text.bb_unsetenv_and_free
                0x0000dce0       0x1c libbb/lib.a(xfuncs_printf.o)
                0x0000dce0                bb_unsetenv_and_free
 .text.xsetgid  0x0000dcfc       0x20 libbb/lib.a(xfuncs_printf.o)
                0x0000dcfc                xsetgid
 .text.xsetuid  0x0000dd1c       0x20 libbb/lib.a(xfuncs_printf.o)
                0x0000dd1c                xsetuid
 .text.xsetegid
                0x0000dd3c       0x20 libbb/lib.a(xfuncs_printf.o)
                0x0000dd3c                xsetegid
 .text.xseteuid
                0x0000dd5c       0x20 libbb/lib.a(xfuncs_printf.o)
                0x0000dd5c                xseteuid
 .text.xopen_as_uid_gid
                0x0000dd7c       0x60 libbb/lib.a(xfuncs_printf.o)
                0x0000dd7c                xopen_as_uid_gid
 .text.xchdir   0x0000dddc       0x28 libbb/lib.a(xfuncs_printf.o)
                0x0000dddc                xchdir
 .text.xchroot  0x0000de04       0x30 libbb/lib.a(xfuncs_printf.o)
                0x0000de04                xchroot
 .text.warn_opendir
                0x0000de34       0x2c libbb/lib.a(xfuncs_printf.o)
                0x0000de34                warn_opendir
 .text.xopendir
                0x0000de60       0x28 libbb/lib.a(xfuncs_printf.o)
                0x0000de60                xopendir
 .text.xsocket  0x0000de88       0x70 libbb/lib.a(xfuncs_printf.o)
                0x0000de88                xsocket
 .text.xbind    0x0000def8       0x20 libbb/lib.a(xfuncs_printf.o)
                0x0000def8                xbind
 .text.xlisten  0x0000df18       0x20 libbb/lib.a(xfuncs_printf.o)
                0x0000df18                xlisten
 .text.xsendto  0x0000df38       0x30 libbb/lib.a(xfuncs_printf.o)
                0x0000df38                xsendto
 .text.xstat    0x0000df68       0x28 libbb/lib.a(xfuncs_printf.o)
                0x0000df68                xstat
 .text.xfstat   0x0000df90       0x20 libbb/lib.a(xfuncs_printf.o)
                0x0000df90                xfstat
 .text.ioctl_or_perror_and_die
                0x0000dfb0       0x50 libbb/lib.a(xfuncs_printf.o)
                0x0000dfb0                ioctl_or_perror_and_die
 .text.ioctl_or_perror
                0x0000e000       0x50 libbb/lib.a(xfuncs_printf.o)
                0x0000e000                ioctl_or_perror
 .text.bb_ioctl_or_warn
                0x0000e050       0x24 libbb/lib.a(xfuncs_printf.o)
                0x0000e050                bb_ioctl_or_warn
 .text.bb_xioctl
                0x0000e074       0x20 libbb/lib.a(xfuncs_printf.o)
                0x0000e074                bb_xioctl
 .text.xmalloc_ttyname
                0x0000e094       0x30 libbb/lib.a(xfuncs_printf.o)
                0x0000e094                xmalloc_ttyname
 .text.generate_uuid
                0x0000e0c4       0xa8 libbb/lib.a(xfuncs_printf.o)
                0x0000e0c4                generate_uuid
 .text.xfork    0x0000e16c       0x20 libbb/lib.a(xfuncs_printf.o)
                0x0000e16c                xfork
 .text.bb_full_fd_action
                0x0000e18c      0x13c libbb/lib.a(copyfd.o)
 .text.bb_copyfd_size
                0x0000e2c8       0x2c libbb/lib.a(copyfd.o)
                0x0000e2c8                bb_copyfd_size
 .text.bb_copyfd_exact_size
                0x0000e2f4       0x5c libbb/lib.a(copyfd.o)
                0x0000e2f4                bb_copyfd_exact_size
 .text.bb_copyfd_eof
                0x0000e350        0xc libbb/lib.a(copyfd.o)
                0x0000e350                bb_copyfd_eof
 .text.full_write
                0x0000e35c       0x5c libbb/lib.a(full_write.o)
                0x0000e35c                full_write
 .text.bb_perror_msg
                0x0000e3b8       0x44 libbb/lib.a(perror_msg.o)
                0x0000e3b8                bb_perror_msg
 .text.bb_perror_msg_and_die
                0x0000e3fc       0x3c libbb/lib.a(perror_msg.o)
                0x0000e3fc                bb_perror_msg_and_die
 .text.bb_simple_perror_msg
                0x0000e438       0x10 libbb/lib.a(perror_msg.o)
                0x0000e438                bb_simple_perror_msg
 .text.bb_simple_perror_msg_and_die
                0x0000e448       0x14 libbb/lib.a(perror_msg.o)
                0x0000e448                bb_simple_perror_msg_and_die
 .text.safe_read
                0x0000e45c       0x48 libbb/lib.a(read.o)
                0x0000e45c                safe_read
 .text.full_read
                0x0000e4a4       0x60 libbb/lib.a(read.o)
                0x0000e4a4                full_read
 .text.read_close
                0x0000e504       0x24 libbb/lib.a(read.o)
                0x0000e504                read_close
 .text.open_read_close
                0x0000e528       0x34 libbb/lib.a(read.o)
                0x0000e528                open_read_close
 .text.safe_write
                0x0000e55c       0x48 libbb/lib.a(safe_write.o)
                0x0000e55c                safe_write
 .text.strftime_fmt
                0x0000e5a4       0x48 libbb/lib.a(time.o)
 .text.parse_datestr
                0x0000e5ec      0x420 libbb/lib.a(time.o)
                0x0000e5ec                parse_datestr
 .text.validate_tm_time
                0x0000ea0c       0x2c libbb/lib.a(time.o)
                0x0000ea0c                validate_tm_time
 .text.strftime_HHMMSS
                0x0000ea38        0xc libbb/lib.a(time.o)
                0x0000ea38                strftime_HHMMSS
 .text.monotonic_us
                0x0000ea44       0x34 libbb/lib.a(time.o)
                0x0000ea44                monotonic_us
 .text.monotonic_ms
                0x0000ea78       0x40 libbb/lib.a(time.o)
                0x0000ea78                monotonic_ms
 .text.monotonic_sec
                0x0000eab8       0x14 libbb/lib.a(time.o)
                0x0000eab8                monotonic_sec
 .text.ret_ERANGE
                0x0000eacc       0x20 libbb/lib.a(bb_strtonum.o)
 .text.handle_errors.clone.0
                0x0000eaec       0x50 libbb/lib.a(bb_strtonum.o)
 .text.bb_strtoull
                0x0000eb3c       0x64 libbb/lib.a(bb_strtonum.o)
                0x0000eb3c                bb_strtoull
 .text.bb_strtoll
                0x0000eba0       0x70 libbb/lib.a(bb_strtonum.o)
                0x0000eba0                bb_strtoll
 .text.bb_strtoul
                0x0000ec10       0x68 libbb/lib.a(bb_strtonum.o)
                0x0000ec10                bb_strtoul
 .text.bb_strtol
                0x0000ec78       0x74 libbb/lib.a(bb_strtonum.o)
                0x0000ec78                bb_strtol
 .text.addgroup_main
                0x0000ecec      0x1e0 loginutils/lib.a(addgroup.o)
                0x0000ecec                addgroup_main
 .text.addgroup_wrapper
                0x0000eecc       0x80 loginutils/lib.a(adduser.o)
 .text.adduser_main
                0x0000ef4c      0x410 loginutils/lib.a(adduser.o)
                0x0000ef4c                adduser_main
 .text.deluser_main
                0x0000f35c      0x158 loginutils/lib.a(deluser.o)
                0x0000f35c                deluser_main
 .text.bcode    0x0000f4b4       0x2c loginutils/lib.a(getty.o)
 .text.set_tty_attrs
                0x0000f4e0       0x30 loginutils/lib.a(getty.o)
 .text.finalize_tty_attrs
                0x0000f510       0x8c loginutils/lib.a(getty.o)
 .text.alarm_handler
                0x0000f59c       0x10 loginutils/lib.a(getty.o)
 .text.getty_main
                0x0000f5ac      0x7dc loginutils/lib.a(getty.o)
                0x0000f5ac                getty_main
 .text.alarm_handler
                0x0000fd88       0x3c loginutils/lib.a(login.o)
 .text.login_main
                0x0000fdc4      0x37c loginutils/lib.a(login.o)
                0x0000fdc4                login_main
 .text.passwd_main
                0x00010140      0x3ac loginutils/lib.a(passwd.o)
                0x00010140                passwd_main
 .text.delete_cronfile
                0x000104ec       0xb4 miscutils/lib.a(crond.o)
 .text.crondlog
                0x000105a0       0xe0 miscutils/lib.a(crond.o)
 .text.ParseField
                0x00010680      0x234 miscutils/lib.a(crond.o)
 .text.load_crontab
                0x000108b4      0x308 miscutils/lib.a(crond.o)
 .text.rescan_crontab_dir
                0x00010bbc       0xc4 miscutils/lib.a(crond.o)
 .text.safe_setenv
                0x00010c80       0x40 miscutils/lib.a(crond.o)
 .text.fork_job
                0x00010cc0      0x1c4 miscutils/lib.a(crond.o)
 .text.crond_main
                0x00010e84      0x67c miscutils/lib.a(crond.o)
                0x00010e84                crond_main
 .text.edit_file
                0x00011500       0xc0 miscutils/lib.a(crontab.o)
 .text.crontab_main
                0x000115c0      0x2b8 miscutils/lib.a(crontab.o)
                0x000115c0                crontab_main
 .text.parse_opts
                0x00011878       0x34 miscutils/lib.a(hdparm.o)
 .text.parse_opts_0_1
                0x000118ac        0xc miscutils/lib.a(hdparm.o)
 .text.parse_opts_0_max
                0x000118b8        0xc miscutils/lib.a(hdparm.o)
 .text.parse_opts_0_INTMAX
                0x000118c4        0xc miscutils/lib.a(hdparm.o)
 .text.parse_xfermode
                0x000118d0       0xc0 miscutils/lib.a(hdparm.o)
 .text.read_big_block
                0x00011990       0x3c miscutils/lib.a(hdparm.o)
 .text.xprint_ascii
                0x000119cc       0x94 miscutils/lib.a(hdparm.o)
 .text.mode_loop
                0x00011a60       0x88 miscutils/lib.a(hdparm.o)
 .text.print_flag
                0x00011ae8       0x1c miscutils/lib.a(hdparm.o)
 .text.on_off   0x00011b04       0x2c miscutils/lib.a(hdparm.o)
 .text.print_flag_on_off
                0x00011b30       0x30 miscutils/lib.a(hdparm.o)
 .text.print_value_on_off
                0x00011b60       0x30 miscutils/lib.a(hdparm.o)
 .text.bus_state_value
                0x00011b90       0x4c miscutils/lib.a(hdparm.o)
 .text.identify
                0x00011bdc     0x1224 miscutils/lib.a(hdparm.o)
 .text.identify_from_stdin
                0x00012e00       0x9c miscutils/lib.a(hdparm.o)
 .text.dump_identity
                0x00012e9c      0x48c miscutils/lib.a(hdparm.o)
 .text.seek_to_zero
                0x00013328       0x24 miscutils/lib.a(hdparm.o)
 .text.flush_buffer_cache
                0x0001334c       0x74 miscutils/lib.a(hdparm.o)
 .text.do_time  0x000133c0      0x1fc miscutils/lib.a(hdparm.o)
 .text.ioctl_alt_func.clone.0
                0x000135bc       0x4c miscutils/lib.a(hdparm.o)
 .text.process_dev
                0x00013608      0xe18 miscutils/lib.a(hdparm.o)
 .text.hdparm_main
                0x00014420      0x458 miscutils/lib.a(hdparm.o)
                0x00014420                hdparm_main
 .text.clear_line
                0x00014878       0x2c miscutils/lib.a(less.o)
 .text.print_statusline
                0x000148a4       0x38 miscutils/lib.a(less.o)
 .text.read_lines
                0x000148dc      0x2dc miscutils/lib.a(less.o)
 .text.move_cursor
                0x00014bb8       0x24 miscutils/lib.a(less.o)
 .text.print_hilite
                0x00014bdc       0x1c miscutils/lib.a(less.o)
 .text.print_ascii
                0x00014bf8      0x18c miscutils/lib.a(less.o)
 .text.status_print
                0x00014d84       0x90 miscutils/lib.a(less.o)
 .text.buffer_print
                0x00014e14       0x48 miscutils/lib.a(less.o)
 .text.buffer_fill_and_print
                0x00014e5c       0x78 miscutils/lib.a(less.o)
 .text.reinitialize
                0x00014ed4       0xbc miscutils/lib.a(less.o)
 .text.change_file
                0x00014f90       0x80 miscutils/lib.a(less.o)
 .text.buffer_down
                0x00015010       0x84 miscutils/lib.a(less.o)
 .text.buffer_up
                0x00015094       0x34 miscutils/lib.a(less.o)
 .text.buffer_line
                0x000150c8       0x44 miscutils/lib.a(less.o)
 .text.set_tty_cooked
                0x0001510c       0x2c miscutils/lib.a(less.o)
 .text.less_exit
                0x00015138       0x24 miscutils/lib.a(less.o)
 .text.getch_nowait
                0x0001515c      0x108 miscutils/lib.a(less.o)
 .text.less_getch
                0x00015264       0x50 miscutils/lib.a(less.o)
 .text.less_gets
                0x000152b4       0xd0 miscutils/lib.a(less.o)
 .text.sig_catcher
                0x00015384        0x8 miscutils/lib.a(less.o)
 .text.examine_file
                0x0001538c       0x90 miscutils/lib.a(less.o)
 .text.less_main
                0x0001541c      0x748 miscutils/lib.a(less.o)
                0x0001541c                less_main
 .text.exit_unlock
                0x00015b64       0x20 miscutils/lib.a(lock.o)
 .text.lock_main
                0x00015b84      0x2b4 miscutils/lib.a(lock.o)
                0x00015b84                lock_main
 .text.next_good_eraseblock
                0x00015e38       0xa4 miscutils/lib.a(nandwrite.o)
 .text.dump_bad
                0x00015edc       0x84 miscutils/lib.a(nandwrite.o)
 .text.nandwrite_main
                0x00015f60      0x43c miscutils/lib.a(nandwrite.o)
                0x00015f60                nandwrite_main
 .text.serial_open
                0x0001639c       0x38 miscutils/lib.a(setserial.o)
 .text.index_in_strings_case_insensitive
                0x000163d4       0x58 miscutils/lib.a(setserial.o)
 .text.get_numeric
                0x0001642c       0x18 miscutils/lib.a(setserial.o)
 .text.serial_ctl
                0x00016444       0xc4 miscutils/lib.a(setserial.o)
 .text.print_flag
                0x00016508       0x30 miscutils/lib.a(setserial.o)
 .text.setserial_main
                0x00016538      0x5a0 miscutils/lib.a(setserial.o)
                0x00016538                setserial_main
 .text.strings_main
                0x00016ad8      0x1e4 miscutils/lib.a(strings.o)
                0x00016ad8                strings_main
 .text.taskset_main
                0x00016cbc      0x260 miscutils/lib.a(taskset.o)
                0x00016cbc                taskset_main
 .text.ptok     0x00016f1c       0x34 miscutils/lib.a(time.o)
 .text.run_command
                0x00016f50       0xe0 miscutils/lib.a(time.o)
 .text.time_main
                0x00017030      0x63c miscutils/lib.a(time.o)
                0x00017030                time_main
 .text.get_num_from_file
                0x0001766c       0x7c miscutils/lib.a(ubi_tools.o)
 .text.ubi_tools_main
                0x000176e8      0x464 miscutils/lib.a(ubi_tools.o)
                0x000176e8                ubi_tools_main
 .text.watchdog_shutdown
                0x00017b4c       0x3c miscutils/lib.a(watchdog.o)
 .text.watchdog_main
                0x00017b88      0x144 miscutils/lib.a(watchdog.o)
                0x00017b88                watchdog_main
 .text.order_dep_list
                0x00017ccc       0x98 modutils/lib.a(depmod.o)
 .text.parse_module
                0x00017d64      0x114 modutils/lib.a(depmod.o)
 .text.depmod_main
                0x00017e78      0x1d0 modutils/lib.a(depmod.o)
                0x00017e78                depmod_main
 .text.insmod_main
                0x00018048       0x54 modutils/lib.a(insmod.o)
                0x00018048                insmod_main
 .text.lsmod_main
                0x0001809c      0x10c modutils/lib.a(lsmod.o)
                0x0001809c                lsmod_main
 .text.humanly_readable_name
                0x000181a8       0x14 modutils/lib.a(modprobe.o)
 .text.read_config
                0x000181bc       0x2c modutils/lib.a(modprobe.o)
 .text.helper_get_module
                0x000181e8       0xb8 modutils/lib.a(modprobe.o)
 .text.add_probe
                0x000182a0       0x6c modutils/lib.a(modprobe.o)
 .text.gather_options_str
                0x0001830c       0x6c modutils/lib.a(modprobe.o)
 .text.config_file_action
                0x00018378      0x1fc modutils/lib.a(modprobe.o)
 .text.do_modprobe
                0x00018574      0x2c8 modutils/lib.a(modprobe.o)
 .text.modprobe_main
                0x0001883c      0x420 modutils/lib.a(modprobe.o)
                0x0001883c                modprobe_main
 .text.replace  0x00018c5c       0x1c modutils/lib.a(modutils.o)
                0x00018c5c                replace
 .text.string_to_llist
                0x00018c78       0x64 modutils/lib.a(modutils.o)
                0x00018c78                string_to_llist
 .text.filename2modname
                0x00018cdc       0x78 modutils/lib.a(modutils.o)
                0x00018cdc                filename2modname
 .text.parse_cmdline_module_options
                0x00018d54       0xc4 modutils/lib.a(modutils.o)
                0x00018d54                parse_cmdline_module_options
 .text.bb_init_module
                0x00018e18       0x78 modutils/lib.a(modutils.o)
                0x00018e18                bb_init_module
 .text.bb_delete_module
                0x00018e90       0x28 modutils/lib.a(modutils.o)
                0x00018e90                bb_delete_module
 .text.moderror
                0x00018eb8       0x70 modutils/lib.a(modutils.o)
                0x00018eb8                moderror
 .text.rmmod_main
                0x00018f28       0xf4 modutils/lib.a(rmmod.o)
                0x00018f28                rmmod_main
 .text.arp_show
                0x0001901c      0x2e0 networking/lib.a(arp.o)
 .text.arp_main
                0x000192fc      0x624 networking/lib.a(arp.o)
                0x000192fc                arp_main
 .text.finish   0x00019920       0xa0 networking/lib.a(arping.o)
 .text.catcher  0x000199c0      0x188 networking/lib.a(arping.o)
 .text.arping_main
                0x00019b48      0x788 networking/lib.a(arping.o)
                0x00019b48                arping_main
 .text.replace_char
                0x0001a2d0       0x30 networking/lib.a(ftpd.o)
 .text.pasv_active
                0x0001a300       0x1c networking/lib.a(ftpd.o)
 .text.verbose_log
                0x0001a31c       0x30 networking/lib.a(ftpd.o)
 .text.cmdio_write_ok
                0x0001a34c       0x40 networking/lib.a(ftpd.o)
 .text.cmdio_write_error
                0x0001a38c       0x40 networking/lib.a(ftpd.o)
 .text.escape_text
                0x0001a3cc       0xa4 networking/lib.a(ftpd.o)
 .text.cmdio_write
                0x0001a470       0x70 networking/lib.a(ftpd.o)
 .text.handle_cwd
                0x0001a4e0       0x44 networking/lib.a(ftpd.o)
 .text.cmdio_write_raw
                0x0001a524       0x3c networking/lib.a(ftpd.o)
 .text.port_or_pasv_was_seen
                0x0001a560       0x44 networking/lib.a(ftpd.o)
 .text.port_pasv_cleanup
                0x0001a5a4       0x38 networking/lib.a(ftpd.o)
 .text.get_remote_transfer_fd
                0x0001a5dc       0x94 networking/lib.a(ftpd.o)
 .text.handle_dir_common
                0x0001a670      0x1b0 networking/lib.a(ftpd.o)
 .text.bind_for_passive_mode
                0x0001a820       0x98 networking/lib.a(ftpd.o)
 .text.timeout_handler
                0x0001a8b8       0x94 networking/lib.a(ftpd.o)
 .text.handle_upload_common
                0x0001a94c      0x19c networking/lib.a(ftpd.o)
 .text.ftpd_main
                0x0001aae8      0xae4 networking/lib.a(ftpd.o)
                0x0001aae8                ftpd_main
 .text.ftp_die  0x0001b5cc       0x54 networking/lib.a(ftpgetput.o)
 .text.ftpcmd   0x0001b620       0xcc networking/lib.a(ftpgetput.o)
 .text.xconnect_ftpdata
                0x0001b6ec       0xb8 networking/lib.a(ftpgetput.o)
 .text.pump_data_and_QUIT
                0x0001b7a4       0x70 networking/lib.a(ftpgetput.o)
 .text.ftp_receive
                0x0001b814      0x16c networking/lib.a(ftpgetput.o)
 .text.ftp_send
                0x0001b980       0x70 networking/lib.a(ftpgetput.o)
 .text.ftpgetput_main
                0x0001b9f0      0x1d8 networking/lib.a(ftpgetput.o)
                0x0001b9f0                ftpgetput_main
 .text.do_sethostname
                0x0001bbc8       0x84 networking/lib.a(hostname.o)
 .text.hostname_main
                0x0001bc4c      0x170 networking/lib.a(hostname.o)
                0x0001bc4c                hostname_main
 .text.scan_ip  0x0001bdbc       0xd0 networking/lib.a(httpd.o)
 .text.checkPermIP
                0x0001be8c       0x5c networking/lib.a(httpd.o)
 .text.free_llist
                0x0001bee8       0x30 networking/lib.a(httpd.o)
 .text.parse_conf
                0x0001bf18      0x5c0 networking/lib.a(httpd.o)
 .text.sighup_handler
                0x0001c4d8       0x10 networking/lib.a(httpd.o)
 .text.get_line
                0x0001c4e8       0xb0 networking/lib.a(httpd.o)
 .text.check_user_passwd
                0x0001c598      0x1cc networking/lib.a(httpd.o)
 .text.log_and_exit
                0x0001c764       0x40 networking/lib.a(httpd.o)
 .text.cgi_io_loop_and_exit
                0x0001c7a4      0x278 networking/lib.a(httpd.o)
 .text.setenv1  0x0001ca1c       0x24 networking/lib.a(httpd.o)
 .text.send_file_and_exit
                0x0001ca40      0x3f8 networking/lib.a(httpd.o)
 .text.send_headers
                0x0001ce38      0x34c networking/lib.a(httpd.o)
 .text.send_headers_and_exit
                0x0001d184       0x20 networking/lib.a(httpd.o)
 .text.send_cgi_and_exit
                0x0001d1a4      0x414 networking/lib.a(httpd.o)
 .text.send_REQUEST_TIMEOUT_and_exit
                0x0001d5b8        0xc networking/lib.a(httpd.o)
 .text.handle_incoming_and_exit
                0x0001d5c4      0xc14 networking/lib.a(httpd.o)
 .text.httpd_main
                0x0001e1d8      0x3a0 networking/lib.a(httpd.o)
                0x0001e1d8                httpd_main
 .text.ifconfig_main
                0x0001e578      0x4c8 networking/lib.a(ifconfig.o)
                0x0001e578                ifconfig_main
 .text.manual_up_down6
                0x0001ea40        0x8 networking/lib.a(ifupdown.o)
 .text.manual_up_down
                0x0001ea48        0x8 networking/lib.a(ifupdown.o)
 .text.check    0x0001ea50        0xc networking/lib.a(ifupdown.o)
 .text.strncmpz
                0x0001ea5c       0x24 networking/lib.a(ifupdown.o)
 .text.get_var  0x0001ea80       0x90 networking/lib.a(ifupdown.o)
 .text.find_iface_state
                0x0001eb10       0x5c networking/lib.a(ifupdown.o)
 .text.addstr   0x0001eb6c       0x5c networking/lib.a(ifupdown.o)
 .text.execute  0x0001ebc8      0x308 networking/lib.a(ifupdown.o)
 .text.loopback_down6
                0x0001eed0       0x18 networking/lib.a(ifupdown.o)
 .text.loopback_up6
                0x0001eee8       0x50 networking/lib.a(ifupdown.o)
 .text.static_down6
                0x0001ef38       0x18 networking/lib.a(ifupdown.o)
 .text.static_up6
                0x0001ef50       0x68 networking/lib.a(ifupdown.o)
 .text.v4tunnel_down
                0x0001efb8       0x18 networking/lib.a(ifupdown.o)
 .text.v4tunnel_up
                0x0001efd0       0x80 networking/lib.a(ifupdown.o)
 .text.loopback_down
                0x0001f050       0x50 networking/lib.a(ifupdown.o)
 .text.loopback_up
                0x0001f0a0       0x50 networking/lib.a(ifupdown.o)
 .text.bootp_up
                0x0001f0f0       0x18 networking/lib.a(ifupdown.o)
 .text.static_down
                0x0001f108       0x50 networking/lib.a(ifupdown.o)
 .text.static_up
                0x0001f158       0x68 networking/lib.a(ifupdown.o)
 .text.ppp_down
                0x0001f1c0       0x18 networking/lib.a(ifupdown.o)
 .text.ppp_up   0x0001f1d8       0x18 networking/lib.a(ifupdown.o)
 .text.wvdial_down
                0x0001f1f0       0x18 networking/lib.a(ifupdown.o)
 .text.wvdial_up
                0x0001f208       0x18 networking/lib.a(ifupdown.o)
 .text.dhcp_up  0x0001f220       0x90 networking/lib.a(ifupdown.o)
 .text.dhcp_down
                0x0001f2b0       0x94 networking/lib.a(ifupdown.o)
 .text.next_word
                0x0001f344       0x5c networking/lib.a(ifupdown.o)
 .text.popen2   0x0001f3a0       0xbc networking/lib.a(ifupdown.o)
 .text.read_iface_state
                0x0001f45c       0x64 networking/lib.a(ifupdown.o)
 .text.setlocalenv
                0x0001f4c0       0x88 networking/lib.a(ifupdown.o)
 .text.set_environ
                0x0001f548      0x16c networking/lib.a(ifupdown.o)
 .text.doit     0x0001f6b4       0xb4 networking/lib.a(ifupdown.o)
 .text.execute_all
                0x0001f768       0x70 networking/lib.a(ifupdown.o)
 .text.iface_up
                0x0001f7d8       0xb0 networking/lib.a(ifupdown.o)
 .text.iface_down
                0x0001f888       0xb0 networking/lib.a(ifupdown.o)
 .text.read_interfaces
                0x0001f938      0x530 networking/lib.a(ifupdown.o)
 .text.ifupdown_main
                0x0001fe68      0x4ec networking/lib.a(ifupdown.o)
                0x0001fe68                ifupdown_main
 .text.remove_fd_from_set
                0x00020354       0x40 networking/lib.a(inetd.o)
 .text.init_ring
                0x00020394       0x30 networking/lib.a(inetd.o)
 .text.discard_dg
                0x000203c4       0x24 networking/lib.a(inetd.o)
 .text.maybe_close
                0x000203e8       0x14 networking/lib.a(inetd.o)
 .text.free_servtab_strings
                0x000203fc       0x64 networking/lib.a(inetd.o)
 .text.bump_nofile
                0x00020460       0xbc networking/lib.a(inetd.o)
 .text.add_fd_to_set
                0x0002051c       0x80 networking/lib.a(inetd.o)
 .text.block_CHLD_HUP_ALRM
                0x0002059c       0x4c networking/lib.a(inetd.o)
 .text.restore_sigmask
                0x000205e8       0x1c networking/lib.a(inetd.o)
 .text.rearm_alarm
                0x00020604       0x2c networking/lib.a(inetd.o)
 .text.xzalloc_lsa
                0x00020630       0x38 networking/lib.a(inetd.o)
 .text.new_servtab
                0x00020668       0x1c networking/lib.a(inetd.o)
 .text.unregister_rpc
                0x00020684       0x4c networking/lib.a(inetd.o)
 .text.clean_up_and_exit
                0x000206d0       0x84 networking/lib.a(inetd.o)
 .text.reap_child
                0x00020754       0xc8 networking/lib.a(inetd.o)
 .text.daytime_dg
                0x0002081c       0xb4 networking/lib.a(inetd.o)
 .text.daytime_stream
                0x000208d0       0x3c networking/lib.a(inetd.o)
 .text.machtime
                0x0002090c       0x40 networking/lib.a(inetd.o)
 .text.machtime_dg
                0x0002094c       0x88 networking/lib.a(inetd.o)
 .text.machtime_stream
                0x000209d4       0x28 networking/lib.a(inetd.o)
 .text.chargen_dg
                0x000209fc      0x104 networking/lib.a(inetd.o)
 .text.chargen_stream
                0x00020b00       0x9c networking/lib.a(inetd.o)
 .text.discard_stream
                0x00020b9c       0x30 networking/lib.a(inetd.o)
 .text.echo_stream
                0x00020bcc       0x40 networking/lib.a(inetd.o)
 .text.echo_dg  0x00020c0c       0x90 networking/lib.a(inetd.o)
 .text.register_rpc
                0x00020c9c       0xd0 networking/lib.a(inetd.o)
 .text.prepare_socket_fd
                0x00020d6c      0x158 networking/lib.a(inetd.o)
 .text.reread_config_file
                0x00020ec4      0x9a8 networking/lib.a(inetd.o)
 .text.retry_network_setup
                0x0002186c       0x7c networking/lib.a(inetd.o)
 .text.inetd_main
                0x000218e8      0x8f4 networking/lib.a(inetd.o)
                0x000218e8                inetd_main
 .text.get_afntype
                0x000221dc       0x2c networking/lib.a(interface.o)
 .text.add_interface
                0x00022208       0x94 networking/lib.a(interface.o)
 .text.if_readconf
                0x0002229c       0xd0 networking/lib.a(interface.o)
 .text.if_readlist_proc
                0x0002236c      0x2a0 networking/lib.a(interface.o)
 .text.do_if_fetch
                0x0002260c      0x308 networking/lib.a(interface.o)
 .text.print_bytes_scaled
                0x00022914       0xa4 networking/lib.a(interface.o)
 .text.UNSPEC_print
                0x000229b8       0x74 networking/lib.a(interface.o)
 .text.UNSPEC_sprint
                0x00022a2c       0x28 networking/lib.a(interface.o)
 .text.INET6_input
                0x00022a54       0x10 networking/lib.a(interface.o)
 .text.INET6_sprint
                0x00022a64       0x50 networking/lib.a(interface.o)
 .text.INET_input
                0x00022ab4       0x14 networking/lib.a(interface.o)
 .text.INET_sprint
                0x00022ac8       0x54 networking/lib.a(interface.o)
 .text.ether_print
                0x00022b1c       0x5c networking/lib.a(interface.o)
 .text.get_aftype
                0x00022b78       0x40 networking/lib.a(interface.o)
                0x00022b78                get_aftype
 .text.get_hwtype
                0x00022bb8       0x40 networking/lib.a(interface.o)
                0x00022bb8                get_hwtype
 .text.get_hwntype
                0x00022bf8       0x2c networking/lib.a(interface.o)
                0x00022bf8                get_hwntype
 .text.ife_print
                0x00022c24      0x5c0 networking/lib.a(interface.o)
 .text.display_interfaces
                0x000231e4       0xd4 networking/lib.a(interface.o)
                0x000231e4                display_interfaces
 .text.ip_do    0x000232b8       0x20 networking/lib.a(ip.o)
 .text.ip_print_help
                0x000232d8        0x8 networking/lib.a(ip.o)
 .text.ipaddr_main
                0x000232e0        0xc networking/lib.a(ip.o)
                0x000232e0                ipaddr_main
 .text.iplink_main
                0x000232ec        0xc networking/lib.a(ip.o)
                0x000232ec                iplink_main
 .text.iproute_main
                0x000232f8        0xc networking/lib.a(ip.o)
                0x000232f8                iproute_main
 .text.iprule_main
                0x00023304        0xc networking/lib.a(ip.o)
                0x00023304                iprule_main
 .text.iptunnel_main
                0x00023310        0xc networking/lib.a(ip.o)
                0x00023310                iptunnel_main
 .text.ip_main  0x0002331c       0x50 networking/lib.a(ip.o)
                0x0002331c                ip_main
 .text.nbdclient_main
                0x0002336c      0x230 networking/lib.a(nbd-client.o)
                0x0002336c                nbdclient_main
 .text.nc_main  0x0002359c      0x160 networking/lib.a(nc.o)
                0x0002359c                nc_main
 .text.prg_cache_get
                0x000236fc       0x54 networking/lib.a(netstat.o)
 .text.dir_act  0x00023750       0xf0 networking/lib.a(netstat.o)
 .text.add_to_prg_cache_if_socket
                0x00023840      0x11c networking/lib.a(netstat.o)
 .text.do_info  0x0002395c       0x7c networking/lib.a(netstat.o)
 .text.build_ipv4_addr
                0x000239d8       0x28 networking/lib.a(netstat.o)
 .text.unix_do_one
                0x00023a00      0x270 networking/lib.a(netstat.o)
 .text.build_ipv6_addr
                0x00023c70       0x68 networking/lib.a(netstat.o)
 .text.scan_inet_proc_line
                0x00023cd8       0xb8 networking/lib.a(netstat.o)
 .text.ip_port_str
                0x00023d90       0x98 networking/lib.a(netstat.o)
 .text.print_inet_line
                0x00023e28      0x104 networking/lib.a(netstat.o)
 .text.raw_do_one
                0x00023f2c       0x98 networking/lib.a(netstat.o)
 .text.udp_do_one
                0x00023fc4       0xc0 networking/lib.a(netstat.o)
 .text.tcp_do_one
                0x00024084       0x68 networking/lib.a(netstat.o)
 .text.netstat_main
                0x000240ec      0x2a8 networking/lib.a(netstat.o)
                0x000240ec                netstat_main
 .text.set_default_dns
                0x00024394       0x68 networking/lib.a(nslookup.o)
 .text.print_host
                0x000243fc       0xf0 networking/lib.a(nslookup.o)
 .text.nslookup_main
                0x000244ec       0x8c networking/lib.a(nslookup.o)
                0x000244ec                nslookup_main
 .text.unpack_tail
                0x00024578      0x134 networking/lib.a(ping.o)
 .text.print_stats_and_exit
                0x000246ac      0x144 networking/lib.a(ping.o)
 .text.sendping_tail.clone.1
                0x000247f0      0x10c networking/lib.a(ping.o)
 .text.sendping4
                0x000248fc       0x64 networking/lib.a(ping.o)
 .text.sendping6
                0x00024960       0x48 networking/lib.a(ping.o)
 .text.common_ping_main
                0x000249a8      0x788 networking/lib.a(ping.o)
 .text.ping_main
                0x00025130        0x8 networking/lib.a(ping.o)
                0x00025130                ping_main
 .text.ping6_main
                0x00025138        0x8 networking/lib.a(ping.o)
                0x00025138                ping6_main
 .text.set_flags
                0x00025140       0x3c networking/lib.a(route.o)
 .text.kw_lookup
                0x0002517c       0x84 networking/lib.a(route.o)
 .text.INET6_displayroutes
                0x00025200      0x200 networking/lib.a(route.o)
 .text.INET6_setroute
                0x00025400      0x268 networking/lib.a(route.o)
 .text.INET_setroute
                0x00025668      0x3d8 networking/lib.a(route.o)
 .text.bb_displayroutes
                0x00025a40      0x1e8 networking/lib.a(route.o)
                0x00025a40                bb_displayroutes
 .text.route_main
                0x00025c28      0x150 networking/lib.a(route.o)
                0x00025c28                route_main
 .text.connection_status
                0x00025d78       0x2c networking/lib.a(tcpudp.o)
 .text.xsetenv_proto
                0x00025da4       0x44 networking/lib.a(tcpudp.o)
 .text.xsetenv_plain
                0x00025de8       0x3c networking/lib.a(tcpudp.o)
 .text.sig_term_handler
                0x00025e24       0x30 networking/lib.a(tcpudp.o)
 .text.sig_child_handler
                0x00025e54       0xb4 networking/lib.a(tcpudp.o)
 .text.tcpudpsvd_main
                0x00025f08      0x818 networking/lib.a(tcpudp.o)
                0x00025f08                tcpudpsvd_main
 .text.ipsvd_perhost_init
                0x00026720       0x30 networking/lib.a(tcpudp_perhost.o)
                0x00026720                ipsvd_perhost_init
 .text.ipsvd_perhost_add
                0x00026750       0x94 networking/lib.a(tcpudp_perhost.o)
                0x00026750                ipsvd_perhost_add
 .text.ipsvd_perhost_remove
                0x000267e4       0x64 networking/lib.a(tcpudp_perhost.o)
                0x000267e4                ipsvd_perhost_remove
 .text.put_iac  0x00026848       0x20 networking/lib.a(telnet.o)
 .text.iac_flush
                0x00026868       0x2c networking/lib.a(telnet.o)
 .text.put_iac2
                0x00026894       0x40 networking/lib.a(telnet.o)
 .text.rawmode  0x000268d4       0x2c networking/lib.a(telnet.o)
 .text.cookmode
                0x00026900       0x2c networking/lib.a(telnet.o)
 .text.setConMode
                0x0002692c       0x80 networking/lib.a(telnet.o)
 .text.doexit   0x000269ac       0x14 networking/lib.a(telnet.o)
 .text.con_escape
                0x000269c0      0x148 networking/lib.a(telnet.o)
 .text.handle_net_output
                0x00026b08       0x88 networking/lib.a(telnet.o)
 .text.telnet_main
                0x00026b90      0x60c networking/lib.a(telnet.o)
                0x00026b90                telnet_main
 .text.make_new_session
                0x0002719c      0x1dc networking/lib.a(telnetd.o)
 .text.free_session
                0x00027378       0xb4 networking/lib.a(telnetd.o)
 .text.handle_sigchld
                0x0002742c       0x64 networking/lib.a(telnetd.o)
 .text.telnetd_main
                0x00027490      0x7f8 networking/lib.a(telnetd.o)
                0x00027490                telnetd_main
 .text.tftp_main
                0x00027c88      0x538 networking/lib.a(tftp.o)
                0x00027c88                tftp_main
 .text.traceroute_main
                0x000281c0      0xad4 networking/lib.a(traceroute.o)
                0x000281c0                traceroute_main
 .text.xfind_str
                0x00028c94       0x40 networking/lib.a(vconfig.o)
 .text.vconfig_main
                0x00028cd4      0x138 networking/lib.a(vconfig.o)
                0x00028cd4                vconfig_main
 .text.sanitize_string
                0x00028e0c       0x20 networking/lib.a(wget.o)
 .text.alarm_handler
                0x00028e2c       0x2c networking/lib.a(wget.o)
 .text.open_socket
                0x00028e58       0x58 networking/lib.a(wget.o)
 .text.base64enc
                0x00028eb0       0x4c networking/lib.a(wget.o)
 .text.fgets_and_trim
                0x00028efc       0x6c networking/lib.a(wget.o)
 .text.reset_beg_range_to_zero
                0x00028f68       0x44 networking/lib.a(wget.o)
 .text.parse_url
                0x00028fac      0x1c0 networking/lib.a(wget.o)
 .text.gethdr   0x0002916c       0xe4 networking/lib.a(wget.o)
 .text.progress_meter
                0x00029250       0xe0 networking/lib.a(wget.o)
 .text.retrieve_file_data
                0x00029330      0x24c networking/lib.a(wget.o)
 .text.ftpcmd   0x0002957c       0x88 networking/lib.a(wget.o)
 .text.wget_main
                0x00029604      0xba4 networking/lib.a(wget.o)
                0x00029604                wget_main
 .text.pipe_out
                0x0002a1a8       0x6c networking/lib.a(whois.o)
 .text.whois_main
                0x0002a214       0x98 networking/lib.a(whois.o)
                0x0002a214                whois_main
 .text.ip_parse_common_args
                0x0002a2ac      0x100 networking/libiproute/lib.a(ip_parse_common_args.o)
                0x0002a2ac                ip_parse_common_args
 .text.ipaddr_modify
                0x0002a3ac      0x4fc networking/libiproute/lib.a(ipaddress.o)
 .text.flush_update
                0x0002a8a8       0x44 networking/libiproute/lib.a(ipaddress.o)
 .text.print_linkinfo
                0x0002a8ec      0x3a8 networking/libiproute/lib.a(ipaddress.o)
 .text.print_addrinfo
                0x0002ac94      0x51c networking/libiproute/lib.a(ipaddress.o)
 .text.store_nlmsg
                0x0002b1b0       0x60 networking/libiproute/lib.a(ipaddress.o)
 .text.ipaddr_list_or_flush
                0x0002b210      0x568 networking/libiproute/lib.a(ipaddress.o)
                0x0002b210                ipaddr_list_or_flush
 .text.do_ipaddr
                0x0002b778       0x78 networking/libiproute/lib.a(ipaddress.o)
                0x0002b778                do_ipaddr
 .text.die_must_be_on_off
                0x0002b7f0       0x14 networking/libiproute/lib.a(iplink.o)
 .text.get_ctl_fd
                0x0002b804       0x48 networking/libiproute/lib.a(iplink.o)
 .text.do_add_or_delete
                0x0002b84c      0x4e0 networking/libiproute/lib.a(iplink.o)
 .text.do_iplink
                0x0002bd2c      0x554 networking/libiproute/lib.a(iplink.o)
                0x0002bd2c                do_iplink
 .text.iproute_reset_filter
                0x0002c280       0x30 networking/libiproute/lib.a(iproute.o)
 .text.flush_update
                0x0002c2b0       0x44 networking/libiproute/lib.a(iproute.o)
 .text.print_route
                0x0002c2f4      0x744 networking/libiproute/lib.a(iproute.o)
 .text.iproute_get
                0x0002ca38      0x3f4 networking/libiproute/lib.a(iproute.o)
 .text.iproute_list_or_flush
                0x0002ce2c      0x578 networking/libiproute/lib.a(iproute.o)
 .text.iproute_modify
                0x0002d3a4      0x4ac networking/libiproute/lib.a(iproute.o)
 .text.do_iproute
                0x0002d850       0xf0 networking/libiproute/lib.a(iproute.o)
                0x0002d850                do_iproute
 .text.iprule_modify
                0x0002d940      0x3f0 networking/libiproute/lib.a(iprule.o)
 .text.print_rule
                0x0002dd30      0x2dc networking/libiproute/lib.a(iprule.o)
 .text.do_iprule
                0x0002e00c       0xc0 networking/libiproute/lib.a(iprule.o)
                0x0002e00c                do_iprule
 .text.do_get_ioctl
                0x0002e0cc       0x68 networking/libiproute/lib.a(iptunnel.o)
 .text.parse_args
                0x0002e134      0x6a4 networking/libiproute/lib.a(iptunnel.o)
 .text.do_add_ioctl
                0x0002e7d8       0x9c networking/libiproute/lib.a(iptunnel.o)
 .text.do_add   0x0002e874       0xa4 networking/libiproute/lib.a(iptunnel.o)
 .text.do_del_ioctl
                0x0002e918       0x6c networking/libiproute/lib.a(iptunnel.o)
 .text.print_tunnel
                0x0002e984      0x2dc networking/libiproute/lib.a(iptunnel.o)
 .text.do_tunnels_list
                0x0002ec60      0x294 networking/libiproute/lib.a(iptunnel.o)
 .text.do_iptunnel
                0x0002eef4      0x184 networking/libiproute/lib.a(iptunnel.o)
                0x0002eef4                do_iptunnel
 .text.xrtnl_open
                0x0002f078       0x6c networking/libiproute/lib.a(libnetlink.o)
                0x0002f078                xrtnl_open
 .text.rtnl_send
                0x0002f0e4       0x54 networking/libiproute/lib.a(libnetlink.o)
                0x0002f0e4                rtnl_send
 .text.xrtnl_wilddump_request
                0x0002f138       0x54 networking/libiproute/lib.a(libnetlink.o)
                0x0002f138                xrtnl_wilddump_request
 .text.xrtnl_dump_filter
                0x0002f18c      0x1f0 networking/libiproute/lib.a(libnetlink.o)
                0x0002f18c                xrtnl_dump_filter
 .text.rtnl_talk
                0x0002f37c      0x288 networking/libiproute/lib.a(libnetlink.o)
                0x0002f37c                rtnl_talk
 .text.addattr32
                0x0002f604       0x68 networking/libiproute/lib.a(libnetlink.o)
                0x0002f604                addattr32
 .text.addattr_l
                0x0002f66c       0x68 networking/libiproute/lib.a(libnetlink.o)
                0x0002f66c                addattr_l
 .text.rta_addattr32
                0x0002f6d4       0x68 networking/libiproute/lib.a(libnetlink.o)
                0x0002f6d4                rta_addattr32
 .text.parse_rtattr
                0x0002f73c       0x6c networking/libiproute/lib.a(libnetlink.o)
                0x0002f73c                parse_rtattr
 .text.ll_addr_n2a
                0x0002f7a8       0xcc networking/libiproute/lib.a(ll_addr.o)
                0x0002f7a8                ll_addr_n2a
 .text.ll_addr_a2n
                0x0002f874       0xe8 networking/libiproute/lib.a(ll_addr.o)
                0x0002f874                ll_addr_a2n
 .text.find_by_index
                0x0002f95c       0x48 networking/libiproute/lib.a(ll_map.o)
 .text.ll_remember_index
                0x0002f9a4      0x12c networking/libiproute/lib.a(ll_map.o)
                0x0002f9a4                ll_remember_index
 .text.ll_idx_n2a
                0x0002fad0       0x48 networking/libiproute/lib.a(ll_map.o)
                0x0002fad0                ll_idx_n2a
 .text.ll_index_to_name
                0x0002fb18        0xc networking/libiproute/lib.a(ll_map.o)
                0x0002fb18                ll_index_to_name
 .text.ll_index_to_flags
                0x0002fb24       0x24 networking/libiproute/lib.a(ll_map.o)
                0x0002fb24                ll_index_to_flags
 .text.xll_name_to_index
                0x0002fb48       0x88 networking/libiproute/lib.a(ll_map.o)
                0x0002fb48                xll_name_to_index
 .text.ll_init_map
                0x0002fbd0       0x34 networking/libiproute/lib.a(ll_map.o)
                0x0002fbd0                ll_init_map
 .text.ll_type_n2a
                0x0002fc04       0x6c networking/libiproute/lib.a(ll_types.o)
                0x0002fc04                ll_type_n2a
 .text.rtnl_tab_initialize
                0x0002fc70       0x94 networking/libiproute/lib.a(rt_names.o)
 .text.rtnl_rttable_initialize
                0x0002fd04       0x80 networking/libiproute/lib.a(rt_names.o)
 .text.rtnl_rtdsfield_initialize
                0x0002fd84       0x50 networking/libiproute/lib.a(rt_names.o)
 .text.rtnl_rtrealm_initialize
                0x0002fdd4       0x50 networking/libiproute/lib.a(rt_names.o)
 .text.rtnl_rtscope_initialize
                0x0002fe24       0x84 networking/libiproute/lib.a(rt_names.o)
 .text.rtnl_rtprot_initialize
                0x0002fea8       0x74 networking/libiproute/lib.a(rt_names.o)
 .text.rtnl_a2n
                0x0002ff1c       0xa4 networking/libiproute/lib.a(rt_names.o)
 .text.rtnl_rtprot_a2n
                0x0002ffc0       0x30 networking/libiproute/lib.a(rt_names.o)
                0x0002ffc0                rtnl_rtprot_a2n
 .text.rtnl_rtscope_n2a
                0x0002fff0       0x54 networking/libiproute/lib.a(rt_names.o)
                0x0002fff0                rtnl_rtscope_n2a
 .text.rtnl_rtscope_a2n
                0x00030044       0x30 networking/libiproute/lib.a(rt_names.o)
                0x00030044                rtnl_rtscope_a2n
 .text.rtnl_rtrealm_a2n
                0x00030074       0x30 networking/libiproute/lib.a(rt_names.o)
                0x00030074                rtnl_rtrealm_a2n
 .text.rtnl_rtrealm_n2a
                0x000300a4       0x54 networking/libiproute/lib.a(rt_names.o)
                0x000300a4                rtnl_rtrealm_n2a
 .text.rtnl_dsfield_n2a
                0x000300f8       0x60 networking/libiproute/lib.a(rt_names.o)
                0x000300f8                rtnl_dsfield_n2a
 .text.rtnl_dsfield_a2n
                0x00030158       0x30 networking/libiproute/lib.a(rt_names.o)
                0x00030158                rtnl_dsfield_a2n
 .text.rtnl_rttable_n2a
                0x00030188       0x54 networking/libiproute/lib.a(rt_names.o)
                0x00030188                rtnl_rttable_n2a
 .text.rtnl_rttable_a2n
                0x000301dc       0x30 networking/libiproute/lib.a(rt_names.o)
                0x000301dc                rtnl_rttable_a2n
 .text.rtnl_rtntype_n2a
                0x0003020c       0xf4 networking/libiproute/lib.a(rtm_map.o)
                0x0003020c                rtnl_rtntype_n2a
 .text.rtnl_rtntype_a2n
                0x00030300      0x114 networking/libiproute/lib.a(rtm_map.o)
                0x00030300                rtnl_rtntype_a2n
 .text.get_rt_realms
                0x00030414       0xa4 networking/libiproute/lib.a(rtm_map.o)
                0x00030414                get_rt_realms
 .text.get_addr_1
                0x000304b8      0x178 networking/libiproute/lib.a(utils.o)
                0x000304b8                get_addr_1
 .text.get_addr
                0x00030630       0x4c networking/libiproute/lib.a(utils.o)
                0x00030630                get_addr
 .text.get_prefix
                0x0003067c      0x1c0 networking/libiproute/lib.a(utils.o)
                0x0003067c                get_prefix
 .text.get_addr32
                0x0003083c       0x50 networking/libiproute/lib.a(utils.o)
                0x0003083c                get_addr32
 .text.incomplete_command
                0x0003088c       0x10 networking/libiproute/lib.a(utils.o)
                0x0003088c                incomplete_command
 .text.invarg   0x0003089c       0x1c networking/libiproute/lib.a(utils.o)
                0x0003089c                invarg
 .text.get_u16  0x000308b8       0x64 networking/libiproute/lib.a(utils.o)
                0x000308b8                get_u16
 .text.get_u32  0x0003091c       0x48 networking/libiproute/lib.a(utils.o)
                0x0003091c                get_u32
 .text.get_unsigned
                0x00030964       0x48 networking/libiproute/lib.a(utils.o)
                0x00030964                get_unsigned
 .text.duparg   0x000309ac       0x1c networking/libiproute/lib.a(utils.o)
                0x000309ac                duparg
 .text.duparg2  0x000309c8       0x1c networking/libiproute/lib.a(utils.o)
                0x000309c8                duparg2
 .text.inet_addr_match
                0x000309e4       0x8c networking/libiproute/lib.a(utils.o)
                0x000309e4                inet_addr_match
 .text.rt_addr_n2a
                0x00030a70       0x28 networking/libiproute/lib.a(utils.o)
                0x00030a70                rt_addr_n2a
 .text.alloc_dhcp_option
                0x00030a98       0x58 networking/udhcp/lib.a(dhcpc.o)
 .text.init_packet
                0x00030af0       0xa0 networking/udhcp/lib.a(dhcpc.o)
 .text.add_client_options
                0x00030b90      0x13c networking/udhcp/lib.a(dhcpc.o)
 .text.raw_bcast_from_client_config_ifindex
                0x00030ccc       0x44 networking/udhcp/lib.a(dhcpc.o)
 .text.send_discover
                0x00030d10       0x5c networking/udhcp/lib.a(dhcpc.o)
 .text.send_select
                0x00030d6c       0x78 networking/udhcp/lib.a(dhcpc.o)
 .text.bcast_or_ucast
                0x00030de4       0x34 networking/udhcp/lib.a(dhcpc.o)
 .text.send_renew
                0x00030e18       0x58 networking/udhcp/lib.a(dhcpc.o)
 .text.send_release
                0x00030e70       0x58 networking/udhcp/lib.a(dhcpc.o)
 .text.udhcp_recv_raw_packet
                0x00030ec8      0x228 networking/udhcp/lib.a(dhcpc.o)
 .text.client_background
                0x000310f0       0x38 networking/udhcp/lib.a(dhcpc.o)
 .text.sprint_nip
                0x00031128       0x40 networking/udhcp/lib.a(dhcpc.o)
 .text.change_listen_mode
                0x00031168       0xf8 networking/udhcp/lib.a(dhcpc.o)
 .text.xmalloc_optname_optval.clone.0
                0x00031260      0x440 networking/udhcp/lib.a(dhcpc.o)
 .text.udhcp_run_script
                0x000316a0      0x38c networking/udhcp/lib.a(dhcpc.o)
 .text.perform_release
                0x00031a2c       0x9c networking/udhcp/lib.a(dhcpc.o)
 .text.udhcpc_main
                0x00031ac8      0xa3c networking/udhcp/lib.a(dhcpc.o)
                0x00031ac8                udhcpc_main
 .text.select_lease_time
                0x00032504       0x78 networking/udhcp/lib.a(dhcpd.o)
 .text.init_packet
                0x0003257c      0x104 networking/udhcp/lib.a(dhcpd.o)
 .text.add_server_options
                0x00032680       0x88 networking/udhcp/lib.a(dhcpd.o)
 .text.send_packet
                0x00032708       0xbc networking/udhcp/lib.a(dhcpd.o)
 .text.send_offer
                0x000327c4      0x19c networking/udhcp/lib.a(dhcpd.o)
 .text.send_ACK
                0x00032960       0xbc networking/udhcp/lib.a(dhcpd.o)
 .text.send_NAK
                0x00032a1c       0x30 networking/udhcp/lib.a(dhcpd.o)
 .text.send_inform
                0x00032a4c       0x38 networking/udhcp/lib.a(dhcpd.o)
 .text.udhcpd_main
                0x00032a84      0x5e4 networking/udhcp/lib.a(dhcpd.o)
                0x00032a84                udhcpd_main
 .text.get_dhcp_packet_type
                0x00033068       0x34 networking/udhcp/lib.a(dhcprelay.o)
 .text.sendto_ip4
                0x0003309c       0x4c networking/udhcp/lib.a(dhcprelay.o)
 .text.dhcprelay_main
                0x000330e8      0x438 networking/udhcp/lib.a(dhcprelay.o)
                0x000330e8                dhcprelay_main
 .text.dname_dec
                0x00033520      0x174 networking/udhcp/lib.a(domain_codec.o)
                0x00033520                dname_dec
 .text.dname_enc
                0x00033694      0x23c networking/udhcp/lib.a(domain_codec.o)
                0x00033694                dname_enc
 .text.dumpleases_main
                0x000338d0      0x254 networking/udhcp/lib.a(dumpleases.o)
                0x000338d0                dumpleases_main
 .text.read_staticlease
                0x00033b24       0x88 networking/udhcp/lib.a(files.o)
 .text.read_u32
                0x00033bac       0x38 networking/udhcp/lib.a(files.o)
 .text.read_str
                0x00033be4       0x2c networking/udhcp/lib.a(files.o)
 .text.read_config
                0x00033c10      0x13c networking/udhcp/lib.a(files.o)
                0x00033c10                read_config
 .text.write_leases
                0x00033d4c      0x1d4 networking/udhcp/lib.a(files.o)
                0x00033d4c                write_leases
 .text.read_leases
                0x00033f20      0x13c networking/udhcp/lib.a(files.o)
                0x00033f20                read_leases
 .text.add_lease
                0x0003405c      0x1d0 networking/udhcp/lib.a(leases.o)
                0x0003405c                add_lease
 .text.nobody_responds_to_arp
                0x0003422c       0x6c networking/udhcp/lib.a(leases.o)
 .text.is_expired_lease
                0x00034298       0x3c networking/udhcp/lib.a(leases.o)
                0x00034298                is_expired_lease
 .text.find_lease_by_mac
                0x000342d4       0x68 networking/udhcp/lib.a(leases.o)
                0x000342d4                find_lease_by_mac
 .text.find_lease_by_nip
                0x0003433c       0x6c networking/udhcp/lib.a(leases.o)
                0x0003433c                find_lease_by_nip
 .text.find_free_or_expired_nip
                0x000343a8      0x19c networking/udhcp/lib.a(leases.o)
                0x000343a8                find_free_or_expired_nip
 .text.udhcp_init_header
                0x00034544       0x8c networking/udhcp/lib.a(packet.o)
                0x00034544                udhcp_init_header
 .text.udhcp_recv_kernel_packet
                0x000345d0       0x7c networking/udhcp/lib.a(packet.o)
                0x000345d0                udhcp_recv_kernel_packet
 .text.udhcp_send_raw_packet
                0x0003464c      0x218 networking/udhcp/lib.a(packet.o)
                0x0003464c                udhcp_send_raw_packet
 .text.udhcp_send_kernel_packet
                0x00034864      0x150 networking/udhcp/lib.a(packet.o)
                0x00034864                udhcp_send_kernel_packet
 .text.signal_handler
                0x000349b4       0x38 networking/udhcp/lib.a(signalpipe.o)
 .text.udhcp_sp_setup
                0x000349ec       0x44 networking/udhcp/lib.a(signalpipe.o)
                0x000349ec                udhcp_sp_setup
 .text.udhcp_sp_fd_set
                0x00034a30       0x88 networking/udhcp/lib.a(signalpipe.o)
                0x00034a30                udhcp_sp_fd_set
 .text.udhcp_sp_read
                0x00034ab8       0x4c networking/udhcp/lib.a(signalpipe.o)
                0x00034ab8                udhcp_sp_read
 .text.udhcp_read_interface
                0x00034b04      0x120 networking/udhcp/lib.a(socket.o)
                0x00034b04                udhcp_read_interface
 .text.udhcp_listen_socket
                0x00034c24       0xc0 networking/udhcp/lib.a(socket.o)
                0x00034c24                udhcp_listen_socket
 .text.add_static_lease
                0x00034ce4       0x50 networking/udhcp/lib.a(static_leases.o)
                0x00034ce4                add_static_lease
 .text.get_static_nip_by_mac
                0x00034d34       0x44 networking/udhcp/lib.a(static_leases.o)
                0x00034d34                get_static_nip_by_mac
 .text.is_nip_reserved
                0x00034d78       0x28 networking/udhcp/lib.a(static_leases.o)
                0x00034d78                is_nip_reserved
 .text.arpping  0x00034da0      0x200 networking/udhcp/lib.a(arpping.o)
                0x00034da0                arpping
 .text.udhcp_option_idx
                0x00034fa0       0x74 networking/udhcp/lib.a(common.o)
                0x00034fa0                udhcp_option_idx
 .text.udhcp_get_option
                0x00035014       0xd0 networking/udhcp/lib.a(common.o)
                0x00035014                udhcp_get_option
 .text.udhcp_end_option
                0x000350e4       0x34 networking/udhcp/lib.a(common.o)
                0x000350e4                udhcp_end_option
 .text.udhcp_add_binary_option
                0x00035118       0x64 networking/udhcp/lib.a(common.o)
                0x00035118                udhcp_add_binary_option
 .text.udhcp_add_simple_option
                0x0003517c       0x80 networking/udhcp/lib.a(common.o)
                0x0003517c                udhcp_add_simple_option
 .text.udhcp_find_option
                0x000351fc       0x28 networking/udhcp/lib.a(common.o)
                0x000351fc                udhcp_find_option
 .text.attach_option
                0x00035224      0x1b4 networking/udhcp/lib.a(common.o)
 .text.udhcp_str2nip
                0x000353d8       0x4c networking/udhcp/lib.a(common.o)
                0x000353d8                udhcp_str2nip
 .text.udhcp_str2optset
                0x00035424      0x2d4 networking/udhcp/lib.a(common.o)
                0x00035424                udhcp_str2optset
 .text.sprint_nip6
                0x000356f8       0x6c networking/udhcp/lib.a(common.o)
                0x000356f8                sprint_nip6
 .text.scale    0x00035764       0x28 procps/lib.a(free.o)
 .text.free_main
                0x0003578c      0x1a8 procps/lib.a(free.o)
                0x0003578c                free_main
 .text.percent_value
                0x00035934       0x90 procps/lib.a(iostat.o)
 .text.get_localtime
                0x000359c4       0x24 procps/lib.a(iostat.o)
 .text.iostat_main
                0x000359e8      0x9ac procps/lib.a(iostat.o)
                0x000359e8                iostat_main
 .text.kill_main
                0x00036394      0x47c procps/lib.a(kill.o)
                0x00036394                kill_main
 .text.lsof_main
                0x00036810       0xdc procps/lib.a(lsof.o)
                0x00036810                lsof_main
 .text.percent_value
                0x000368ec       0x90 procps/lib.a(mpstat.o)
 .text.is_cpu_in_bitmap
                0x0003697c       0x24 procps/lib.a(mpstat.o)
 .text.get_per_cpu_interval
                0x000369a0      0x104 procps/lib.a(mpstat.o)
 .text.get_localtime
                0x00036aa4       0x24 procps/lib.a(mpstat.o)
 .text.print_header
                0x00036ac8       0x78 procps/lib.a(mpstat.o)
 .text.alarm_handler
                0x00036b40       0x30 procps/lib.a(mpstat.o)
 .text.get_uptime
                0x00036b70       0x9c procps/lib.a(mpstat.o)
 .text.get_cpu_statistics
                0x00036c0c      0x1d4 procps/lib.a(mpstat.o)
 .text.get_irqs_from_stat
                0x00036de0       0x88 procps/lib.a(mpstat.o)
 .text.get_irqs_from_interrupts
                0x00036e68      0x26c procps/lib.a(mpstat.o)
 .text.write_irqcpu_stats
                0x000370d4      0x34c procps/lib.a(mpstat.o)
 .text.write_stats_core
                0x00037420      0x684 procps/lib.a(mpstat.o)
 .text.write_stats
                0x00037aa4       0x7c procps/lib.a(mpstat.o)
 .text.get_irqcpu_nr.clone.0