Archive member included because of file (symbol)

libbb/lib.a(appletlib.o)      /opt/Cortina/toolchain/toolchain-arm_gcc-4.5.1+l_uClibc-0.9.32_eabi/bin/../lib/gcc/arm-openwrt-linux-uclibcgnueabi/4.5.2/../../../../arm-openwrt-linux-uclibcgnueabi/lib/crt1.o (main)
libbb/lib.a(default_error_retval.o)
                              libbb/lib.a(appletlib.o) (xfunc_error_retval)
libbb/lib.a(get_last_path_component.o)
                              libbb/lib.a(appletlib.o) (bb_basename)
libbb/lib.a(last_char_is.o)   libbb/lib.a(get_last_path_component.o) (last_char_is)
libbb/lib.a(messages.o)       libbb/lib.a(appletlib.o) (bb_banner)
libbb/lib.a(ptr_to_globals.o)
                              libbb/lib.a(appletlib.o) (bb_errno)
libbb/lib.a(verror_msg.o)     libbb/lib.a(appletlib.o) (bb_error_msg_and_die)
libbb/lib.a(xfunc_die.o)      libbb/lib.a(appletlib.o) (xfunc_die)
libbb/lib.a(xfuncs.o)         libbb/lib.a(appletlib.o) (full_write2_str)
libbb/lib.a(xfuncs_printf.o)  libbb/lib.a(appletlib.o) (malloc_or_warn)
libbb/lib.a(copyfd.o)         libbb/lib.a(xfuncs_printf.o) (bb_copyfd_eof)
libbb/lib.a(full_write.o)     libbb/lib.a(verror_msg.o) (full_write)
libbb/lib.a(perror_msg.o)     libbb/lib.a(xfuncs_printf.o) (bb_perror_msg)
libbb/lib.a(read.o)           libbb/lib.a(copyfd.o) (safe_read)
libbb/lib.a(safe_write.o)     libbb/lib.a(full_write.o) (safe_write)
libbb/lib.a(time.o)           libbb/lib.a(xfuncs_printf.o) (monotonic_us)
libbb/lib.a(bb_strtonum.o)    libbb/lib.a(time.o) (bb_strtol)
loginutils/lib.a(addgroup.o)  libbb/lib.a(appletlib.o) (addgroup_main)
loginutils/lib.a(adduser.o)   libbb/lib.a(appletlib.o) (adduser_main)
loginutils/lib.a(deluser.o)   libbb/lib.a(appletlib.o) (deluser_main)
loginutils/lib.a(getty.o)     libbb/lib.a(appletlib.o) (getty_main)
loginutils/lib.a(login.o)     libbb/lib.a(appletlib.o) (login_main)
loginutils/lib.a(passwd.o)    libbb/lib.a(appletlib.o) (passwd_main)
miscutils/lib.a(crond.o)      libbb/lib.a(appletlib.o) (crond_main)
miscutils/lib.a(crontab.o)    libbb/lib.a(appletlib.o) (crontab_main)
miscutils/lib.a(hdparm.o)     libbb/lib.a(appletlib.o) (hdparm_main)
miscutils/lib.a(less.o)       libbb/lib.a(appletlib.o) (less_main)
miscutils/lib.a(lock.o)       libbb/lib.a(appletlib.o) (lock_main)
miscutils/lib.a(nandwrite.o)  libbb/lib.a(appletlib.o) (nandwrite_main)
miscutils/lib.a(setserial.o)  libbb/lib.a(appletlib.o) (setserial_main)
miscutils/lib.a(strings.o)    libbb/lib.a(appletlib.o) (strings_main)
miscutils/lib.a(taskset.o)    libbb/lib.a(appletlib.o) (taskset_main)
miscutils/lib.a(time.o)       libbb/lib.a(appletlib.o) (time_main)
miscutils/lib.a(ubi_tools.o)  libbb/lib.a(appletlib.o) (ubi_tools_main)
miscutils/lib.a(watchdog.o)   libbb/lib.a(appletlib.o) (watchdog_main)
modutils/lib.a(depmod.o)      libbb/lib.a(appletlib.o) (depmod_main)
modutils/lib.a(insmod.o)      libbb/lib.a(appletlib.o) (insmod_main)
modutils/lib.a(lsmod.o)       libbb/lib.a(appletlib.o) (lsmod_main)
modutils/lib.a(modprobe.o)    libbb/lib.a(appletlib.o) (modprobe_main)
modutils/lib.a(modutils.o)    modutils/lib.a(modprobe.o) (replace)
modutils/lib.a(rmmod.o)       libbb/lib.a(appletlib.o) (rmmod_main)
networking/lib.a(arp.o)       libbb/lib.a(appletlib.o) (arp_main)
networking/lib.a(arping.o)    libbb/lib.a(appletlib.o) (arping_main)
networking/lib.a(ftpd.o)      libbb/lib.a(appletlib.o) (ftpd_main)
networking/lib.a(ftpgetput.o)
                              libbb/lib.a(appletlib.o) (ftpgetput_main)
networking/lib.a(hostname.o)  libbb/lib.a(appletlib.o) (hostname_main)
networking/lib.a(httpd.o)     libbb/lib.a(appletlib.o) (httpd_main)
networking/lib.a(ifconfig.o)  libbb/lib.a(appletlib.o) (ifconfig_main)
networking/lib.a(ifupdown.o)  libbb/lib.a(appletlib.o) (ifupdown_main)
networking/lib.a(inetd.o)     libbb/lib.a(appletlib.o) (inetd_main)
networking/lib.a(interface.o)
                              networking/lib.a(arp.o) (get_aftype)
networking/lib.a(ip.o)        libbb/lib.a(appletlib.o) (ipaddr_main)
networking/lib.a(nbd-client.o)
                              libbb/lib.a(appletlib.o) (nbdclient_main)
networking/lib.a(nc.o)        libbb/lib.a(appletlib.o) (nc_main)
networking/lib.a(netstat.o)   libbb/lib.a(appletlib.o) (netstat_main)
networking/lib.a(nslookup.o)  libbb/lib.a(appletlib.o) (nslookup_main)
networking/lib.a(ping.o)      libbb/lib.a(appletlib.o) (ping_main)
networking/lib.a(route.o)     networking/lib.a(netstat.o) (bb_displayroutes)
networking/lib.a(tcpudp.o)    libbb/lib.a(appletlib.o) (tcpudpsvd_main)
networking/lib.a(tcpudp_perhost.o)
                              networking/lib.a(tcpudp.o) (ipsvd_perhost_init)
networking/lib.a(telnet.o)    libbb/lib.a(appletlib.o) (telnet_main)
networking/lib.a(telnetd.o)   libbb/lib.a(appletlib.o) (telnetd_main)
networking/lib.a(tftp.o)      libbb/lib.a(appletlib.o) (tftp_main)
networking/lib.a(traceroute.o)
                              libbb/lib.a(appletlib.o) (traceroute_main)
[...]
Memory Configuration

Name             Origin             Length             Attributes
*default*        0x00000000         0xffffffff

Linker script and memory map

LOAD /opt/Cortina/toolchain/toolchain-arm_gcc-4.5.1+l_uClibc-0.9.32_eabi/bin/../lib/gcc/arm-openwrt-linux-uclibcgnueabi/4.5.2/../../../../arm-openwrt-linux-uclibcgnueabi/lib/crt1.o
LOAD /opt/Cortina/toolchain/toolchain-arm_gcc-4.5.1+l_uClibc-0.9.32_eabi/bin/../lib/gcc/arm-openwrt-linux-uclibcgnueabi/4.5.2/../../../../arm-openwrt-linux-uclibcgnueabi/lib/crti.o
LOAD /opt/Cortina/toolchain/toolchain-arm_gcc-4.5.1+l_uClibc-0.9.32_eabi/bin/../lib/gcc/arm-openwrt-linux-uclibcgnueabi/4.5.2/crtbegin.o
START GROUP
LOAD applets/built-in.o
LOAD archival/lib.a
LOAD archival/libarchive/lib.a
LOAD console-tools/lib.a
LOAD coreutils/lib.a
LOAD coreutils/libcoreutils/lib.a
LOAD debianutils/lib.a
LOAD e2fsprogs/lib.a
LOAD editors/lib.a
LOAD findutils/lib.a
LOAD init/lib.a
LOAD libbb/lib.a
LOAD libpwdgrp/lib.a
LOAD loginutils/lib.a
LOAD mailutils/lib.a
LOAD miscutils/lib.a
LOAD modutils/lib.a
LOAD networking/lib.a
LOAD networking/libiproute/lib.a
LOAD networking/udhcp/lib.a
LOAD printutils/lib.a
LOAD procps/lib.a
LOAD runit/lib.a
LOAD selinux/lib.a
LOAD shell/lib.a
LOAD sysklogd/lib.a
LOAD util-linux/lib.a
LOAD util-linux/volume_id/lib.a
LOAD archival/built-in.o
LOAD archival/libarchive/built-in.o
LOAD console-tools/built-in.o
LOAD coreutils/built-in.o
LOAD coreutils/libcoreutils/built-in.o
LOAD debianutils/built-in.o
LOAD e2fsprogs/built-in.o
LOAD editors/built-in.o
LOAD findutils/built-in.o
LOAD init/built-in.o
LOAD libbb/built-in.o
LOAD libpwdgrp/built-in.o
LOAD loginutils/built-in.o
LOAD mailutils/built-in.o
LOAD miscutils/built-in.o
LOAD modutils/built-in.o
LOAD networking/built-in.o
LOAD networking/libiproute/built-in.o
LOAD networking/udhcp/built-in.o
LOAD printutils/built-in.o
LOAD procps/built-in.o
LOAD runit/built-in.o
LOAD selinux/built-in.o
LOAD shell/built-in.o
LOAD sysklogd/built-in.o
LOAD util-linux/built-in.o
LOAD util-linux/volume_id/built-in.o
END GROUP
START GROUP
LOAD /opt/Cortina/toolchain/toolchain-arm_gcc-4.5.1+l_uClibc-0.9.32_eabi/bin/../lib/gcc/arm-openwrt-linux-uclibcgnueabi/4.5.2/../../../../arm-openwrt-linux-uclibcgnueabi/lib/libcrypt.so
LOAD /opt/Cortina/toolchain/toolchain-arm_gcc-4.5.1+l_uClibc-0.9.32_eabi/bin/../lib/gcc/arm-openwrt-linux-uclibcgnueabi/4.5.2/../../../../arm-openwrt-linux-uclibcgnueabi/lib/libm.so
END GROUP
LOAD /opt/Cortina/toolchain/toolchain-arm_gcc-4.5.1+l_uClibc-0.9.32_eabi/bin/../lib/gcc/arm-openwrt-linux-uclibcgnueabi/4.5.2/libgcc.a
LOAD /opt/Cortina/toolchain/toolchain-arm_gcc-4.5.1+l_uClibc-0.9.32_eabi/bin/../lib/gcc/arm-openwrt-linux-uclibcgnueabi/4.5.2/libgcc_eh.a
LOAD /opt/Cortina/toolchain/toolchain-arm_gcc-4.5.1+l_uClibc-0.9.32_eabi/bin/../lib/gcc/arm-openwrt-linux-uclibcgnueabi/4.5.2/../../../../arm-openwrt-linux-uclibcgnueabi/lib/libc.so
START GROUP
LOAD /opt/Cortina/toolchain/toolchain-arm_gcc-4.5.1+l_uClibc-0.9.32_eabi/bin/../lib/gcc/arm-openwrt-linux-uclibcgnueabi/4.5.2/../../../../arm-openwrt-linux-uclibcgnueabi/lib/uclibc_nonshared.a
LOAD /opt/Cortina/toolchain/toolchain-arm_gcc-4.5.1+l_uClibc-0.9.32_eabi/bin/../lib/gcc/arm-openwrt-linux-uclibcgnueabi/4.5.2/../../../../arm-openwrt-linux-uclibcgnueabi/lib/libc.so.0
LOAD /opt/Cortina/toolchain/toolchain-arm_gcc-4.5.1+l_uClibc-0.9.32_eabi/bin/../lib/gcc/arm-openwrt-linux-uclibcgnueabi/4.5.2/../../../../arm-openwrt-linux-uclibcgnueabi/lib/ld-uClibc.so.0
END GROUP
LOAD /opt/Cortina/toolchain/toolchain-arm_gcc-4.5.1+l_uClibc-0.9.32_eabi/bin/../lib/gcc/arm-openwrt-linux-uclibcgnueabi/4.5.2/libgcc.a
LOAD /opt/Cortina/toolchain/toolchain-arm_gcc-4.5.1+l_uClibc-0.9.32_eabi/bin/../lib/gcc/arm-openwrt-linux-uclibcgnueabi/4.5.2/libgcc_eh.a
LOAD /opt/Cortina/toolchain/toolchain-arm_gcc-4.5.1+l_uClibc-0.9.32_eabi/bin/../lib/gcc/arm-openwrt-linux-uclibcgnueabi/4.5.2/crtend.o
LOAD /opt/Cortina/toolchain/toolchain-arm_gcc-4.5.1+l_uClibc-0.9.32_eabi/bin/../lib/gcc/arm-openwrt-linux-uclibcgnueabi/4.5.2/../../../../arm-openwrt-linux-uclibcgnueabi/lib/crtn.o
                0x00008000                PROVIDE (__executable_start, 0x8000)
                0x00008114                . = (0x8000 + SIZEOF_HEADERS)

.interp         0x00008114       0x14
 *(SORT(.interp))
 .interp        0x00008114       0x14 /opt/Cortina/toolchain/toolchain-arm_gcc-4.5.1+l_uClibc-0.9.32_eabi/bin/../lib/gcc/arm-openwrt-linux-uclibcgnueabi/4.5.2/../../../../arm-openwrt-linux-uclibcgnueabi/lib/libcrypt.so

.note.gnu.build-id
 *(SORT(.note.gnu.build-id))

.hash           0x00008128      0xa00
 *(SORT(.hash))
 .hash          0x00008128      0xa00 /opt/Cortina/toolchain/toolchain-arm_gcc-4.5.1+l_uClibc-0.9.32_eabi/bin/../lib/gcc/arm-openwrt-linux-uclibcgnueabi/4.5.2/../../../../arm-openwrt-linux-uclibcgnueabi/lib/libcrypt.so

.gnu.hash
 *(SORT(.gnu.hash))

.dynsym         0x00008b28     0x1770
 *(SORT(.dynsym))
 .dynsym        0x00008b28     0x1770 /opt/Cortina/toolchain/toolchain-arm_gcc-4.5.1+l_uClibc-0.9.32_eabi/bin/../lib/gcc/arm-openwrt-linux-uclibcgnueabi/4.5.2/../../../../arm-openwrt-linux-uclibcgnueabi/lib/libcrypt.so

.dynstr         0x0000a298      0xbc3
 *(SORT(.dynstr))
 .dynstr        0x0000a298      0xbc3 /opt/Cortina/toolchain/toolchain-arm_gcc-4.5.1+l_uClibc-0.9.32_eabi/bin/../lib/gcc/arm-openwrt-linux-uclibcgnueabi/4.5.2/../../../../arm-openwrt-linux-uclibcgnueabi/lib/libcrypt.so

.gnu.version    0x0000ae5c        0x0 load address 0x0000ae5b
 *(SORT(.gnu.version))
 .gnu.version   0x00000000        0x0 /opt/Cortina/toolchain/toolchain-arm_gcc-4.5.1+l_uClibc-0.9.32_eabi/bin/../lib/gcc/arm-openwrt-linux-uclibcgnueabi/4.5.2/../../../../arm-openwrt-linux-uclibcgnueabi/lib/libcrypt.so

.gnu.version_d  0x0000ae5c        0x0 load address 0x0000ae5b
 *(SORT(.gnu.version_d))
 .gnu.version_d
                0x00000000        0x0 /opt/Cortina/toolchain/toolchain-arm_gcc-4.5.1+l_uClibc-0.9.32_eabi/bin/../lib/gcc/arm-openwrt-linux-uclibcgnueabi/4.5.2/../../../../arm-openwrt-linux-uclibcgnueabi/lib/libcrypt.so

.gnu.version_r  0x0000ae5c        0x0 load address 0x0000ae5b
 *(SORT(.gnu.version_r))
 .gnu.version_r
                0x00000000        0x0 /opt/Cortina/toolchain/toolchain-arm_gcc-4.5.1+l_uClibc-0.9.32_eabi/bin/../lib/gcc/arm-openwrt-linux-uclibcgnueabi/4.5.2/../../../../arm-openwrt-linux-uclibcgnueabi/lib/libcrypt.so

.rel.dyn        0x0000ae5c       0x58
 *(SORT(.rel.init))
 *(SORT(.rel.text) SORT(.rel.text.*) SORT(.rel.gnu.linkonce.t.*))
 *(SORT(.rel.fini))
 *(SORT(.rel.rodata) SORT(.rel.rodata.*) SORT(.rel.gnu.linkonce.r.*))
 *(SORT(.rel.data.rel.ro*) SORT(.rel.gnu.linkonce.d.rel.ro.*))
 *(SORT(.rel.data) SORT(.rel.data.*) SORT(.rel.gnu.linkonce.d.*))
 *(SORT(.rel.tdata) SORT(.rel.tdata.*) SORT(.rel.gnu.linkonce.td.*))
 *(SORT(.rel.tbss) SORT(.rel.tbss.*) SORT(.rel.gnu.linkonce.tb.*))
 *(SORT(.rel.ctors))
 *(SORT(.rel.dtors))
 *(SORT(.rel.got))
 .rel.got       0x00000000        0x0 /opt/Cortina/toolchain/toolchain-arm_gcc-4.5.1+l_uClibc-0.9.32_eabi/bin/../lib/gcc/arm-openwrt-linux-uclibcgnueabi/4.5.2/../../../../arm-openwrt-linux-uclibcgnueabi/lib/libcrypt.so
 *(SORT(.rel.bss) SORT(.rel.bss.*) SORT(.rel.gnu.linkonce.b.*))
 .rel.bss       0x0000ae5c       0x58 /opt/Cortina/toolchain/toolchain-arm_gcc-4.5.1+l_uClibc-0.9.32_eabi/bin/../lib/gcc/arm-openwrt-linux-uclibcgnueabi/4.5.2/../../../../arm-openwrt-linux-uclibcgnueabi/lib/libcrypt.so
                0x0000aeb4                PROVIDE (__rel_iplt_start, .)
 *(SORT(.rel.iplt))
                0x0000aeb4                PROVIDE (__rel_iplt_end, .)
                0x0000aeb4                PROVIDE (__rela_iplt_start, .)
                0x0000aeb4                PROVIDE (__rela_iplt_end, .)

.rela.dyn       0x0000aeb4        0x0
 *(SORT(.rela.init))
 *(SORT(.rela.text) SORT(.rela.text.*) SORT(.rela.gnu.linkonce.t.*))
 *(SORT(.rela.fini))
 *(SORT(.rela.rodata) SORT(.rela.rodata.*) SORT(.rela.gnu.linkonce.r.*))
 *(SORT(.rela.data) SORT(.rela.data.*) SORT(.rela.gnu.linkonce.d.*))
 *(SORT(.rela.tdata) SORT(.rela.tdata.*) SORT(.rela.gnu.linkonce.td.*))
 *(SORT(.rela.tbss) SORT(.rela.tbss.*) SORT(.rela.gnu.linkonce.tb.*))
 *(SORT(.rela.ctors))
 *(SORT(.rela.dtors))
 *(SORT(.rela.got))
 *(SORT(.rela.bss) SORT(.rela.bss.*) SORT(.rela.gnu.linkonce.b.*))
                0x0000aeb4                PROVIDE (__rel_iplt_start, .)
                0x0000aeb4                PROVIDE (__rel_iplt_end, .)
                0x0000aeb4                PROVIDE (__rela_iplt_start, .)
 *(SORT(.rela.iplt))
                0x0000aeb4                PROVIDE (__rela_iplt_end, .)

.rel.plt        0x0000aeb4      0xb00
 *(SORT(.rel.plt))
 .rel.plt       0x0000aeb4      0xb00 /opt/Cortina/toolchain/toolchain-arm_gcc-4.5.1+l_uClibc-0.9.32_eabi/bin/../lib/gcc/arm-openwrt-linux-uclibcgnueabi/4.5.2/../../../../arm-openwrt-linux-uclibcgnueabi/lib/libcrypt.so

.rela.plt
 *(SORT(.rela.plt))

.init           0x0000b9b4       0x10
 *(SORT(.init))
 .init          0x0000b9b4        0xc /opt/Cortina/toolchain/toolchain-arm_gcc-4.5.1+l_uClibc-0.9.32_eabi/bin/../lib/gcc/arm-openwrt-linux-uclibcgnueabi/4.5.2/../../../../arm-openwrt-linux-uclibcgnueabi/lib/crti.o
                0x0000b9b4                _init
 .init          0x0000b9c0        0x4 /opt/Cortina/toolchain/toolchain-arm_gcc-4.5.1+l_uClibc-0.9.32_eabi/bin/../lib/gcc/arm-openwrt-linux-uclibcgnueabi/4.5.2/../../../../arm-openwrt-linux-uclibcgnueabi/lib/crtn.o

.plt            0x0000b9c4     0x1094
 *(SORT(.plt))
 .plt           0x0000b9c4     0x1094 /opt/Cortina/toolchain/toolchain-arm_gcc-4.5.1+l_uClibc-0.9.32_eabi/bin/../lib/gcc/arm-openwrt-linux-uclibcgnueabi/4.5.2/../../../../arm-openwrt-linux-uclibcgnueabi/lib/libcrypt.so
                0x0000b9d8                longjmp
                0x0000b9e4                stpcpy
                0x0000b9f0                chroot
                0x0000b9fc                strcpy
                0x0000ba08                setrlimit64
                0x0000ba14                unsetenv
                0x0000ba20                log
                0x0000ba2c                mkstemp64
                0x0000ba38                sqrt
                0x0000ba44                waitpid
                0x0000ba50                pause
                0x0000ba5c                ioctl
                0x0000ba68                strtok_r
                0x0000ba74                getgid
                0x0000ba80                popen
                0x0000ba8c                sysconf
                0x0000ba98                printf
                0x0000baa4                vsprintf
                0x0000bab0                random
                0x0000babc                cfgetospeed
                0x0000bac8                recv
                0x0000bad4                connect
                0x0000bae0                ungetc
                0x0000baec                tcgetsid
                0x0000baf8                utimes
                0x0000bb04                shmctl
                0x0000bb10                strerror
                0x0000bb1c                memrchr
                0x0000bb28                geteuid
                0x0000bb34                inet_pton
                0x0000bb40                stat64
                0x0000bb4c                memmove
                0x0000bb58                pclose
                0x0000bb64                getopt_long
                0x0000bb70                snprintf
                0x0000bb7c                pmap_set
                0x0000bb88                mknod
                0x0000bb94                ftello64
                0x0000bba0                getgrgid
                0x0000bbac                clnt_spcreateerror
                0x0000bbb8                times
                0x0000bbc4                statfs64
                0x0000bbd0                authunix_create_default
                0x0000bbdc                __aeabi_d2lz
                0x0000bbe8                getenv
                0x0000bbf4                fchmod
                0x0000bc00                getegid
                0x0000bc0c                setlinebuf
                0x0000bc18                setpriority
                0x0000bc24                getpriority
                0x0000bc30                bsearch
                0x0000bc3c                usleep
                0x0000bc48                execve
                0x0000bc54                semget
                0x0000bc60                getpagesize
                0x0000bc6c                getpid
                0x0000bc78                qsort
                0x0000bc84                fchown
                0x0000bc90                fscanf
                0x0000bc9c                dirname
                0x0000bca8                fcntl64
                0x0000bcb4                getrlimit64
                0x0000bcc0                fchdir
                0x0000bccc                shmat
                0x0000bcd8                memcpy
                0x0000bce4                pmap_getport
                0x0000bcf0                setvbuf
                0x0000bcfc                execl
                0x0000bd08                readlink
                0x0000bd14                puts
                0x0000bd20                dup2
                0x0000bd2c                tcflush
                0x0000bd38                execle
                0x0000bd44                getuid
                0x0000bd50                semctl
                0x0000bd5c                system
                0x0000bd68                feof
                0x0000bd74                hasmntopt
                0x0000bd80                malloc
                0x0000bd8c                isatty
                0x0000bd98                cfgetispeed
                0x0000bda4                siglongjmp
                0x0000bdb0                sleep
                0x0000bdbc                sysinfo
                0x0000bdc8                vsnprintf
                0x0000bdd4                strtoll
                0x0000bde0                recvfrom
                0x0000bdec                xdr_bytes
                0x0000bdf8                tcdrain
                0x0000be04                pivot_root
                0x0000be10                strtoul
                0x0000be1c                mktemp
                0x0000be28                gethostbyaddr
                0x0000be34                settimeofday
                0x0000be40                rmdir
                0x0000be4c                socket
                0x0000be58                select
                0x0000be64                init_module
                0x0000be70                lchown
                0x0000be7c                setgroups
                0x0000be88                delete_module
                0x0000be94                mempcpy
                0x0000bea0                fflush
                0x0000beac                realpath
                0x0000beb8                getrpcbyname
                0x0000bec4                putenv
                0x0000bed0                sigaddset
                0x0000bedc                clearenv
                0x0000bee8                chown
                0x0000bef4                strncasecmp
                0x0000bf00                setpgid
                0x0000bf0c                send
                0x0000bf18                freeaddrinfo
                0x0000bf24                __fgetc_unlocked
                0x0000bf30                abort
                0x0000bf3c                gmtime_r
                0x0000bf48                chmod
                0x0000bf54                getnameinfo
                0x0000bf60                fstat64
                0x0000bf6c                alarm
                0x0000bf78                mlock
                0x0000bf84                strtol
                0x0000bf90                __sigsetjmp
                0x0000bf9c                pipe
                0x0000bfa8                getpgrp
                0x0000bfb4                strnlen
                0x0000bfc0                uname
                0x0000bfcc                accept
                0x0000bfd8                cfsetispeed
                0x0000bfe4                rename
                0x0000bff0                strrchr
                0x0000bffc                nanosleep
                0x0000c008                xdr_enum
                0x0000c014                strtod
                0x0000c020                gai_strerror
                0x0000c02c                write
                0x0000c038                fprintf
                0x0000c044                kill
                0x0000c050                fputs_unlocked
                0x0000c05c                ctime
                0x0000c068                strcat
                0x0000c074                bind
                0x0000c080                getmntent_r
                0x0000c08c                inet_addr
                0x0000c098                vprintf
                0x0000c0a4                umount2
                0x0000c0b0                mkfifo
                0x0000c0bc                if_nametoindex
                0x0000c0c8                reboot
                0x0000c0d4                chdir
                0x0000c0e0                initgroups
                0x0000c0ec                pmap_unset
                0x0000c0f8                shmdt
                0x0000c104                endgrent
                0x0000c110                setsockopt
                0x0000c11c                wait3
                0x0000c128                shmget
                0x0000c134                cfsetospeed
                0x0000c140                cos
                0x0000c14c                memchr
                0x0000c158                swapoff
                0x0000c164                wait
                0x0000c170                umask
                0x0000c17c                dprintf
                0x0000c188                mktime
                0x0000c194                strcasestr
                0x0000c1a0                ferror
                0x0000c1ac                strstr
                0x0000c1b8                unlockpt
                0x0000c1c4                sin
                0x0000c1d0                rand
                0x0000c1dc                flock
                0x0000c1e8                setgid
                0x0000c1f4                atan2
                0x0000c200                signal
                0x0000c20c                read
                0x0000c218                openlog
                0x0000c224                sendmsg
                0x0000c230                clntudp_create
                0x0000c23c                closelog
                0x0000c248                strncmp
                0x0000c254                sethostname
                0x0000c260                __cmsg_nxthdr
                0x0000c26c                setpgrp
                0x0000c278                pow
                0x0000c284                strncpy
                0x0000c290                unlink
                0x0000c29c                sync
                0x0000c2a8                setenv
                0x0000c2b4                freopen64
                0x0000c2c0                strcasecmp
                0x0000c2cc                sendto
                0x0000c2d8                realloc
                0x0000c2e4                __cxa_atexit
                0x0000c2f0                readdir64
                0x0000c2fc                strtok
                0x0000c308                memcmp
                0x0000c314                listen
                0x0000c320                crypt
                0x0000c32c                xdr_opaque
                0x0000c338                fdopen
                0x0000c344                fork
                0x0000c350                sscanf
                0x0000c35c                execv
                0x0000c368                setmntent
                0x0000c374                lstat64
                0x0000c380                execlp
                0x0000c38c                sigaction
                0x0000c398                endmntent
                0x0000c3a4                __res_init
                0x0000c3b0                killpg
                0x0000c3bc                fread
                0x0000c3c8                ttyname_r
                0x0000c3d4                __uClibc_main
                0x0000c3e0                strdup
                0x0000c3ec                inet_aton
                0x0000c3f8                strtoull
                0x0000c404                regcomp
                0x0000c410                symlink
                0x0000c41c                gettimeofday
                0x0000c428                getopt
                0x0000c434                localtime
                0x0000c440                memset
                0x0000c44c                fnmatch
                0x0000c458                cfmakeraw
                0x0000c464                getsid
                0x0000c470                srand
                0x0000c47c                clearerr
                0x0000c488                mallopt
                0x0000c494                fclose
                0x0000c4a0                grantpt
                0x0000c4ac                open64
                0x0000c4b8                xdr_string
                0x0000c4c4                inet_ntoa
                0x0000c4d0                getppid
                0x0000c4dc                tcgetattr
                0x0000c4e8                getservbyport
                0x0000c4f4                regexec
                0x0000c500                time
                0x0000c50c                opendir
                0x0000c518                getgroups
                0x0000c524                poll
                0x0000c530                getgrouplist
                0x0000c53c                syslog
                0x0000c548                seteuid
                0x0000c554                exp
                0x0000c560                xdr_u_int
                0x0000c56c                getopt_long_only
                0x0000c578                getpwent_r
                0x0000c584                mount
                0x0000c590                strcmp
                0x0000c59c                shutdown
                0x0000c5a8                pmap_getmaps
                0x0000c5b4                getpwuid
                0x0000c5c0                __h_errno_location
                0x0000c5cc                dup
                0x0000c5d8                swapon
                0x0000c5e4                getcwd
                0x0000c5f0                __res_state
                0x0000c5fc                gethostbyname
                0x0000c608                strsignal
                0x0000c614                getpwnam
                0x0000c620                getservbyname
                0x0000c62c                sprintf
                0x0000c638                ether_aton_r
                0x0000c644                clnttcp_create
                0x0000c650                asprintf
                0x0000c65c                strcspn
                0x0000c668                getpeername
                0x0000c674                cfsetspeed
                0x0000c680                scanf
                0x0000c68c                regerror
                0x0000c698                umount
                0x0000c6a4                vfork
                0x0000c6b0                sched_getaffinity
                0x0000c6bc                srandom
                0x0000c6c8                strsep
                0x0000c6d4                fsync
                0x0000c6e0                fputc
                0x0000c6ec                clnt_sperror
                0x0000c6f8                sched_setaffinity
                0x0000c704                getsockopt
                0x0000c710                hstrerror
                0x0000c71c                localtime_r
                0x0000c728                getaddrinfo
                0x0000c734                lutimes
                0x0000c740                strftime
                0x0000c74c                __aeabi_llsl
                0x0000c758                sendfile64
                0x0000c764                mkdtemp
                0x0000c770                getmntent
                0x0000c77c                fwrite
                0x0000c788                access
                0x0000c794                bindresvport
                0x0000c7a0                strptime
                0x0000c7ac                tcgetpgrp
                0x0000c7b8                __errno_location
                0x0000c7c4                link
                0x0000c7d0                semop
                0x0000c7dc                exit
                0x0000c7e8                ether_ntoa
                0x0000c7f4                stime
                0x0000c800                klogctl
                0x0000c80c                sigdelset
                0x0000c818                setbuf
                0x0000c824                inet_ntop
                0x0000c830                getgrnam
                0x0000c83c                atoi
                0x0000c848                fileno
                0x0000c854                _setjmp
                0x0000c860                fgets_unlocked
                0x0000c86c                getline
                0x0000c878                _exit
                0x0000c884                strverscmp
                0x0000c890                gmtime
                0x0000c89c                strspn
                0x0000c8a8                munlock
                0x0000c8b4                daemon
                0x0000c8c0                strlen
                0x0000c8cc                lseek64
                0x0000c8d8                xdr_array
                0x0000c8e4                ptsname_r
                0x0000c8f0                regfree
                0x0000c8fc                div
                0x0000c908                strchr
                0x0000c914                fputs
                0x0000c920                execvp
                0x0000c92c                setsid
                0x0000c938                setegid
                0x0000c944                closedir
                0x0000c950                vasprintf
                0x0000c95c                recvmsg
                0x0000c968                strchrnul
                0x0000c974                tzset
                0x0000c980                setuid
                0x0000c98c                gethostid
                0x0000c998                fseeko64
                0x0000c9a4                tcsetattr
                0x0000c9b0                mkdir
                0x0000c9bc                close
                0x0000c9c8                vfprintf
                0x0000c9d4                strpbrk
                0x0000c9e0                tcsetpgrp
                0x0000c9ec                xdr_int
                0x0000c9f8                sigsuspend
                0x0000ca04                raise
                0x0000ca10                free
                0x0000ca1c                sigprocmask
                0x0000ca28                __fputc_unlocked
                0x0000ca34                getsockname
                0x0000ca40                fopen64
                0x0000ca4c                ftruncate64

.iplt
 *(SORT(.iplt))

.text           0x0000ca58    0x7ea34
 *(SORT(.text.unlikely) SORT(.text.*_unlikely))
 *(SORT(.text) SORT(.stub) SORT(.text.*) SORT(.gnu.linkonce.t.*))
 .text          0x0000ca58       0x3c /opt/Cortina/toolchain/toolchain-arm_gcc-4.5.1+l_uClibc-0.9.32_eabi/bin/../lib/gcc/arm-openwrt-linux-uclibcgnueabi/4.5.2/../../../../arm-openwrt-linux-uclibcgnueabi/lib/crt1.o
                0x0000ca58                _start
 .text          0x0000ca94       0x5c /opt/Cortina/toolchain/toolchain-arm_gcc-4.5.1+l_uClibc-0.9.32_eabi/bin/../lib/gcc/arm-openwrt-linux-uclibcgnueabi/4.5.2/crtbegin.o
 .text.applet_name_compare
                0x0000caf0       0x30 libbb/lib.a(appletlib.o)
 .text.find_applet_by_name
                0x0000cb20       0x2c libbb/lib.a(appletlib.o)
                0x0000cb20                find_applet_by_name
 .text.bb_show_usage
                0x0000cb4c       0xf0 libbb/lib.a(appletlib.o)
                0x0000cb4c                bb_show_usage
 .text.lbb_prepare
                0x0000cc3c       0x2c libbb/lib.a(appletlib.o)
                0x0000cc3c                lbb_prepare
 .text.run_applet_no_and_exit
                0x0000cc68      0x110 libbb/lib.a(appletlib.o)
                0x0000cc68                run_applet_no_and_exit
 .text.run_applet_and_exit
                0x0000cd78      0x208 libbb/lib.a(appletlib.o)
                0x0000cd78                run_applet_and_exit
 .text.main     0x0000cf80       0x8c libbb/lib.a(appletlib.o)
                0x0000cf80                main
 .text.bb_basename
                0x0000d00c       0x24 libbb/lib.a(get_last_path_component.o)
                0x0000d00c                bb_basename
 .text.bb_get_last_path_component_nostrip
                0x0000d030       0x3c libbb/lib.a(get_last_path_component.o)
                0x0000d030                bb_get_last_path_component_nostrip
 .text.bb_get_last_path_component_strip
                0x0000d06c       0x50 libbb/lib.a(get_last_path_component.o)
                0x0000d06c                bb_get_last_path_component_strip
 .text.last_char_is
                0x0000d0bc       0x40 libbb/lib.a(last_char_is.o)
                0x0000d0bc                last_char_is
 .text.bb_verror_msg
                0x0000d0fc      0x1c4 libbb/lib.a(verror_msg.o)
                0x0000d0fc                bb_verror_msg
 .text.bb_error_msg_and_die
                0x0000d2c0       0x20 libbb/lib.a(verror_msg.o)
                0x0000d2c0                bb_error_msg_and_die
 .text.bb_error_msg
                0x0000d2e0       0x28 libbb/lib.a(verror_msg.o)
                0x0000d2e0                bb_error_msg
 .text.xfunc_die
                0x0000d308       0x50 libbb/lib.a(xfunc_die.o)
                0x0000d308                xfunc_die
 .text.wh_helper
                0x0000d358       0x54 libbb/lib.a(xfuncs.o)
 .text.ndelay_on
                0x0000d3ac       0x30 libbb/lib.a(xfuncs.o)
                0x0000d3ac                ndelay_on
 .text.ndelay_off
                0x0000d3dc       0x30 libbb/lib.a(xfuncs.o)
                0x0000d3dc                ndelay_off
 .text.close_on_exec_on
                0x0000d40c       0x18 libbb/lib.a(xfuncs.o)
                0x0000d40c                close_on_exec_on
 .text.strncpy_IFNAMSIZ
                0x0000d424       0x14 libbb/lib.a(xfuncs.o)
                0x0000d424                strncpy_IFNAMSIZ
 .text.utoa_to_buf
                0x0000d438       0x98 libbb/lib.a(xfuncs.o)
                0x0000d438                utoa_to_buf
 .text.itoa_to_buf
                0x0000d4d0       0x28 libbb/lib.a(xfuncs.o)
                0x0000d4d0                itoa_to_buf
 .text.utoa     0x0000d4f8       0x2c libbb/lib.a(xfuncs.o)
                0x0000d4f8                utoa
 .text.itoa     0x0000d524       0x2c libbb/lib.a(xfuncs.o)
                0x0000d524                itoa
 .text.bin2hex  0x0000d550       0x54 libbb/lib.a(xfuncs.o)
                0x0000d550                bin2hex
 .text.hex2bin  0x0000d5a4       0xe8 libbb/lib.a(xfuncs.o)
                0x0000d5a4                hex2bin
 .text.bb_putchar_stderr
                0x0000d68c       0x20 libbb/lib.a(xfuncs.o)
                0x0000d68c                bb_putchar_stderr
 .text.full_write1_str
                0x0000d6ac       0x24 libbb/lib.a(xfuncs.o)
                0x0000d6ac                full_write1_str
 .text.full_write2_str
                0x0000d6d0       0x24 libbb/lib.a(xfuncs.o)
                0x0000d6d0                full_write2_str
 .text.get_terminal_width_height
                0x0000d6f4       0xa0 libbb/lib.a(xfuncs.o)
                0x0000d6f4                get_terminal_width_height
 .text.tcsetattr_stdin_TCSANOW
                0x0000d794       0x1c libbb/lib.a(xfuncs.o)
                0x0000d794                tcsetattr_stdin_TCSANOW
 .text.safe_waitpid
                0x0000d7b0       0x48 libbb/lib.a(xfuncs.o)
                0x0000d7b0                safe_waitpid
 .text.wait_any_nohang
                0x0000d7f8       0x10 libbb/lib.a(xfuncs.o)
                0x0000d7f8                wait_any_nohang
 .text.wait4pid
                0x0000d808       0x58 libbb/lib.a(xfuncs.o)
                0x0000d808                wait4pid
 .text.malloc_or_warn
                0x0000d860       0x3c libbb/lib.a(xfuncs_printf.o)
                0x0000d860                malloc_or_warn
 .text.xmalloc  0x0000d89c       0x34 libbb/lib.a(xfuncs_printf.o)
                0x0000d89c                xmalloc
 .text.xrealloc
                0x0000d8d0       0x34 libbb/lib.a(xfuncs_printf.o)
                0x0000d8d0                xrealloc
 .text.xzalloc  0x0000d904       0x28 libbb/lib.a(xfuncs_printf.o)
                0x0000d904                xzalloc
 .text.xstrdup  0x0000d92c       0x30 libbb/lib.a(xfuncs_printf.o)
                0x0000d92c                xstrdup
 .text.xstrndup
                0x0000d95c       0x54 libbb/lib.a(xfuncs_printf.o)
                0x0000d95c                xstrndup
 .text.xfopen   0x0000d9b0       0x28 libbb/lib.a(xfuncs_printf.o)
                0x0000d9b0                xfopen
 .text.xopen3   0x0000d9d8       0x28 libbb/lib.a(xfuncs_printf.o)
                0x0000d9d8                xopen3
 .text.xopen    0x0000da00        0xc libbb/lib.a(xfuncs_printf.o)
                0x0000da00                xopen
 .text.open3_or_warn
                0x0000da0c       0x2c libbb/lib.a(xfuncs_printf.o)
                0x0000da0c                open3_or_warn
 .text.open_or_warn
                0x0000da38        0xc libbb/lib.a(xfuncs_printf.o)
                0x0000da38                open_or_warn
 .text.xopen_nonblocking
                0x0000da44        0x8 libbb/lib.a(xfuncs_printf.o)
                0x0000da44                xopen_nonblocking
 .text.xunlink  0x0000da4c       0x28 libbb/lib.a(xfuncs_printf.o)
                0x0000da4c                xunlink
 .text.xrename  0x0000da74       0x30 libbb/lib.a(xfuncs_printf.o)
                0x0000da74                xrename
 .text.xpipe    0x0000daa4       0x20 libbb/lib.a(xfuncs_printf.o)
                0x0000daa4                xpipe
 .text.xdup2    0x0000dac4       0x24 libbb/lib.a(xfuncs_printf.o)
                0x0000dac4                xdup2
 .text.xmove_fd
                0x0000dae8       0x24 libbb/lib.a(xfuncs_printf.o)
                0x0000dae8                xmove_fd
 .text.xwrite   0x0000db0c       0x28 libbb/lib.a(xfuncs_printf.o)
                0x0000db0c                xwrite
 .text.xwrite_str
                0x0000db34       0x28 libbb/lib.a(xfuncs_printf.o)
                0x0000db34                xwrite_str
 .text.xclose   0x0000db5c       0x20 libbb/lib.a(xfuncs_printf.o)
                0x0000db5c                xclose
 .text.xlseek   0x0000db7c       0x68 libbb/lib.a(xfuncs_printf.o)
                0x0000db7c                xlseek
 .text.xmkstemp
                0x0000dbe4       0x28 libbb/lib.a(xfuncs_printf.o)
                0x0000dbe4                xmkstemp
 .text.die_if_ferror
                0x0000dc0c       0x28 libbb/lib.a(xfuncs_printf.o)
                0x0000dc0c                die_if_ferror
 .text.die_if_ferror_stdout
                0x0000dc34       0x18 libbb/lib.a(xfuncs_printf.o)
                0x0000dc34                die_if_ferror_stdout
 .text.fflush_all
                0x0000dc4c       0x14 libbb/lib.a(xfuncs_printf.o)
                0x0000dc4c                fflush_all
 .text.bb_putchar
                0x0000dc60       0x34 libbb/lib.a(xfuncs_printf.o)
                0x0000dc60                bb_putchar
 .text.xasprintf
                0x0000dc94       0x3c libbb/lib.a(xfuncs_printf.o)
                0x0000dc94                xasprintf
 .text.xsetenv  0x0000dcd0       0x24 libbb/lib.a(xfuncs_printf.o)
                0x0000dcd0                xsetenv
 .text.bb_unsetenv
                0x0000dcf4       0x48 libbb/lib.a(xfuncs_printf.o)
                0x0000dcf4                bb_unsetenv
 .text.bb_unsetenv_and_free
                0x0000dd3c       0x1c libbb/lib.a(xfuncs_printf.o)
                0x0000dd3c                bb_unsetenv_and_free
 .text.xsetgid  0x0000dd58       0x20 libbb/lib.a(xfuncs_printf.o)
                0x0000dd58                xsetgid
 .text.xsetuid  0x0000dd78       0x20 libbb/lib.a(xfuncs_printf.o)
                0x0000dd78                xsetuid
 .text.xsetegid
                0x0000dd98       0x20 libbb/lib.a(xfuncs_printf.o)
                0x0000dd98                xsetegid
 .text.xseteuid
                0x0000ddb8       0x20 libbb/lib.a(xfuncs_printf.o)
                0x0000ddb8                xseteuid
 .text.xopen_as_uid_gid
                0x0000ddd8       0x60 libbb/lib.a(xfuncs_printf.o)
                0x0000ddd8                xopen_as_uid_gid
 .text.xchdir   0x0000de38       0x28 libbb/lib.a(xfuncs_printf.o)
                0x0000de38                xchdir
 .text.xchroot  0x0000de60       0x30 libbb/lib.a(xfuncs_printf.o)
                0x0000de60                xchroot
 .text.warn_opendir
                0x0000de90       0x2c libbb/lib.a(xfuncs_printf.o)
                0x0000de90                warn_opendir
 .text.xopendir
                0x0000debc       0x28 libbb/lib.a(xfuncs_printf.o)
                0x0000debc                xopendir
 .text.xsocket  0x0000dee4       0x70 libbb/lib.a(xfuncs_printf.o)
                0x0000dee4                xsocket
 .text.xbind    0x0000df54       0x20 libbb/lib.a(xfuncs_printf.o)
                0x0000df54                xbind
 .text.xlisten  0x0000df74       0x20 libbb/lib.a(xfuncs_printf.o)
                0x0000df74                xlisten
 .text.xsendto  0x0000df94       0x30 libbb/lib.a(xfuncs_printf.o)
                0x0000df94                xsendto
 .text.xstat    0x0000dfc4       0x28 libbb/lib.a(xfuncs_printf.o)
                0x0000dfc4                xstat
 .text.xfstat   0x0000dfec       0x20 libbb/lib.a(xfuncs_printf.o)
                0x0000dfec                xfstat
 .text.ioctl_or_perror_and_die
                0x0000e00c       0x50 libbb/lib.a(xfuncs_printf.o)
                0x0000e00c                ioctl_or_perror_and_die
 .text.ioctl_or_perror
                0x0000e05c       0x50 libbb/lib.a(xfuncs_printf.o)
                0x0000e05c                ioctl_or_perror
 .text.bb_ioctl_or_warn
                0x0000e0ac       0x24 libbb/lib.a(xfuncs_printf.o)
                0x0000e0ac                bb_ioctl_or_warn
 .text.bb_xioctl
                0x0000e0d0       0x20 libbb/lib.a(xfuncs_printf.o)
                0x0000e0d0                bb_xioctl
 .text.xmalloc_ttyname
                0x0000e0f0       0x30 libbb/lib.a(xfuncs_printf.o)
                0x0000e0f0                xmalloc_ttyname
 .text.generate_uuid
                0x0000e120       0xa8 libbb/lib.a(xfuncs_printf.o)
                0x0000e120                generate_uuid
 .text.xfork    0x0000e1c8       0x20 libbb/lib.a(xfuncs_printf.o)
                0x0000e1c8                xfork
 .text.bb_full_fd_action
                0x0000e1e8      0x13c libbb/lib.a(copyfd.o)
 .text.bb_copyfd_size
                0x0000e324       0x2c libbb/lib.a(copyfd.o)
                0x0000e324                bb_copyfd_size
 .text.bb_copyfd_exact_size
                0x0000e350       0x5c libbb/lib.a(copyfd.o)
                0x0000e350                bb_copyfd_exact_size
 .text.bb_copyfd_eof
                0x0000e3ac        0xc libbb/lib.a(copyfd.o)
                0x0000e3ac                bb_copyfd_eof
 .text.full_write
                0x0000e3b8       0x5c libbb/lib.a(full_write.o)
                0x0000e3b8                full_write
 .text.bb_perror_msg
                0x0000e414       0x44 libbb/lib.a(perror_msg.o)
                0x0000e414                bb_perror_msg
 .text.bb_perror_msg_and_die
                0x0000e458       0x3c libbb/lib.a(perror_msg.o)
                0x0000e458                bb_perror_msg_and_die
 .text.bb_simple_perror_msg
                0x0000e494       0x10 libbb/lib.a(perror_msg.o)
                0x0000e494                bb_simple_perror_msg
 .text.bb_simple_perror_msg_and_die
                0x0000e4a4       0x14 libbb/lib.a(perror_msg.o)
                0x0000e4a4                bb_simple_perror_msg_and_die
 .text.safe_read
                0x0000e4b8       0x48 libbb/lib.a(read.o)
                0x0000e4b8                safe_read
 .text.full_read
                0x0000e500       0x60 libbb/lib.a(read.o)
                0x0000e500                full_read
 .text.read_close
                0x0000e560       0x24 libbb/lib.a(read.o)
                0x0000e560                read_close
 .text.open_read_close
                0x0000e584       0x34 libbb/lib.a(read.o)
                0x0000e584                open_read_close
 .text.safe_write
                0x0000e5b8       0x48 libbb/lib.a(safe_write.o)
                0x0000e5b8                safe_write
 .text.strftime_fmt
                0x0000e600       0x48 libbb/lib.a(time.o)
 .text.parse_datestr
                0x0000e648      0x420 libbb/lib.a(time.o)
                0x0000e648                parse_datestr
 .text.validate_tm_time
                0x0000ea68       0x2c libbb/lib.a(time.o)
                0x0000ea68                validate_tm_time
 .text.strftime_HHMMSS
                0x0000ea94        0xc libbb/lib.a(time.o)
                0x0000ea94                strftime_HHMMSS
 .text.monotonic_us
                0x0000eaa0       0x34 libbb/lib.a(time.o)
                0x0000eaa0                monotonic_us
 .text.monotonic_ms
                0x0000ead4       0x40 libbb/lib.a(time.o)
                0x0000ead4                monotonic_ms
 .text.monotonic_sec
                0x0000eb14       0x14 libbb/lib.a(time.o)
                0x0000eb14                monotonic_sec
 .text.ret_ERANGE
                0x0000eb28       0x20 libbb/lib.a(bb_strtonum.o)
 .text.handle_errors.clone.0
                0x0000eb48       0x50 libbb/lib.a(bb_strtonum.o)
 .text.bb_strtoull
                0x0000eb98       0x64 libbb/lib.a(bb_strtonum.o)
                0x0000eb98                bb_strtoull
 .text.bb_strtoll
                0x0000ebfc       0x70 libbb/lib.a(bb_strtonum.o)
                0x0000ebfc                bb_strtoll
 .text.bb_strtoul
                0x0000ec6c       0x68 libbb/lib.a(bb_strtonum.o)
                0x0000ec6c                bb_strtoul
 .text.bb_strtol
                0x0000ecd4       0x74 libbb/lib.a(bb_strtonum.o)
                0x0000ecd4                bb_strtol
 .text.addgroup_main
                0x0000ed48      0x1e0 loginutils/lib.a(addgroup.o)
                0x0000ed48                addgroup_main
 .text.addgroup_wrapper
                0x0000ef28       0x80 loginutils/lib.a(adduser.o)
 .text.adduser_main
                0x0000efa8      0x410 loginutils/lib.a(adduser.o)
                0x0000efa8                adduser_main
 .text.deluser_main
                0x0000f3b8      0x158 loginutils/lib.a(deluser.o)
                0x0000f3b8                deluser_main
 .text.bcode    0x0000f510       0x2c loginutils/lib.a(getty.o)
 .text.set_tty_attrs
                0x0000f53c       0x30 loginutils/lib.a(getty.o)
 .text.finalize_tty_attrs
                0x0000f56c       0x8c loginutils/lib.a(getty.o)
 .text.alarm_handler
                0x0000f5f8       0x10 loginutils/lib.a(getty.o)
 .text.getty_main
                0x0000f608      0x7dc loginutils/lib.a(getty.o)
                0x0000f608                getty_main
 .text.alarm_handler
                0x0000fde4       0x3c loginutils/lib.a(login.o)
 .text.login_main
                0x0000fe20      0x37c loginutils/lib.a(login.o)
                0x0000fe20                login_main
 .text.passwd_main
                0x0001019c      0x3ac loginutils/lib.a(passwd.o)
                0x0001019c                passwd_main
 .text.delete_cronfile
                0x00010548       0xb4 miscutils/lib.a(crond.o)
 .text.crondlog
                0x000105fc       0xe0 miscutils/lib.a(crond.o)
 .text.ParseField
                0x000106dc      0x234 miscutils/lib.a(crond.o)
 .text.load_crontab
                0x00010910      0x308 miscutils/lib.a(crond.o)
 .text.rescan_crontab_dir
                0x00010c18       0xc4 miscutils/lib.a(crond.o)
 .text.safe_setenv
                0x00010cdc       0x40 miscutils/lib.a(crond.o)
 .text.fork_job
                0x00010d1c      0x1c4 miscutils/lib.a(crond.o)
 .text.crond_main
                0x00010ee0      0x67c miscutils/lib.a(crond.o)
                0x00010ee0                crond_main
 .text.edit_file
                0x0001155c       0xc0 miscutils/lib.a(crontab.o)
 .text.crontab_main
                0x0001161c      0x2b8 miscutils/lib.a(crontab.o)
                0x0001161c                crontab_main
 .text.parse_opts
                0x000118d4       0x34 miscutils/lib.a(hdparm.o)
 .text.parse_opts_0_1
                0x00011908        0xc miscutils/lib.a(hdparm.o)
 .text.parse_opts_0_max
                0x00011914        0xc miscutils/lib.a(hdparm.o)
 .text.parse_opts_0_INTMAX
                0x00011920        0xc miscutils/lib.a(hdparm.o)
 .text.parse_xfermode
                0x0001192c       0xc0 miscutils/lib.a(hdparm.o)
 .text.read_big_block
                0x000119ec       0x3c miscutils/lib.a(hdparm.o)
 .text.xprint_ascii
                0x00011a28       0x94 miscutils/lib.a(hdparm.o)
 .text.mode_loop
                0x00011abc       0x88 miscutils/lib.a(hdparm.o)
 .text.print_flag
                0x00011b44       0x1c miscutils/lib.a(hdparm.o)
 .text.on_off   0x00011b60       0x2c miscutils/lib.a(hdparm.o)
 .text.print_flag_on_off
                0x00011b8c       0x30 miscutils/lib.a(hdparm.o)
 .text.print_value_on_off
                0x00011bbc       0x30 miscutils/lib.a(hdparm.o)
 .text.bus_state_value
                0x00011bec       0x4c miscutils/lib.a(hdparm.o)
 .text.identify
                0x00011c38     0x1224 miscutils/lib.a(hdparm.o)
 .text.identify_from_stdin
                0x00012e5c       0x9c miscutils/lib.a(hdparm.o)
 .text.dump_identity
                0x00012ef8      0x48c miscutils/lib.a(hdparm.o)
 .text.seek_to_zero
                0x00013384       0x24 miscutils/lib.a(hdparm.o)
 .text.flush_buffer_cache
                0x000133a8       0x74 miscutils/lib.a(hdparm.o)
 .text.do_time  0x0001341c      0x1fc miscutils/lib.a(hdparm.o)
 .text.ioctl_alt_func.clone.0
                0x00013618       0x4c miscutils/lib.a(hdparm.o)
 .text.process_dev
                0x00013664      0xe18 miscutils/lib.a(hdparm.o)
 .text.hdparm_main
                0x0001447c      0x458 miscutils/lib.a(hdparm.o)
                0x0001447c                hdparm_main
 .text.clear_line
                0x000148d4       0x2c miscutils/lib.a(less.o)
 .text.print_statusline
                0x00014900       0x38 miscutils/lib.a(less.o)
 .text.read_lines
                0x00014938      0x2dc miscutils/lib.a(less.o)
 .text.move_cursor
                0x00014c14       0x24 miscutils/lib.a(less.o)
 .text.print_hilite
                0x00014c38       0x1c miscutils/lib.a(less.o)
 .text.print_ascii
                0x00014c54      0x18c miscutils/lib.a(less.o)
 .text.status_print
                0x00014de0       0x90 miscutils/lib.a(less.o)
 .text.buffer_print
                0x00014e70       0x48 miscutils/lib.a(less.o)
 .text.buffer_fill_and_print
                0x00014eb8       0x78 miscutils/lib.a(less.o)
 .text.reinitialize
                0x00014f30       0xbc miscutils/lib.a(less.o)
 .text.change_file
                0x00014fec       0x80 miscutils/lib.a(less.o)
 .text.buffer_down
                0x0001506c       0x84 miscutils/lib.a(less.o)
 .text.buffer_up
                0x000150f0       0x34 miscutils/lib.a(less.o)
 .text.buffer_line
                0x00015124       0x44 miscutils/lib.a(less.o)
 .text.set_tty_cooked
                0x00015168       0x2c miscutils/lib.a(less.o)
 .text.less_exit
                0x00015194       0x24 miscutils/lib.a(less.o)
 .text.getch_nowait
                0x000151b8      0x108 miscutils/lib.a(less.o)
 .text.less_getch
                0x000152c0       0x50 miscutils/lib.a(less.o)
 .text.less_gets
                0x00015310       0xd0 miscutils/lib.a(less.o)
 .text.sig_catcher
                0x000153e0        0x8 miscutils/lib.a(less.o)
 .text.examine_file
                0x000153e8       0x90 miscutils/lib.a(less.o)
 .text.less_main
                0x00015478      0x748 miscutils/lib.a(less.o)
                0x00015478                less_main
 .text.exit_unlock
                0x00015bc0       0x20 miscutils/lib.a(lock.o)
 .text.lock_main
                0x00015be0      0x2b4 miscutils/lib.a(lock.o)
                0x00015be0                lock_main
 .text.next_good_eraseblock
                0x00015e94       0xa4 miscutils/lib.a(nandwrite.o)
 .text.dump_bad
                0x00015f38       0x84 miscutils/lib.a(nandwrite.o)
 .text.nandwrite_main
                0x00015fbc      0x43c miscutils/lib.a(nandwrite.o)
                0x00015fbc                nandwrite_main
 .text.serial_open
                0x000163f8       0x38 miscutils/lib.a(setserial.o)
 .text.index_in_strings_case_insensitive
                0x00016430       0x58 miscutils/lib.a(setserial.o)
 .text.get_numeric
                0x00016488       0x18 miscutils/lib.a(setserial.o)
 .text.serial_ctl
                0x000164a0       0xc4 miscutils/lib.a(setserial.o)
 .text.print_flag
                0x00016564       0x30 miscutils/lib.a(setserial.o)
 .text.setserial_main
                0x00016594      0x5a0 miscutils/lib.a(setserial.o)
                0x00016594                setserial_main
 .text.strings_main
                0x00016b34      0x1e4 miscutils/lib.a(strings.o)
                0x00016b34                strings_main
 .text.taskset_main
                0x00016d18      0x260 miscutils/lib.a(taskset.o)
                0x00016d18                taskset_main
 .text.ptok     0x00016f78       0x34 miscutils/lib.a(time.o)
 .text.run_command
                0x00016fac       0xe0 miscutils/lib.a(time.o)
 .text.time_main
                0x0001708c      0x63c miscutils/lib.a(time.o)
                0x0001708c                time_main
 .text.get_num_from_file
                0x000176c8       0x7c miscutils/lib.a(ubi_tools.o)
 .text.ubi_tools_main
                0x00017744      0x464 miscutils/lib.a(ubi_tools.o)
                0x00017744                ubi_tools_main
 .text.watchdog_shutdown
                0x00017ba8       0x3c miscutils/lib.a(watchdog.o)
 .text.watchdog_main
                0x00017be4      0x144 miscutils/lib.a(watchdog.o)
                0x00017be4                watchdog_main
 .text.order_dep_list
                0x00017d28       0x98 modutils/lib.a(depmod.o)
 .text.parse_module
                0x00017dc0      0x114 modutils/lib.a(depmod.o)
 .text.depmod_main
                0x00017ed4      0x1d0 modutils/lib.a(depmod.o)
                0x00017ed4                depmod_main
 .text.insmod_main
                0x000180a4       0x54 modutils/lib.a(insmod.o)
                0x000180a4                insmod_main
 .text.lsmod_main
                0x000180f8      0x10c modutils/lib.a(lsmod.o)
                0x000180f8                lsmod_main
 .text.humanly_readable_name
                0x00018204       0x14 modutils/lib.a(modprobe.o)
 .text.read_config
                0x00018218       0x2c modutils/lib.a(modprobe.o)
 .text.helper_get_module
                0x00018244       0xb8 modutils/lib.a(modprobe.o)
 .text.add_probe
                0x000182fc       0x6c modutils/lib.a(modprobe.o)
 .text.gather_options_str
                0x00018368       0x6c modutils/lib.a(modprobe.o)
 .text.config_file_action
                0x000183d4      0x1fc modutils/lib.a(modprobe.o)
 .text.do_modprobe
                0x000185d0      0x2c8 modutils/lib.a(modprobe.o)
 .text.modprobe_main
                0x00018898      0x420 modutils/lib.a(modprobe.o)
                0x00018898                modprobe_main
 .text.replace  0x00018cb8       0x1c modutils/lib.a(modutils.o)
                0x00018cb8                replace
 .text.string_to_llist
                0x00018cd4       0x64 modutils/lib.a(modutils.o)
                0x00018cd4                string_to_llist
 .text.filename2modname
                0x00018d38       0x78 modutils/lib.a(modutils.o)
                0x00018d38                filename2modname
 .text.parse_cmdline_module_options
                0x00018db0       0xc4 modutils/lib.a(modutils.o)
                0x00018db0                parse_cmdline_module_options
 .text.bb_init_module
                0x00018e74       0x78 modutils/lib.a(modutils.o)
                0x00018e74                bb_init_module
 .text.bb_delete_module
                0x00018eec       0x28 modutils/lib.a(modutils.o)
                0x00018eec                bb_delete_module
 .text.moderror
                0x00018f14       0x70 modutils/lib.a(modutils.o)
                0x00018f14                moderror
 .text.rmmod_main
                0x00018f84       0xf4 modutils/lib.a(rmmod.o)
                0x00018f84                rmmod_main
 .text.arp_show
                0x00019078      0x2e0 networking/lib.a(arp.o)
 .text.arp_main
                0x00019358      0x624 networking/lib.a(arp.o)
                0x00019358                arp_main
 .text.finish   0x0001997c       0xa0 networking/lib.a(arping.o)
 .text.catcher  0x00019a1c      0x188 networking/lib.a(arping.o)
 .text.arping_main
                0x00019ba4      0x788 networking/lib.a(arping.o)
                0x00019ba4                arping_main
 .text.replace_char
                0x0001a32c       0x30 networking/lib.a(ftpd.o)
 .text.pasv_active
                0x0001a35c       0x1c networking/lib.a(ftpd.o)
 .text.verbose_log
                0x0001a378       0x30 networking/lib.a(ftpd.o)
 .text.cmdio_write_ok
                0x0001a3a8       0x40 networking/lib.a(ftpd.o)
 .text.cmdio_write_error
                0x0001a3e8       0x40 networking/lib.a(ftpd.o)
 .text.escape_text
                0x0001a428       0xa4 networking/lib.a(ftpd.o)
 .text.cmdio_write
                0x0001a4cc       0x70 networking/lib.a(ftpd.o)
 .text.handle_cwd
                0x0001a53c       0x44 networking/lib.a(ftpd.o)
 .text.cmdio_write_raw
                0x0001a580       0x3c networking/lib.a(ftpd.o)
 .text.port_or_pasv_was_seen
                0x0001a5bc       0x44 networking/lib.a(ftpd.o)
 .text.port_pasv_cleanup
                0x0001a600       0x38 networking/lib.a(ftpd.o)
 .text.get_remote_transfer_fd
                0x0001a638       0x94 networking/lib.a(ftpd.o)
 .text.handle_dir_common
                0x0001a6cc      0x1b0 networking/lib.a(ftpd.o)
 .text.bind_for_passive_mode
                0x0001a87c       0x98 networking/lib.a(ftpd.o)
 .text.timeout_handler
                0x0001a914       0x94 networking/lib.a(ftpd.o)
 .text.handle_upload_common
                0x0001a9a8      0x19c networking/lib.a(ftpd.o)
 .text.ftpd_main
                0x0001ab44      0xae4 networking/lib.a(ftpd.o)
                0x0001ab44                ftpd_main
 .text.ftp_die  0x0001b628       0x54 networking/lib.a(ftpgetput.o)
 .text.ftpcmd   0x0001b67c       0xcc networking/lib.a(ftpgetput.o)
 .text.xconnect_ftpdata
                0x0001b748       0xb8 networking/lib.a(ftpgetput.o)
 .text.pump_data_and_QUIT
                0x0001b800       0x70 networking/lib.a(ftpgetput.o)
 .text.ftp_receive
                0x0001b870      0x16c networking/lib.a(ftpgetput.o)
 .text.ftp_send
                0x0001b9dc       0x70 networking/lib.a(ftpgetput.o)
 .text.ftpgetput_main
                0x0001ba4c      0x1d8 networking/lib.a(ftpgetput.o)
                0x0001ba4c                ftpgetput_main
 .text.do_sethostname
                0x0001bc24       0x84 networking/lib.a(hostname.o)
 .text.hostname_main
                0x0001bca8      0x170 networking/lib.a(hostname.o)
                0x0001bca8                hostname_main
 .text.scan_ip  0x0001be18       0xd0 networking/lib.a(httpd.o)
 .text.checkPermIP
                0x0001bee8       0x5c networking/lib.a(httpd.o)
 .text.free_llist
                0x0001bf44       0x30 networking/lib.a(httpd.o)
 .text.parse_conf
                0x0001bf74      0x5c0 networking/lib.a(httpd.o)
 .text.sighup_handler
                0x0001c534       0x10 networking/lib.a(httpd.o)
 .text.get_line
                0x0001c544       0xb0 networking/lib.a(httpd.o)
 .text.check_user_passwd
                0x0001c5f4      0x1cc networking/lib.a(httpd.o)
 .text.log_and_exit
                0x0001c7c0       0x40 networking/lib.a(httpd.o)
 .text.cgi_io_loop_and_exit
                0x0001c800      0x278 networking/lib.a(httpd.o)
 .text.setenv1  0x0001ca78       0x24 networking/lib.a(httpd.o)
 .text.send_file_and_exit
                0x0001ca9c      0x3f8 networking/lib.a(httpd.o)
 .text.send_headers
                0x0001ce94      0x34c networking/lib.a(httpd.o)
 .text.send_headers_and_exit
                0x0001d1e0       0x20 networking/lib.a(httpd.o)
 .text.send_cgi_and_exit
                0x0001d200      0x414 networking/lib.a(httpd.o)
 .text.send_REQUEST_TIMEOUT_and_exit
                0x0001d614        0xc networking/lib.a(httpd.o)
 .text.handle_incoming_and_exit
                0x0001d620      0xc14 networking/lib.a(httpd.o)
 .text.httpd_main
                0x0001e234      0x3a0 networking/lib.a(httpd.o)
                0x0001e234                httpd_main
 .text.ifconfig_main
                0x0001e5d4      0x4c8 networking/lib.a(ifconfig.o)
                0x0001e5d4                ifconfig_main
 .text.manual_up_down6
                0x0001ea9c        0x8 networking/lib.a(ifupdown.o)
 .text.manual_up_down
                0x0001eaa4        0x8 networking/lib.a(ifupdown.o)
 .text.check    0x0001eaac        0xc networking/lib.a(ifupdown.o)
 .text.strncmpz
                0x0001eab8       0x24 networking/lib.a(ifupdown.o)
 .text.get_var  0x0001eadc       0x90 networking/lib.a(ifupdown.o)
 .text.find_iface_state
                0x0001eb6c       0x5c networking/lib.a(ifupdown.o)
 .text.addstr   0x0001ebc8       0x5c networking/lib.a(ifupdown.o)
 .text.execute  0x0001ec24      0x308 networking/lib.a(ifupdown.o)
 .text.loopback_down6
                0x0001ef2c       0x18 networking/lib.a(ifupdown.o)
 .text.loopback_up6
                0x0001ef44       0x50 networking/lib.a(ifupdown.o)
 .text.static_down6
                0x0001ef94       0x18 networking/lib.a(ifupdown.o)
 .text.static_up6
                0x0001efac       0x68 networking/lib.a(ifupdown.o)
 .text.v4tunnel_down
                0x0001f014       0x18 networking/lib.a(ifupdown.o)
 .text.v4tunnel_up
                0x0001f02c       0x80 networking/lib.a(ifupdown.o)
 .text.loopback_down
                0x0001f0ac       0x50 networking/lib.a(ifupdown.o)
 .text.loopback_up
                0x0001f0fc       0x50 networking/lib.a(ifupdown.o)
 .text.bootp_up
                0x0001f14c       0x18 networking/lib.a(ifupdown.o)
 .text.static_down
                0x0001f164       0x50 networking/lib.a(ifupdown.o)
 .text.static_up
                0x0001f1b4       0x68 networking/lib.a(ifupdown.o)
 .text.ppp_down
                0x0001f21c       0x18 networking/lib.a(ifupdown.o)
 .text.ppp_up   0x0001f234       0x18 networking/lib.a(ifupdown.o)
 .text.wvdial_down
                0x0001f24c       0x18 networking/lib.a(ifupdown.o)
 .text.wvdial_up
                0x0001f264       0x18 networking/lib.a(ifupdown.o)
 .text.dhcp_up  0x0001f27c       0x90 networking/lib.a(ifupdown.o)
 .text.dhcp_down
                0x0001f30c       0x94 networking/lib.a(ifupdown.o)
 .text.next_word
                0x0001f3a0       0x5c networking/lib.a(ifupdown.o)
 .text.popen2   0x0001f3fc       0xbc networking/lib.a(ifupdown.o)
 .text.read_iface_state
                0x0001f4b8       0x64 networking/lib.a(ifupdown.o)
 .text.setlocalenv
                0x0001f51c       0x88 networking/lib.a(ifupdown.o)
 .text.set_environ
                0x0001f5a4      0x16c networking/lib.a(ifupdown.o)
 .text.doit     0x0001f710       0xb4 networking/lib.a(ifupdown.o)
 .text.execute_all
                0x0001f7c4       0x70 networking/lib.a(ifupdown.o)
 .text.iface_up
                0x0001f834       0xb0 networking/lib.a(ifupdown.o)
 .text.iface_down
                0x0001f8e4       0xb0 networking/lib.a(ifupdown.o)
 .text.read_interfaces
                0x0001f994      0x530 networking/lib.a(ifupdown.o)
 .text.ifupdown_main
                0x0001fec4      0x4ec networking/lib.a(ifupdown.o)
                0x0001fec4                ifupdown_main
 .text.remove_fd_from_set
                0x000203b0       0x40 networking/lib.a(inetd.o)
 .text.init_ring
                0x000203f0       0x30 networking/lib.a(inetd.o)
 .text.discard_dg
                0x00020420       0x24 networking/lib.a(inetd.o)
 .text.maybe_close
                0x00020444       0x14 networking/lib.a(inetd.o)
 .text.free_servtab_strings
                0x00020458       0x64 networking/lib.a(inetd.o)
 .text.bump_nofile
                0x000204bc       0xbc networking/lib.a(inetd.o)
 .text.add_fd_to_set
                0x00020578       0x80 networking/lib.a(inetd.o)
 .text.block_CHLD_HUP_ALRM
                0x000205f8       0x4c networking/lib.a(inetd.o)
 .text.restore_sigmask
                0x00020644       0x1c networking/lib.a(inetd.o)
 .text.rearm_alarm
                0x00020660       0x2c networking/lib.a(inetd.o)
 .text.xzalloc_lsa
                0x0002068c       0x38 networking/lib.a(inetd.o)
 .text.new_servtab
                0x000206c4       0x1c networking/lib.a(inetd.o)
 .text.unregister_rpc
                0x000206e0       0x4c networking/lib.a(inetd.o)
 .text.clean_up_and_exit
                0x0002072c       0x84 networking/lib.a(inetd.o)
 .text.reap_child
                0x000207b0       0xc8 networking/lib.a(inetd.o)
 .text.daytime_dg
                0x00020878       0xb4 networking/lib.a(inetd.o)
 .text.daytime_stream
                0x0002092c       0x3c networking/lib.a(inetd.o)
 .text.machtime
                0x00020968       0x40 networking/lib.a(inetd.o)
 .text.machtime_dg
                0x000209a8       0x88 networking/lib.a(inetd.o)
 .text.machtime_stream
                0x00020a30       0x28 networking/lib.a(inetd.o)
 .text.chargen_dg
                0x00020a58      0x104 networking/lib.a(inetd.o)
 .text.chargen_stream
                0x00020b5c       0x9c networking/lib.a(inetd.o)
 .text.discard_stream
                0x00020bf8       0x30 networking/lib.a(inetd.o)
 .text.echo_stream
                0x00020c28       0x40 networking/lib.a(inetd.o)
 .text.echo_dg  0x00020c68       0x90 networking/lib.a(inetd.o)
 .text.register_rpc
                0x00020cf8       0xd0 networking/lib.a(inetd.o)
 .text.prepare_socket_fd
                0x00020dc8      0x158 networking/lib.a(inetd.o)
 .text.reread_config_file
                0x00020f20      0x9a8 networking/lib.a(inetd.o)
 .text.retry_network_setup
                0x000218c8       0x7c networking/lib.a(inetd.o)
 .text.inetd_main
                0x00021944      0x8f4 networking/lib.a(inetd.o)
                0x00021944                inetd_main
 .text.get_afntype
                0x00022238       0x2c networking/lib.a(interface.o)
 .text.add_interface
                0x00022264       0x94 networking/lib.a(interface.o)
 .text.if_readconf
                0x000222f8       0xd0 networking/lib.a(interface.o)
 .text.if_readlist_proc
                0x000223c8      0x2a0 networking/lib.a(interface.o)
 .text.do_if_fetch
                0x00022668      0x308 networking/lib.a(interface.o)
 .text.print_bytes_scaled
                0x00022970       0xa4 networking/lib.a(interface.o)
 .text.UNSPEC_print
                0x00022a14       0x74 networking/lib.a(interface.o)
 .text.UNSPEC_sprint
                0x00022a88       0x28 networking/lib.a(interface.o)
 .text.INET6_input
                0x00022ab0       0x10 networking/lib.a(interface.o)
 .text.INET6_sprint
                0x00022ac0       0x50 networking/lib.a(interface.o)
 .text.INET_input
                0x00022b10       0x14 networking/lib.a(interface.o)
 .text.INET_sprint
                0x00022b24       0x54 networking/lib.a(interface.o)
 .text.ether_print
                0x00022b78       0x5c networking/lib.a(interface.o)
 .text.get_aftype
                0x00022bd4       0x40 networking/lib.a(interface.o)
                0x00022bd4                get_aftype
 .text.get_hwtype
                0x00022c14       0x40 networking/lib.a(interface.o)
                0x00022c14                get_hwtype
 .text.get_hwntype
                0x00022c54       0x2c networking/lib.a(interface.o)
                0x00022c54                get_hwntype
 .text.ife_print
                0x00022c80      0x5c0 networking/lib.a(interface.o)
 .text.display_interfaces
                0x00023240       0xd4 networking/lib.a(interface.o)
                0x00023240                display_interfaces
 .text.ip_do    0x00023314       0x20 networking/lib.a(ip.o)
 .text.ip_print_help
                0x00023334        0x8 networking/lib.a(ip.o)
 .text.ipaddr_main
                0x0002333c        0xc networking/lib.a(ip.o)
                0x0002333c                ipaddr_main
 .text.iplink_main
                0x00023348        0xc networking/lib.a(ip.o)
                0x00023348                iplink_main
 .text.iproute_main
                0x00023354        0xc networking/lib.a(ip.o)
                0x00023354                iproute_main
 .text.iprule_main
                0x00023360        0xc networking/lib.a(ip.o)
                0x00023360                iprule_main
 .text.iptunnel_main
                0x0002336c        0xc networking/lib.a(ip.o)
                0x0002336c                iptunnel_main
 .text.ip_main  0x00023378       0x50 networking/lib.a(ip.o)
                0x00023378                ip_main
 .text.nbdclient_main
                0x000233c8      0x230 networking/lib.a(nbd-client.o)
                0x000233c8                nbdclient_main
 .text.nc_main  0x000235f8      0x160 networking/lib.a(nc.o)
                0x000235f8                nc_main
 .text.prg_cache_get
                0x00023758       0x54 networking/lib.a(netstat.o)
 .text.dir_act  0x000237ac       0xf0 networking/lib.a(netstat.o)
 .text.add_to_prg_cache_if_socket
                0x0002389c      0x11c networking/lib.a(netstat.o)
 .text.do_info  0x000239b8       0x7c networking/lib.a(netstat.o)
 .text.build_ipv4_addr
                0x00023a34       0x28 networking/lib.a(netstat.o)
 .text.unix_do_one
                0x00023a5c      0x270 networking/lib.a(netstat.o)
 .text.build_ipv6_addr
                0x00023ccc       0x68 networking/lib.a(netstat.o)
 .text.scan_inet_proc_line
                0x00023d34       0xb8 networking/lib.a(netstat.o)
 .text.ip_port_str
                0x00023dec       0x98 networking/lib.a(netstat.o)
 .text.print_inet_line
                0x00023e84      0x104 networking/lib.a(netstat.o)
 .text.raw_do_one
                0x00023f88       0x98 networking/lib.a(netstat.o)
 .text.udp_do_one
                0x00024020       0xc0 networking/lib.a(netstat.o)
 .text.tcp_do_one
                0x000240e0       0x68 networking/lib.a(netstat.o)
 .text.netstat_main
                0x00024148      0x2a8 networking/lib.a(netstat.o)
                0x00024148                netstat_main
 .text.set_default_dns
                0x000243f0       0x68 networking/lib.a(nslookup.o)
 .text.print_host
                0x00024458       0xf0 networking/lib.a(nslookup.o)
 .text.nslookup_main
                0x00024548       0x8c networking/lib.a(nslookup.o)
                0x00024548                nslookup_main
 .text.unpack_tail
                0x000245d4      0x134 networking/lib.a(ping.o)
 .text.print_stats_and_exit
                0x00024708      0x144 networking/lib.a(ping.o)
 .text.sendping_tail.clone.1
                0x0002484c      0x10c networking/lib.a(ping.o)
 .text.sendping4
                0x00024958       0x64 networking/lib.a(ping.o)
 .text.sendping6
                0x000249bc       0x48 networking/lib.a(ping.o)
 .text.common_ping_main
                0x00024a04      0x788 networking/lib.a(ping.o)
 .text.ping_main
                0x0002518c        0x8 networking/lib.a(ping.o)
                0x0002518c                ping_main
 .text.ping6_main
                0x00025194        0x8 networking/lib.a(ping.o)
                0x00025194                ping6_main
 .text.set_flags
                0x0002519c       0x3c networking/lib.a(route.o)
 .text.kw_lookup
                0x000251d8       0x84 networking/lib.a(route.o)
 .text.INET6_displayroutes
                0x0002525c      0x200 networking/lib.a(route.o)
 .text.INET6_setroute
                0x0002545c      0x268 networking/lib.a(route.o)
 .text.INET_setroute
                0x000256c4      0x3d8 networking/lib.a(route.o)
 .text.bb_displayroutes
                0x00025a9c      0x1e8 networking/lib.a(route.o)
                0x00025a9c                bb_displayroutes
 .text.route_main
                0x00025c84      0x150 networking/lib.a(route.o)
                0x00025c84                route_main
 .text.connection_status
                0x00025dd4       0x2c networking/lib.a(tcpudp.o)
 .text.xsetenv_proto
                0x00025e00       0x44 networking/lib.a(tcpudp.o)
 .text.xsetenv_plain
                0x00025e44       0x3c networking/lib.a(tcpudp.o)
 .text.sig_term_handler
                0x00025e80       0x30 networking/lib.a(tcpudp.o)
 .text.sig_child_handler
                0x00025eb0       0xb4 networking/lib.a(tcpudp.o)
 .text.tcpudpsvd_main
                0x00025f64      0x818 networking/lib.a(tcpudp.o)
                0x00025f64                tcpudpsvd_main
 .text.ipsvd_perhost_init
                0x0002677c       0x30 networking/lib.a(tcpudp_perhost.o)
                0x0002677c                ipsvd_perhost_init
 .text.ipsvd_perhost_add
                0x000267ac       0x94 networking/lib.a(tcpudp_perhost.o)
                0x000267ac                ipsvd_perhost_add
 .text.ipsvd_perhost_remove
                0x00026840       0x64 networking/lib.a(tcpudp_perhost.o)
                0x00026840                ipsvd_perhost_remove
 .text.put_iac  0x000268a4       0x20 networking/lib.a(telnet.o)
 .text.iac_flush
                0x000268c4       0x2c networking/lib.a(telnet.o)
 .text.put_iac2
                0x000268f0       0x40 networking/lib.a(telnet.o)
 .text.rawmode  0x00026930       0x2c networking/lib.a(telnet.o)
 .text.cookmode
                0x0002695c       0x2c networking/lib.a(telnet.o)
 .text.setConMode
                0x00026988       0x80 networking/lib.a(telnet.o)
 .text.doexit   0x00026a08       0x14 networking/lib.a(telnet.o)
 .text.con_escape
                0x00026a1c      0x148 networking/lib.a(telnet.o)
 .text.handle_net_output
                0x00026b64       0x88 networking/lib.a(telnet.o)
 .text.telnet_main
                0x00026bec      0x60c networking/lib.a(telnet.o)
                0x00026bec                telnet_main
 .text.make_new_session
                0x000271f8      0x1dc networking/lib.a(telnetd.o)
 .text.free_session
                0x000273d4       0xb4 networking/lib.a(telnetd.o)
 .text.handle_sigchld
                0x00027488       0x64 networking/lib.a(telnetd.o)
 .text.telnetd_main
                0x000274ec      0x7f8 networking/lib.a(telnetd.o)
                0x000274ec                telnetd_main
 .text.tftp_main
                0x00027ce4      0x538 networking/lib.a(tftp.o)
                0x00027ce4                tftp_main
 .text.traceroute_main
                0x0002821c      0xad4 networking/lib.a(traceroute.o)
                0x0002821c                traceroute_main
 .text.xfind_str
                0x00028cf0       0x40 networking/lib.a(vconfig.o)
 .text.vconfig_main
                0x00028d30      0x138 networking/lib.a(vconfig.o)
                0x00028d30                vconfig_main
 .text.sanitize_string
                0x00028e68       0x20 networking/lib.a(wget.o)
 .text.alarm_handler
                0x00028e88       0x2c networking/lib.a(wget.o)
 .text.open_socket
                0x00028eb4       0x58 networking/lib.a(wget.o)
 .text.base64enc
                0x00028f0c       0x4c networking/lib.a(wget.o)
 .text.fgets_and_trim
                0x00028f58       0x6c networking/lib.a(wget.o)
 .text.reset_beg_range_to_zero
                0x00028fc4       0x44 networking/lib.a(wget.o)
 .text.parse_url
                0x00029008      0x1c0 networking/lib.a(wget.o)
 .text.gethdr   0x000291c8       0xe4 networking/lib.a(wget.o)
 .text.progress_meter
                0x000292ac       0xe0 networking/lib.a(wget.o)
 .text.retrieve_file_data
                0x0002938c      0x24c networking/lib.a(wget.o)
 .text.ftpcmd   0x000295d8       0x88 networking/lib.a(wget.o)
 .text.wget_main
                0x00029660      0xba4 networking/lib.a(wget.o)
                0x00029660                wget_main
 .text.pipe_out
                0x0002a204       0x6c networking/lib.a(whois.o)
 .text.whois_main
                0x0002a270       0x98 networking/lib.a(whois.o)
                0x0002a270                whois_main
 .text.ip_parse_common_args
                0x0002a308      0x100 networking/libiproute/lib.a(ip_parse_common_args.o)
                0x0002a308                ip_parse_common_args
 .text.ipaddr_modify
                0x0002a408      0x4fc networking/libiproute/lib.a(ipaddress.o)
 .text.flush_update
                0x0002a904       0x44 networking/libiproute/lib.a(ipaddress.o)
 .text.print_linkinfo
                0x0002a948      0x3a8 networking/libiproute/lib.a(ipaddress.o)
 .text.print_addrinfo
                0x0002acf0      0x51c networking/libiproute/lib.a(ipaddress.o)
 .text.store_nlmsg
                0x0002b20c       0x60 networking/libiproute/lib.a(ipaddress.o)
 .text.ipaddr_list_or_flush
                0x0002b26c      0x568 networking/libiproute/lib.a(ipaddress.o)
                0x0002b26c                ipaddr_list_or_flush
 .text.do_ipaddr
                0x0002b7d4       0x78 networking/libiproute/lib.a(ipaddress.o)
                0x0002b7d4                do_ipaddr
 .text.die_must_be_on_off
                0x0002b84c       0x14 networking/libiproute/lib.a(iplink.o)
 .text.get_ctl_fd
                0x0002b860       0x48 networking/libiproute/lib.a(iplink.o)
 .text.do_add_or_delete
                0x0002b8a8      0x4e0 networking/libiproute/lib.a(iplink.o)
 .text.do_iplink
                0x0002bd88      0x554 networking/libiproute/lib.a(iplink.o)
                0x0002bd88                do_iplink
 .text.iproute_reset_filter
                0x0002c2dc       0x30 networking/libiproute/lib.a(iproute.o)
 .text.flush_update
                0x0002c30c       0x44 networking/libiproute/lib.a(iproute.o)
 .text.print_route
                0x0002c350      0x744 networking/libiproute/lib.a(iproute.o)
 .text.iproute_get
                0x0002ca94      0x3f4 networking/libiproute/lib.a(iproute.o)
 .text.iproute_list_or_flush
                0x0002ce88      0x578 networking/libiproute/lib.a(iproute.o)
 .text.iproute_modify
                0x0002d400      0x4ac networking/libiproute/lib.a(iproute.o)
 .text.do_iproute
                0x0002d8ac       0xf0 networking/libiproute/lib.a(iproute.o)
                0x0002d8ac                do_iproute
 .text.iprule_modify
                0x0002d99c      0x3f0 networking/libiproute/lib.a(iprule.o)
 .text.print_rule
                0x0002dd8c      0x2dc networking/libiproute/lib.a(iprule.o)
 .text.do_iprule
                0x0002e068       0xc0 networking/libiproute/lib.a(iprule.o)
                0x0002e068                do_iprule
 .text.do_get_ioctl
                0x0002e128       0x68 networking/libiproute/lib.a(iptunnel.o)
 .text.parse_args
                0x0002e190      0x6a4 networking/libiproute/lib.a(iptunnel.o)
 .text.do_add_ioctl
                0x0002e834       0x9c networking/libiproute/lib.a(iptunnel.o)
 .text.do_add   0x0002e8d0       0xa4 networking/libiproute/lib.a(iptunnel.o)
 .text.do_del_ioctl
                0x0002e974       0x6c networking/libiproute/lib.a(iptunnel.o)
 .text.print_tunnel
                0x0002e9e0      0x2dc networking/libiproute/lib.a(iptunnel.o)
 .text.do_tunnels_list
                0x0002ecbc      0x294 networking/libiproute/lib.a(iptunnel.o)
 .text.do_iptunnel
                0x0002ef50      0x184 networking/libiproute/lib.a(iptunnel.o)
                0x0002ef50                do_iptunnel
 .text.xrtnl_open
                0x0002f0d4       0x6c networking/libiproute/lib.a(libnetlink.o)
                0x0002f0d4                xrtnl_open
 .text.rtnl_send
                0x0002f140       0x54 networking/libiproute/lib.a(libnetlink.o)
                0x0002f140                rtnl_send
 .text.xrtnl_wilddump_request
                0x0002f194       0x54 networking/libiproute/lib.a(libnetlink.o)
                0x0002f194                xrtnl_wilddump_request
 .text.xrtnl_dump_filter
                0x0002f1e8      0x1f0 networking/libiproute/lib.a(libnetlink.o)
                0x0002f1e8                xrtnl_dump_filter
 .text.rtnl_talk
                0x0002f3d8      0x288 networking/libiproute/lib.a(libnetlink.o)
                0x0002f3d8                rtnl_talk
 .text.addattr32
                0x0002f660       0x68 networking/libiproute/lib.a(libnetlink.o)
                0x0002f660                addattr32
 .text.addattr_l
                0x0002f6c8       0x68 networking/libiproute/lib.a(libnetlink.o)
                0x0002f6c8                addattr_l
 .text.rta_addattr32
                0x0002f730       0x68 networking/libiproute/lib.a(libnetlink.o)
                0x0002f730                rta_addattr32
 .text.parse_rtattr
                0x0002f798       0x6c networking/libiproute/lib.a(libnetlink.o)
                0x0002f798                parse_rtattr
 .text.ll_addr_n2a
                0x0002f804       0xcc networking/libiproute/lib.a(ll_addr.o)
                0x0002f804                ll_addr_n2a
 .text.ll_addr_a2n
                0x0002f8d0       0xe8 networking/libiproute/lib.a(ll_addr.o)
                0x0002f8d0                ll_addr_a2n
 .text.find_by_index
                0x0002f9b8       0x48 networking/libiproute/lib.a(ll_map.o)
 .text.ll_remember_index
                0x0002fa00      0x12c networking/libiproute/lib.a(ll_map.o)
                0x0002fa00                ll_remember_index
 .text.ll_idx_n2a
                0x0002fb2c       0x48 networking/libiproute/lib.a(ll_map.o)
                0x0002fb2c                ll_idx_n2a
 .text.ll_index_to_name
                0x0002fb74        0xc networking/libiproute/lib.a(ll_map.o)
                0x0002fb74                ll_index_to_name
 .text.ll_index_to_flags
                0x0002fb80       0x24 networking/libiproute/lib.a(ll_map.o)
                0x0002fb80                ll_index_to_flags
 .text.xll_name_to_index
                0x0002fba4       0x88 networking/libiproute/lib.a(ll_map.o)
                0x0002fba4                xll_name_to_index
 .text.ll_init_map
                0x0002fc2c       0x34 networking/libiproute/lib.a(ll_map.o)
                0x0002fc2c                ll_init_map
 .text.ll_type_n2a
                0x0002fc60       0x6c networking/libiproute/lib.a(ll_types.o)
                0x0002fc60                ll_type_n2a
 .text.rtnl_tab_initialize
                0x0002fccc       0x94 networking/libiproute/lib.a(rt_names.o)
 .text.rtnl_rttable_initialize
                0x0002fd60       0x80 networking/libiproute/lib.a(rt_names.o)
 .text.rtnl_rtdsfield_initialize
                0x0002fde0       0x50 networking/libiproute/lib.a(rt_names.o)
 .text.rtnl_rtrealm_initialize
                0x0002fe30       0x50 networking/libiproute/lib.a(rt_names.o)
 .text.rtnl_rtscope_initialize
                0x0002fe80       0x84 networking/libiproute/lib.a(rt_names.o)
 .text.rtnl_rtprot_initialize
                0x0002ff04       0x74 networking/libiproute/lib.a(rt_names.o)
 .text.rtnl_a2n
                0x0002ff78       0xa4 networking/libiproute/lib.a(rt_names.o)
 .text.rtnl_rtprot_a2n
                0x0003001c       0x30 networking/libiproute/lib.a(rt_names.o)
                0x0003001c                rtnl_rtprot_a2n
 .text.rtnl_rtscope_n2a
                0x0003004c       0x54 networking/libiproute/lib.a(rt_names.o)
                0x0003004c                rtnl_rtscope_n2a
 .text.rtnl_rtscope_a2n
                0x000300a0       0x30 networking/libiproute/lib.a(rt_names.o)
                0x000300a0                rtnl_rtscope_a2n
 .text.rtnl_rtrealm_a2n
                0x000300d0       0x30 networking/libiproute/lib.a(rt_names.o)
                0x000300d0                rtnl_rtrealm_a2n
 .text.rtnl_rtrealm_n2a
                0x00030100       0x54 networking/libiproute/lib.a(rt_names.o)
                0x00030100                rtnl_rtrealm_n2a
 .text.rtnl_dsfield_n2a
                0x00030154       0x60 networking/libiproute/lib.a(rt_names.o)
                0x00030154                rtnl_dsfield_n2a
 .text.rtnl_dsfield_a2n
                0x000301b4       0x30 networking/libiproute/lib.a(rt_names.o)
                0x000301b4                rtnl_dsfield_a2n
 .text.rtnl_rttable_n2a
                0x000301e4       0x54 networking/libiproute/lib.a(rt_names.o)
                0x000301e4                rtnl_rttable_n2a
 .text.rtnl_rttable_a2n
                0x00030238       0x30 networking/libiproute/lib.a(rt_names.o)
                0x00030238                rtnl_rttable_a2n
 .text.rtnl_rtntype_n2a
                0x00030268       0xf4 networking/libiproute/lib.a(rtm_map.o)
                0x00030268                rtnl_rtntype_n2a
 .text.rtnl_rtntype_a2n
                0x0003035c      0x114 networking/libiproute/lib.a(rtm_map.o)
                0x0003035c                rtnl_rtntype_a2n
 .text.get_rt_realms
                0x00030470       0xa4 networking/libiproute/lib.a(rtm_map.o)
                0x00030470                get_rt_realms
 .text.get_addr_1
                0x00030514      0x178 networking/libiproute/lib.a(utils.o)
                0x00030514                get_addr_1
 .text.get_addr
                0x0003068c       0x4c networking/libiproute/lib.a(utils.o)
                0x0003068c                get_addr
 .text.get_prefix
                0x000306d8      0x1c0 networking/libiproute/lib.a(utils.o)
                0x000306d8                get_prefix
 .text.get_addr32
                0x00030898       0x50 networking/libiproute/lib.a(utils.o)
                0x00030898                get_addr32
 .text.incomplete_command
                0x000308e8       0x10 networking/libiproute/lib.a(utils.o)
                0x000308e8                incomplete_command
 .text.invarg   0x000308f8       0x1c networking/libiproute/lib.a(utils.o)
                0x000308f8                invarg
 .text.get_u16  0x00030914       0x64 networking/libiproute/lib.a(utils.o)
                0x00030914                get_u16
 .text.get_u32  0x00030978       0x48 networking/libiproute/lib.a(utils.o)
                0x00030978                get_u32
 .text.get_unsigned
                0x000309c0       0x48 networking/libiproute/lib.a(utils.o)
                0x000309c0                get_unsigned
 .text.duparg   0x00030a08       0x1c networking/libiproute/lib.a(utils.o)
                0x00030a08                duparg
 .text.duparg2  0x00030a24       0x1c networking/libiproute/lib.a(utils.o)
                0x00030a24                duparg2
 .text.inet_addr_match
                0x00030a40       0x8c networking/libiproute/lib.a(utils.o)
                0x00030a40                inet_addr_match
 .text.rt_addr_n2a
                0x00030acc       0x28 networking/libiproute/lib.a(utils.o)
                0x00030acc                rt_addr_n2a
 .text.alloc_dhcp_option
                0x00030af4       0x58 networking/udhcp/lib.a(dhcpc.o)
 .text.init_packet
                0x00030b4c       0xa0 networking/udhcp/lib.a(dhcpc.o)
 .text.add_client_options
                0x00030bec      0x13c networking/udhcp/lib.a(dhcpc.o)
 .text.raw_bcast_from_client_config_ifindex
                0x00030d28       0x44 networking/udhcp/lib.a(dhcpc.o)
 .text.send_discover
                0x00030d6c       0x5c networking/udhcp/lib.a(dhcpc.o)
 .text.send_select
                0x00030dc8       0x78 networking/udhcp/lib.a(dhcpc.o)
 .text.bcast_or_ucast
                0x00030e40       0x34 networking/udhcp/lib.a(dhcpc.o)
 .text.send_renew
                0x00030e74       0x58 networking/udhcp/lib.a(dhcpc.o)
 .text.send_release
                0x00030ecc       0x58 networking/udhcp/lib.a(dhcpc.o)
 .text.udhcp_recv_raw_packet
                0x00030f24      0x228 networking/udhcp/lib.a(dhcpc.o)
 .text.client_background
                0x0003114c       0x38 networking/udhcp/lib.a(dhcpc.o)
 .text.sprint_nip
                0x00031184       0x40 networking/udhcp/lib.a(dhcpc.o)
 .text.change_listen_mode
                0x000311c4       0xf8 networking/udhcp/lib.a(dhcpc.o)
 .text.xmalloc_optname_optval.clone.0
                0x000312bc      0x440 networking/udhcp/lib.a(dhcpc.o)
 .text.udhcp_run_script
                0x000316fc      0x38c networking/udhcp/lib.a(dhcpc.o)
 .text.perform_release
                0x00031a88       0x9c networking/udhcp/lib.a(dhcpc.o)
 .text.udhcpc_main
                0x00031b24      0xa3c networking/udhcp/lib.a(dhcpc.o)
                0x00031b24                udhcpc_main
 .text.select_lease_time
                0x00032560       0x78 networking/udhcp/lib.a(dhcpd.o)
 .text.init_packet
                0x000325d8      0x104 networking/udhcp/lib.a(dhcpd.o)
 .text.add_server_options
                0x000326dc       0x88 networking/udhcp/lib.a(dhcpd.o)
 .text.send_packet
                0x00032764       0xbc networking/udhcp/lib.a(dhcpd.o)
 .text.send_offer
                0x00032820      0x19c networking/udhcp/lib.a(dhcpd.o)
 .text.send_ACK
                0x000329bc       0xbc networking/udhcp/lib.a(dhcpd.o)
 .text.send_NAK
                0x00032a78       0x30 networking/udhcp/lib.a(dhcpd.o)
 .text.send_inform
                0x00032aa8       0x38 networking/udhcp/lib.a(dhcpd.o)
 .text.udhcpd_main
                0x00032ae0      0x5e4 networking/udhcp/lib.a(dhcpd.o)
                0x00032ae0                udhcpd_main
 .text.get_dhcp_packet_type
                0x000330c4       0x34 networking/udhcp/lib.a(dhcprelay.o)
 .text.sendto_ip4
                0x000330f8       0x4c networking/udhcp/lib.a(dhcprelay.o)
 .text.dhcprelay_main
                0x00033144      0x438 networking/udhcp/lib.a(dhcprelay.o)
                0x00033144                dhcprelay_main
 .text.dname_dec
                0x0003357c      0x174 networking/udhcp/lib.a(domain_codec.o)
                0x0003357c                dname_dec
 .text.dname_enc
                0x000336f0      0x23c networking/udhcp/lib.a(domain_codec.o)
                0x000336f0                dname_enc
 .text.dumpleases_main
                0x0003392c      0x254 networking/udhcp/lib.a(dumpleases.o)
                0x0003392c                dumpleases_main
 .text.read_staticlease
                0x00033b80       0x88 networking/udhcp/lib.a(files.o)
 .text.read_u32
                0x00033c08       0x38 networking/udhcp/lib.a(files.o)
 .text.read_str
                0x00033c40       0x2c networking/udhcp/lib.a(files.o)
 .text.read_config
                0x00033c6c      0x13c networking/udhcp/lib.a(files.o)
                0x00033c6c                read_config
 .text.write_leases
                0x00033da8      0x1d4 networking/udhcp/lib.a(files.o)
                0x00033da8                write_leases
 .text.read_leases
                0x00033f7c      0x13c networking/udhcp/lib.a(files.o)
                0x00033f7c                read_leases
 .text.add_lease
                0x000340b8      0x1d0 networking/udhcp/lib.a(leases.o)
                0x000340b8                add_lease
 .text.nobody_responds_to_arp
                0x00034288       0x6c networking/udhcp/lib.a(leases.o)
 .text.is_expired_lease
                0x000342f4       0x3c networking/udhcp/lib.a(leases.o)
                0x000342f4                is_expired_lease
 .text.find_lease_by_mac
                0x00034330       0x68 networking/udhcp/lib.a(leases.o)
                0x00034330                find_lease_by_mac
 .text.find_lease_by_nip
                0x00034398       0x6c networking/udhcp/lib.a(leases.o)
                0x00034398                find_lease_by_nip
 .text.find_free_or_expired_nip
                0x00034404      0x19c networking/udhcp/lib.a(leases.o)
                0x00034404                find_free_or_expired_nip
 .text.udhcp_init_header
                0x000345a0       0x8c networking/udhcp/lib.a(packet.o)
                0x000345a0                udhcp_init_header
 .text.udhcp_recv_kernel_packet
                0x0003462c       0x7c networking/udhcp/lib.a(packet.o)
                0x0003462c                udhcp_recv_kernel_packet
 .text.udhcp_send_raw_packet
                0x000346a8      0x218 networking/udhcp/lib.a(packet.o)
                0x000346a8                udhcp_send_raw_packet
 .text.udhcp_send_kernel_packet
                0x000348c0      0x150 networking/udhcp/lib.a(packet.o)
                0x000348c0                udhcp_send_kernel_packet
 .text.signal_handler
                0x00034a10       0x38 networking/udhcp/lib.a(signalpipe.o)
 .text.udhcp_sp_setup
                0x00034a48       0x44 networking/udhcp/lib.a(signalpipe.o)
                0x00034a48                udhcp_sp_setup
 .text.udhcp_sp_fd_set
                0x00034a8c       0x88 networking/udhcp/lib.a(signalpipe.o)
                0x00034a8c                udhcp_sp_fd_set
 .text.udhcp_sp_read
                0x00034b14       0x4c networking/udhcp/lib.a(signalpipe.o)
                0x00034b14                udhcp_sp_read
 .text.udhcp_read_interface
                0x00034b60      0x120 networking/udhcp/lib.a(socket.o)
                0x00034b60                udhcp_read_interface
 .text.udhcp_listen_socket
                0x00034c80       0xc0 networking/udhcp/lib.a(socket.o)
                0x00034c80                udhcp_listen_socket
 .text.add_static_lease
                0x00034d40       0x50 networking/udhcp/lib.a(static_leases.o)
                0x00034d40                add_static_lease
 .text.get_static_nip_by_mac
                0x00034d90       0x44 networking/udhcp/lib.a(static_leases.o)
                0x00034d90                get_static_nip_by_mac
 .text.is_nip_reserved
                0x00034dd4       0x28 networking/udhcp/lib.a(static_leases.o)
                0x00034dd4                is_nip_reserved
 .text.arpping  0x00034dfc      0x200 networking/udhcp/lib.a(arpping.o)
                0x00034dfc                arpping
 .text.udhcp_option_idx
                0x00034ffc       0x74 networking/udhcp/lib.a(common.o)
                0x00034ffc                udhcp_option_idx
 .text.udhcp_get_option
                0x00035070       0xd0 networking/udhcp/lib.a(common.o)
                0x00035070                udhcp_get_option
 .text.udhcp_end_option
                0x00035140       0x34 networking/udhcp/lib.a(common.o)
                0x00035140                udhcp_end_option
 .text.udhcp_add_binary_option
                0x00035174       0x64 networking/udhcp/lib.a(common.o)
                0x00035174                udhcp_add_binary_option
 .text.udhcp_add_simple_option
                0x000351d8       0x80 networking/udhcp/lib.a(common.o)
                0x000351d8                udhcp_add_simple_option
 .text.udhcp_find_option
                0x00035258       0x28 networking/udhcp/lib.a(common.o)
                0x00035258                udhcp_find_option
 .text.attach_option
                0x00035280      0x1b4 networking/udhcp/lib.a(common.o)
 .text.udhcp_str2nip
                0x00035434       0x4c networking/udhcp/lib.a(common.o)
                0x00035434                udhcp_str2nip
 .text.udhcp_str2optset
                0x00035480      0x2d4 networking/udhcp/lib.a(common.o)
                0x00035480                udhcp_str2optset
 .text.sprint_nip6
                0x00035754       0x6c networking/udhcp/lib.a(common.o)
                0x00035754                sprint_nip6
 .text.scale    0x000357c0       0x28 procps/lib.a(free.o)
 .text.free_main
                0x000357e8      0x1a8 procps/lib.a(free.o)
                0x000357e8                free_main
 .text.percent_value
                0x00035990       0x90 procps/lib.a(iostat.o)
 .text.get_localtime
                0x00035a20       0x24 procps/lib.a(iostat.o)
 .text.iostat_main
                0x00035a44      0x9ac procps/lib.a(iostat.o)
                0x00035a44                iostat_main
 .text.kill_main
                0x000363f0      0x47c procps/lib.a(kill.o)
                0x000363f0                kill_main
 .text.lsof_main
                0x0003686c       0xdc procps/lib.a(lsof.o)
                0x0003686c                lsof_main
 .text.percent_value
                0x00036948       0x90 procps/lib.a(mpstat.o)
 .text.is_cpu_in_bitmap
                0x000369d8       0x24 procps/lib.a(mpstat.o)
 .text.get_per_cpu_interval
                0x000369fc      0x104 procps/lib.a(mpstat.o)
 .text.get_localtime
                0x00036b00       0x24 procps/lib.a(mpstat.o)
 .text.print_header
                0x00036b24       0x78 procps/lib.a(mpstat.o)
 .text.alarm_handler
                0x00036b9c       0x30 procps/lib.a(mpstat.o)
 .text.get_uptime
                0x00036bcc       0x9c procps/lib.a(mpstat.o)
 .text.get_cpu_statistics
                0x00036c68      0x1d4 procps/lib.a(mpstat.o)
 .text.get_irqs_from_stat
                0x00036e3c       0x88 procps/lib.a(mpstat.o)
 .text.get_irqs_from_interrupts
                0x00036ec4      0x26c procps/lib.a(mpstat.o)
 .text.write_irqcpu_stats
                0x00037130      0x34c procps/lib.a(mpstat.o)
 .text.write_stats_core
                0x0003747c      0x684 procps/lib.a(mpstat.o)
 .text.write_stats