Archive member included because of file (symbol)

lib_arm/libarm.a(board.o)     cpu/arm_cortexa9/start.o (start_armboot)
lib_arm/libarm.a(interrupts.o)
                              lib_arm/libarm.a(board.o) (enable_interrupts)
net/libnet.a(eth.o)           lib_arm/libarm.a(board.o) (eth_initialize)
net/libnet.a(net.o)           lib_arm/libarm.a(board.o) (copy_filename)
net/libnet.a(rarp.o)          net/libnet.a(net.o) (RarpRequest)
net/libnet.a(tftp.o)          net/libnet.a(net.o) (TftpStart)
net/libnet.a(bootp.o)         net/libnet.a(net.o) (BootpRequest)
drivers/mtd/nand/libnand.a(cs75xx_nand.o)
                              lib_arm/libarm.a(board.o) (cs75xx_nand_init)
drivers/mtd/nand/libnand.a(nand.o)
                              drivers/mtd/nand/libnand.a(cs75xx_nand.o) (nand_curr_device)
drivers/mtd/nand/libnand.a(nand_bbt.o)
                              drivers/mtd/nand/libnand.a(cs75xx_nand.o) (nand_update_bbt)
drivers/mtd/nand/libnand.a(nand_ids.o)
                              drivers/mtd/nand/libnand.a(cs75xx_nand.o) (nand_flash_ids)
drivers/net/libnet.a(g2_ni_mfe.o)
                              (__u_boot_cmd_phy_reg)
drivers/serial/libserial.a(serial_cs752x.o)
                              lib_arm/libarm.a(board.o) (serial_init)
common/libcommon.a(cmd_bdinfo.o)
                              (__u_boot_cmd_bdinfo)
common/libcommon.a(cmd_boot.o)
                              (__u_boot_cmd_go)
common/libcommon.a(cmd_bootm.o)
                              lib_arm/libarm.a(board.o) (load_addr)
common/libcommon.a(cmd_load.o)
                              (__u_boot_cmd_loadb)
common/libcommon.a(cmd_mem.o)
                              (__u_boot_cmd_md)
common/libcommon.a(cmd_nand.o)
                              (__u_boot_cmd_nand)
common/libcommon.a(cmd_net.o)
                              (__u_boot_cmd_bootp)
common/libcommon.a(cmd_nvedit.o)
                              net/libnet.a(eth.o) (get_env_id)
common/libcommon.a(cmd_recovery.o)
                              (__u_boot_cmd_recovery)
common/libcommon.a(command.o)
                              common/libcommon.a(cmd_bootm.o) (find_cmd_tbl)
common/libcommon.a(console.o)
                              lib_arm/libarm.a(board.o) (printf)
common/libcommon.a(dlmalloc.o)
                              lib_arm/libarm.a(board.o) (mem_malloc_init)
common/libcommon.a(env_common.o)
                              common/libcommon.a(cmd_nvedit.o) (env_crc_update)
common/libcommon.a(env_nand.o)
                              common/libcommon.a(env_common.o) (env_get_char_spec)
common/libcommon.a(exports.o)
                              lib_arm/libarm.a(board.o) (jumptable_init)
common/libcommon.a(image.o)   common/libcommon.a(cmd_bootm.o) (image_check_hcrc)
common/libcommon.a(main.o)    common/libcommon.a(cmd_mem.o) (readline)
common/libcommon.a(stdio.o)   common/libcommon.a(console.o) (stdio_get_list)
common/libcommon.a(xyzModem.o)
                              common/libcommon.a(cmd_load.o) (xyzModem_stream_open)
drivers/net/rtl83xx-1.3.0/librtl83xx.a(rtl83xx_main.o)
                              drivers/net/libnet.a(g2_ni_mfe.o) (rtl83xx_init)
drivers/net/rtl83xx-1.3.0/librtl83xx.a(rtk_api.o)
                              drivers/net/rtl83xx-1.3.0/librtl83xx.a(rtl83xx_main.o) (rtk_port_macForceLinkExt0_set)
drivers/net/rtl83xx-1.3.0/librtl83xx.a(rtl8370_asicdrv.o)
                              drivers/net/rtl83xx-1.3.0/librtl83xx.a(rtk_api.o) (rtl8370_setAsicRegBit)
drivers/net/rtl83xx-1.3.0/librtl83xx.a(rtl8370_asicdrv_port.o)
                              drivers/net/rtl83xx-1.3.0/librtl83xx.a(rtk_api.o) (rtl8370_setAsicPortForceLink)
drivers/net/rtl83xx-1.3.0/librtl83xx.a(rtl8370_asicdrv_phy.o)
                              drivers/net/rtl83xx-1.3.0/librtl83xx.a(rtk_api.o) (rtl8370_setAsicPHYReg)
drivers/net/rtl83xx-1.3.0/librtl83xx.a(rtl8370_asicdrv_lut.o)
                              drivers/net/rtl83xx-1.3.0/librtl83xx.a(rtk_api.o) (rtl8370_setAsicLutLearnLimitNo)
drivers/net/rtl83xx-1.3.0/librtl83xx.a(smi.o)
                              drivers/net/rtl83xx-1.3.0/librtl83xx.a(rtl83xx_main.o) (smi_read)
board/futuretek/ftm-100s/libftm-100s.a(ftm_100s.o)
                              drivers/serial/libserial.a(serial_cs752x.o) (get_platform_clk)
board/futuretek/ftm-100s/libftm-100s.a(watchdog.o)
                              board/futuretek/ftm-100s/libftm-100s.a(ftm_100s.o) (g2_wdt_set_heartbeat)
board/futuretek/ftm-100s/libftm-100s.a(lowlevel_init.o)
                              cpu/arm_cortexa9/start.o (lowlevel_init)
board/futuretek/ftm-100s/libftm-100s.a(cmd_ftm_100s.o)
                              (__u_boot_cmd_sb_display)
board/futuretek/ftm-100s/libftm-100s.a(csmi_uboot_cmds.o)
                              board/futuretek/ftm-100s/libftm-100s.a(cmd_ftm_100s.o) (csmi_uboot_cmds_initialize)
board/futuretek/ftm-100s/libftm-100s.a(csmi_user.o)
[...]
Memory Configuration

Name             Origin             Length             Attributes
*default*        0x00000000         0xffffffff

Linker script and memory map

                0x04000000                . = 0x4000000
                0x04000000                . = ALIGN (0x4)

.text           0x04000000    0x1cda0
 cpu/arm_cortexa9/start.o(.text)
 .text          0x04000000      0x460 cpu/arm_cortexa9/start.o
                0x04000000                _start
                0x04000040                _end_vect
                0x04000044                _armboot_start
                0x04000048                _bss_start
                0x0400004c                _bss_end
 *(.text)
 .text          0x04000460      0x234 lib_arm/libarm.a(board.o)
                0x0400050c                coloured_LED_init
                0x0400050c                __coloured_LED_init
                0x04000510                red_LED_on
                0x04000510                __red_LED_on
                0x04000514                __red_LED_off
                0x04000514                red_LED_off
                0x04000518                green_LED_on
                0x04000518                __green_LED_on
                0x0400051c                __green_LED_off
                0x0400051c                green_LED_off
                0x04000520                __yellow_LED_on
                0x04000520                yellow_LED_on
                0x04000524                __yellow_LED_off
                0x04000524                yellow_LED_off
                0x04000528                blue_LED_on
                0x04000528                __blue_LED_on
                0x0400052c                blue_LED_off
                0x0400052c                __blue_LED_off
                0x04000530                hang
                0x04000544                start_armboot
 .text          0x04000694      0x264 lib_arm/libarm.a(interrupts.o)
                0x04000694                enable_interrupts
                0x04000698                disable_interrupts
                0x040006a0                bad_mode
                0x040006bc                show_regs
                0x040007fc                do_undefined_instruction
                0x04000820                do_software_interrupt
                0x04000844                do_prefetch_abort
                0x04000868                do_data_abort
                0x0400088c                do_not_used
                0x040008b0                do_fiq
                0x040008d4                do_irq
 .text          0x040008f8      0x758 net/libnet.a(eth.o)
                0x040008f8                eth_parse_enetaddr
                0x0400094c                eth_getenv_enetaddr
                0x040009a8                eth_setenv_enetaddr
                0x040009dc                eth_getenv_enetaddr_by_index
                0x04000a20                cpu_eth_init
                0x04000a28                eth_get_dev
                0x04000a38                eth_get_dev_by_name
                0x04000a8c                eth_get_dev_by_index
                0x04000ad8                eth_get_dev_index
                0x04000b28                eth_register
                0x04000bb0                eth_initialize
                0x04000d94                eth_halt
                0x04000dc4                eth_send
                0x04000dfc                eth_rx
                0x04000e28                eth_try_another
                0x04000ed0                eth_init
                0x04000f94                eth_set_current
                0x04001030                eth_get_name
 .text          0x04001050     0x12ec net/libnet.a(net.o)
                0x040010d8                NetSetHandler
                0x040010e8                NetSetTimeout
                0x04001118                NetStartAgain
                0x04001220                NetSendPacket
                0x04001224                NetCksum
                0x04001258                NetCksumOk
                0x04001278                NetEthHdrSize
                0x040012b4                NetSetEther
                0x04001358                NetReceive
                0x040018f8                ArpRequest
                0x040019f0                ArpTimeoutCheck
                0x04001a60                PingSend
                0x04001b88                NetSetIP
                0x04001c80                NetSendUDPPacket
                0x04001db8                copy_filename
                0x04001dfc                ip_to_string
                0x04001e38                string_to_ip
                0x04001ea0                VLAN_to_string
                0x04001eec                string_to_VLAN
                0x04001f38                getenv_IPaddr
                0x04001f48                getenv_VLAN
                0x04001f58                NetLoop
 .text          0x0400233c      0x170 net/libnet.a(rarp.o)
                0x0400237c                RarpRequest
 .text          0x040024ac      0x71c net/libnet.a(tftp.o)
                0x04002938                TftpStart
 .text          0x04002bc8      0x604 net/libnet.a(bootp.o)
                0x04002f94                BootpRequest
 .text          0x040031cc     0x4d50 drivers/mtd/nand/libnand.a(cs75xx_nand.o)
                0x0400325c                cs75xx_nand_enable_hwecc
                0x04006d78                cs75xx_nand_erase_nand
                0x04007318                board_nand_init
                0x04007430                cs75xx_nand_scan_tail
                0x040077bc                cs75xx_nand_scan_ident
                0x04007c88                cs75xx_nand_scan
                0x04007ca8                cs75xx_nand_init
 .text          0x04007f1c        0x0 drivers/mtd/nand/libnand.a(nand.o)
 .text          0x04007f1c     0x16dc drivers/mtd/nand/libnand.a(nand_bbt.o)
                0x04008da4                nand_update_bbt
                0x04009064                nand_scan_bbt
                0x040094f0                nand_default_bbt
                0x040095a4                nand_isbad_bbt
 .text          0x040095f8        0x0 drivers/mtd/nand/libnand.a(nand_ids.o)
 .text          0x040095f8      0xb60 drivers/net/libnet.a(g2_ni_mfe.o)
                0x040095f8                g2_ni_halt
                0x040095fc                g2_ni_init
                0x040098d4                g2_ni_recv
                0x040099fc                reg_read
                0x04009a04                reg_write
                0x04009a0c                g2_ni_reset
                0x04009a6c                g2_phy_write
                0x04009b10                g2_phy_read
                0x04009bb0                do_phy_test
                0x04009cfc                do_phy_reg
                0x04009e44                g2_phy_disable
                0x04009eac                g2_eth_initialize
 .text          0x0400a158      0x1b8 drivers/serial/libserial.a(serial_cs752x.o)
                0x0400a188                serial_init
                0x0400a200                serial_putc
                0x0400a224                serial_puts
                0x0400a244                serial_getc
                0x0400a2a8                serial_getc_with_timeout
                0x0400a2ec                serial_tstc
                0x0400a30c                serial_setbrg
 .text          0x0400a310       0xe8 common/libcommon.a(cmd_bdinfo.o)
                0x0400a310                do_bdinfo
 .text          0x0400a3f8       0x8c common/libcommon.a(cmd_boot.o)
                0x0400a3f8                do_go_exec
                0x0400a410                do_go
 .text          0x0400a484      0xc1c common/libcommon.a(cmd_bootm.o)
                0x0400a6ec                do_iminfo
                0x0400ac2c                board_lmb_reserve
                0x0400ac2c                __board_lmb_reserve
                0x0400ac30                arch_lmb_reserve
                0x0400ac30                __arch_lmb_reserve
                0x0400ac34                arch_preboot_os
                0x0400ac34                __arch_preboot_os
                0x0400ac38                do_bootm_subcommand
                0x0400ae08                do_bootm
 .text          0x0400b0a0      0x970 common/libcommon.a(cmd_load.o)
                0x0400b1f4                send_pad
                0x0400b220                ktrans
                0x0400b240                chk1
                0x0400b268                s1_sendpacket
                0x0400b28c                send_ack
                0x0400b2e8                send_nack
                0x0400b344                k_data_init
                0x0400b364                k_data_save
                0x0400b388                k_data_restore
                0x0400b3ac                k_data_char
                0x0400b3fc                handle_send_packet
                0x0400b5c0                do_load_serial_bin
 .text          0x0400ba10      0x914 common/libcommon.a(cmd_mem.o)
                0x0400ba10                do_mem_crc
                0x0400bac0                do_mem_base
                0x0400bb00                do_mem_mtest
                0x0400bca0                do_mem_loop
                0x0400bd98                do_mem_cp
                0x0400be70                do_mem_cmp
                0x0400bffc                do_mem_mw
                0x0400c208                do_mem_nm
                0x0400c22c                do_mem_mm
                0x0400c250                do_mem_md
 .text          0x0400c324      0xfec common/libcommon.a(cmd_nand.o)
                0x0400c3c8                do_nandboot
                0x0400ca18                do_nand
                0x0400d1a8                _nand_erase
                0x0400d228                _nand_read
                0x0400d29c                _nand_write
 .text          0x0400d310      0x39c common/libcommon.a(cmd_net.o)
                0x0400d310                do_ping
                0x0400d688                do_rarpb
                0x0400d694                do_tftpb
                0x0400d6a0                do_bootp
 .text          0x0400d6ac      0x7f4 common/libcommon.a(cmd_nvedit.o)
                0x0400d6ac                do_saveenv
                0x0400d6d8                get_env_id
                0x0400d6e8                envmatch
                0x0400d74c                getenv_r
                0x0400d7f4                getenv
                0x0400d868                _do_setenv
                0x0400dca8                do_setenv
                0x0400dcd4                setenv
                0x0400de10                do_printenv
 .text          0x0400dea0      0xc8c common/libcommon.a(cmd_recovery.o)
                0x0400e074                do_savefs
                0x0400eb1c                do_recovery
 .text          0x0400eb2c      0x35c common/libcommon.a(command.o)
                0x0400eb2c                do_version
                0x0400eb4c                find_cmd_tbl
                0x0400ebe0                find_cmd
                0x0400ec08                cmd_usage
                0x0400ec68                _do_help
                0x0400edf0                do_help
                0x0400ee38                cmd_get_data_size
 .text          0x0400ee88      0x558 common/libcommon.a(console.o)
                0x0400ef2c                serial_printf
                0x0400ef70                fgetc
                0x0400ef9c                ftstc
                0x0400efc8                fputc
                0x0400eff0                fputs
                0x0400f018                fprintf
                0x0400f060                getc
                0x0400f078                tstc
                0x0400f090                putc
                0x0400f0ac                puts
                0x0400f0c8                printf
                0x0400f10c                vprintf
                0x0400f140                ctrlc
                0x0400f18c                disable_ctrlc
                0x0400f1a4                had_ctrlc
                0x0400f1b4                clear_ctrlc
                0x0400f1c8                dbg
                0x0400f1d4                search_device
                0x0400f1fc                console_assign
                0x0400f23c                console_init_f
                0x0400f24c                stdio_print_current_devices
                0x0400f300                console_init_r
 .text          0x0400f3e0      0xfec common/libcommon.a(dlmalloc.o)
                0x0400f3e0                sbrk
                0x0400f418                mem_malloc_init
                0x0400f438                malloc_trim
                0x0400f508                free
                0x0400f728                cfree
                0x0400f72c                malloc
                0x0400fcb4                calloc
                0x0400fd94                memalign
                0x0400fea4                pvalloc
                0x0400febc                valloc
                0x0400fec8                realloc
                0x04010318                malloc_usable_size
                0x04010358                mallopt
 .text          0x040103cc      0x13c common/libcommon.a(env_common.o)
                0x040103cc                env_crc_update
                0x040103f8                env_get_char_memory
                0x0401041c                env_get_char
                0x0401044c                env_get_addr
                0x04010470                set_default_env
                0x040104b4                env_relocate
 .text          0x04010508      0x29c common/libcommon.a(env_nand.o)
                0x04010520                env_get_char_spec
                0x0401052c                env_init
                0x04010548                writeenv
                0x04010600                saveenv
                0x040106a0                readenv
                0x04010758                env_relocate_spec
 .text          0x040107a4       0xe8 common/libcommon.a(exports.o)
                0x040107a8                get_version
                0x040107b0                jumptable_init
 .text          0x0401088c      0x728 common/libcommon.a(image.o)
                0x040108b8                image_check_hcrc
                0x04010908                image_check_dcrc
                0x04010948                image_multi_count
                0x0401096c                image_multi_getimg
                0x040109f0                getenv_yesno
                0x04010a18                getenv_bootm_low
                0x04010a4c                getenv_bootm_size
                0x04010a80                memmove_wd
                0x04010a84                genimg_print_size
                0x04010ab0                get_table_entry_name
                0x04010adc                genimg_get_os_name
                0x04010af4                genimg_get_arch_name
                0x04010b0c                genimg_get_type_name
                0x04010b24                genimg_get_comp_name
                0x04010b3c                image_print_contents
                0x04010cb4                get_table_entry_id
                0x04010d00                genimg_get_os_id
                0x04010d18                genimg_get_arch_id
                0x04010d30                genimg_get_type_id
                0x04010d48                genimg_get_comp_id
                0x04010d60                genimg_get_format
                0x04010d78                genimg_get_image
                0x04010d7c                genimg_has_config
                0x04010d84                boot_get_ramdisk
 .text          0x04010fb4      0x8a4 common/libcommon.a(main.o)
                0x0401108c                __show_boot_progress
                0x04011090                readline_into_buffer
                0x0401125c                readline
                0x04011270                parse_line
                0x04011300                run_command
                0x04011674                main_loop
                0x040117dc                do_run
 .text          0x04011858      0x174 common/libcommon.a(stdio.o)
                0x04011858                stdio_get_list
                0x04011864                stdio_get_by_name
                0x040118b8                stdio_clone
                0x04011900                stdio_register
                0x04011944                stdio_init
 .text          0x040119cc      0x8bc common/libcommon.a(xyzModem.o)
                0x040119cc                CYGACC_COMM_IF_GETC_TIMEOUT
                0x04011cb8                CYGACC_COMM_IF_PUTC
                0x04011cc0                parse_num
                0x04011dec                xyzModem_stream_open
                0x04011f34                xyzModem_stream_read
                0x04012184                xyzModem_stream_close
                0x040121d4                xyzModem_stream_terminate
                0x04012268                xyzModem_error
 .text          0x04012288      0x45c drivers/net/rtl83xx-1.3.0/librtl83xx.a(rtl83xx_main.o)
                0x04012288                do_sw_reg
                0x04012360                do_sw_link
                0x040124e0                do_sw_delay
                0x040125f4                rtl83xx_disble_phy
                0x04012610                rtl83xx_init
                0x040126d4                do_sw_init
 .text          0x040126e4      0xec0 drivers/net/rtl83xx-1.3.0/librtl83xx.a(rtk_api.o)
                0x04012ebc                rtk_port_macForceLink_set
                0x04012fc0                rtk_port_macForceLink_get
                0x04013024                rtk_port_macForceLinkExt0_set
                0x0401313c                rtk_port_macForceLinkExt0_get
                0x040131b0                rtk_port_macForceLinkExt1_set
                0x040132c8                rtk_port_macForceLinkExt1_get
                0x0401333c                rtk_port_rgmiiDelayExt0_set
                0x0401339c                rtk_port_rgmiiDelayExt0_get
                0x040133d0                rtk_port_rgmiiDelayExt1_set
                0x04013430                rtk_port_rgmiiDelayExt1_get
                0x04013464                rtk_port_phyEnableAll_set
                0x04013478                rtk_port_phyEnableAll_get
                0x0401347c                rtk_switch_init
 .text          0x040135a4      0x1c4 drivers/net/rtl83xx-1.3.0/librtl83xx.a(rtl8370_asicdrv.o)
                0x040135a4                rtl8370_setAsicRegBit
                0x0401360c                rtl8370_getAsicRegBit
                0x04013640                rtl8370_setAsicRegBits
                0x040136cc                rtl8370_getAsicRegBits
                0x0401372c                rtl8370_setAsicReg
                0x04013744                rtl8370_getAsicReg
 .text          0x04013768      0x734 drivers/net/rtl83xx-1.3.0/librtl83xx.a(rtl8370_asicdrv_port.o)
                0x04013768                rtl8370_setAsicPortForceFlush
                0x04013784                rtl8370_getAsicPortForceFlush
                0x04013790                rtl8370_setAsicPortDisableAging
                0x040137c0                rtl8370_getAsicPortDisableAging
                0x040137e4                rtl8370_setAsicPortUnknownDaBehavior
                0x04013804                rtl8370_getAsicPortUnknownDaBehavior
                0x04013814                rtl8370_setAsicPortUnknownSaBehavior
                0x04013834                rtl8370_getAsicPortUnknownSaBehavior
                0x04013844                rtl8370_setAsicPortUnmatchedSaBehavior
                0x04013864                rtl8370_getAsicPortUnmatchedSaBehavior
                0x04013874                rtl8370_setAsicPortUnknownDaFloodingPortmask
                0x04013890                rtl8370_getAsicPortUnknownDaFloodingPortmask
                0x0401389c                rtl8370_setAsicPortUnknownMulticastFloodingPortmask
                0x040138b8                rtl8370_getAsicPortUnknownMulticastFloodingPortmask
                0x040138c4                rtl8370_setAsicPortBcastFloodingPortmask
                0x040138e0                rtl8370_getAsicPortBcastFloodingPortmask
                0x040138ec                rtl8370_setAsicPortBlockSpa
                0x0401391c                rtl8370_getAsicPortBlockSpa
                0x04013940                rtl8370_setAsicPortForceLink
                0x0401398c                rtl8370_getAsicPortForceLink
                0x040139ec                rtl8370_getAsicPortStatus
                0x04013a4c                rtl8370_setAsicPortForceLinkExt
                0x04013a98                rtl8370_getAsicPortForceLinkExt
                0x04013af8                rtl8370_setAsicPortExtMode
                0x04013bf0                rtl8370_getAsicPortExtMode
                0x04013c18                rtl8370_setAsicPortEnableAll
                0x04013c3c                rtl8370_getAsicPortEnableAll
                0x04013c74                rtl8370_setAsicPortRTCT
                0x04013cf8                rtl8370_getAsicPortRTCTResult
 .text          0x04013e9c       0x60 drivers/net/rtl83xx-1.3.0/librtl83xx.a(rtl8370_asicdrv_phy.o)
                0x04013e9c                rtl8370_setAsicPHYReg
                0x04013ecc                rtl8370_getAsicPHYReg
 .text          0x04013efc       0x28 drivers/net/rtl83xx-1.3.0/librtl83xx.a(rtl8370_asicdrv_lut.o)
                0x04013efc                rtl8370_setAsicLutLearnLimitNo
 .text          0x04013f24       0xb0 drivers/net/rtl83xx-1.3.0/librtl83xx.a(smi.o)
                0x04013f38                smi_reset
                0x04013f40                smi_init
                0x04013f48                smi_read
                0x04013f90                smi_write
 .text          0x04013fd4      0x21c board/futuretek/ftm-100s/libftm-100s.a(ftm_100s.o)
                0x04013fd4                show_boot_progress
                0x04013fd8                get_platform_clk
                0x04014038                board_init
                0x04014078                board_eth_init
                0x04014098                misc_init_r
                0x040140c8                dram_init
                0x04014190                interrupt_init
                0x04014198                reset_cpu
 .text          0x040141f0      0x104 board/futuretek/ftm-100s/libftm-100s.a(watchdog.o)
                0x040141f0                g2_wdt_set_heartbeat
                0x04014214                g2_wdt_init
                0x04014278                g2_wdt_keepalive
                0x040142b4                g2_wdt_start
                0x040142cc                g2_wdt_stop
 .text          0x040142f4        0x4 board/futuretek/ftm-100s/libftm-100s.a(lowlevel_init.o)
                0x040142f4                lowlevel_init
 .text          0x040142f8      0x604 board/futuretek/ftm-100s/libftm-100s.a(cmd_ftm_100s.o)
                0x040144dc                csmi_init
                0x0401456c                do_sb_process
                0x04014618                do_sb_set_flags
                0x040146c8                do_sb_display
                0x04014730                boot_kernel
                0x0401477c                upgrade_flash
 .text          0x040148fc      0xaa8 board/futuretek/ftm-100s/libftm-100s.a(csmi_uboot_cmds.o)
                0x040149e4                csmi_uboot_cmds_initialize
                0x04014a48                csmi_uboot_cmds_sb_display
                0x04014a88                csmi_uboot_cmds_sb_set_flags
                0x04014b30                csmi_uboot_cmds_boot_index
                0x04014c04                csmi_uboot_cmds_sb_process
 .text          0x040153a4     0x186c board/futuretek/ftm-100s/libftm-100s.a(csmi_user.o)
                0x04015494                csmi_sb_create
                0x04015504                csmi_sb_freeup
                0x040155a0                csmi_sb_check_magic
                0x040155b8                csmi_sb_valid
                0x040155c8                csmi_sb_commit
                0x040155d8                csmi_sb_active
                0x040155e8                csmi_sb_rsvd
                0x04015614                csmi_sb_set_valid
                0x0401562c                csmi_sb_set_commit
                0x04015644                csmi_sb_set_active
                0x0401565c                csmi_sb_set_rsvd
                0x04015698                csmi_sb_set_root
                0x040156b8                csmi_sb_size
                0x040156e0                csmi_sb_root
                0x040156ec                csmi_sb_first_file
                0x04015730                csmi_sb_next_file
                0x0401577c                csmi_sb_named_file_handle
                0x040157c0                csmi_sb_rootfs_file_handle
                0x04015808                csmi_sb_kernel_file_handle
                0x04015850                csmi_sb_first_mtdpart
                0x04015894                csmi_sb_next_mtdpart
                0x040158e0                csmi_sb_mtdparts
                0x04015a60                csmi_sb_rootfs
                0x04015b4c                csmi_sb_kernel
                0x04015c38                csmi_sb_named_mtdpart_handle
                0x04015c7c                csmi_sb_rootfs_mtdpart_handle
                0x04015cc4                csmi_sb_kernel_mtdpart_handle
                0x04015d0c                csmi_sb_file_name
                0x04015d10                csmi_sb_file_md5
                0x04015d1c                csmi_sb_file_version
                0x04015d44                csmi_sb_file_flags
                0x04015d6c                csmi_sb_file_size
                0x04015d94                csmi_sb_file_is
                0x04015dbc                csmi_sb_file_type
                0x04015dc8                csmi_sb_file_mountpoint
                0x04015dd4                csmi_sb_file_mountopts
                0x04015de0                csmi_sb_mtdpart_name
                0x04015de4                csmi_sb_mtdpart_size
                0x04015df0                csmi_sb_mtdpart_filesize
                0x04015e18                csmi_sb_mtdpart_offset
                0x04015e24                csmi_sb_mtdpart_is
                0x04015e4c                csmi_sb_mtdpart_type
                0x04015e58                csmi_sb_mtdpart_flags
                0x04015e80                csmi_sb_mtdpart_mountpoint
                0x04015e8c                csmi_sb_mtdpart_mountopts
                0x04015e98                csmi_sb_mtdpart_md5
                0x04015ea4                csmi_sb_add_file
                0x04016174                csmi_sb_add_mtdpart
                0x04016454                csmi_sb_md5_string
                0x04016498                csmi_sb_check_md5_mem
                0x0401651c                csmi_sb_read_mem
                0x04016618                csmi_sb_print
                0x04016ac4                csmi_sb_file_is_str
                0x04016ae0                csmi_sb_new_md5
                0x04016ae4                csmi_sb_check_managed
                0x04016b70                csmi_sb_file_set_md5
                0x04016b84                csmi_sb_file_set_size
                0x04016bac                csmi_sb_file_set_version
                0x04016bd4                csmi_sb_mtdpart_set_md5
                0x04016be8                csmi_sb_mtdpart_set_filesize
 .text          0x04016c10       0x44 lib_generic/libgeneric.a(crc16.o)
                0x04016c10                cyg_crc16
 .text          0x04016c54      0x204 lib_generic/libgeneric.a(crc32.o)
                0x04016c54                crc32
                0x04016d58                crc32_no_comp
                0x04016e54                crc32_wd
 .text          0x04016e58      0x238 lib_generic/libgeneric.a(display_options.o)
                0x04016e58                display_options
                0x04016e78                print_size
                0x04016f3c                print_buffer
 .text          0x04017090      0x1b0 lib_generic/libgeneric.a(gunzip.o)
                0x04017090                zfree
                0x04017098                zalloc
                0x040170a8                zunzip
                0x04017194                gunzip
 .text          0x04017240      0x548 lib_generic/libgeneric.a(lmb.o)
                0x0401740c                lmb_dump_all
                0x04017410                lmb_init
                0x04017438                lmb_add
                0x0401743c                lmb_free
                0x04017560                lmb_reserve
                0x04017568                lmb_overlaps_region
                0x040175bc                __lmb_alloc_base
                0x040176ec                lmb_alloc_base
                0x04017720                lmb_alloc
                0x04017728                lmb_is_reserved
 .text          0x04017788      0xce0 lib_generic/libgeneric.a(md5.o)
                0x04018380                md5
                0x040183f4                md5_wd
 .text          0x04018468      0x5a8 lib_generic/libgeneric.a(string.o)
                0x04018468                strcpy
                0x04018480                strncpy
                0x040184a4                strcat
                0x040184d0                strncat
                0x04018518                strcmp
                0x04018540                strncmp
                0x0401857c                strchr
                0x040185b0                strlen
                0x040185cc                strrchr
                0x04018608                strnlen
                0x04018630                strdup
                0x04018664                strspn
                0x040186a4                strpbrk
                0x040186e0                strtok
                0x04018758                strsep
                0x0401878c                strswab
                0x040187d8                memset
                0x04018840                bcopy
                0x04018864                memcpy
                0x040188d0                memmove
                0x0401891c                memcmp
                0x04018954                memscan
                0x0401897c                strstr
                0x040189dc                memchr
 .text          0x04018a10      0xbfc lib_generic/libgeneric.a(vsprintf.o)
                0x04018e5c                simple_strtoul
                0x04018f08                simple_strtol
                0x04018f30                ustrtoul
                0x04018fa4                vsprintf
                0x0401959c                sprintf
                0x040195c0                panic
 .text          0x0401960c     0x2630 lib_generic/libgeneric.a(zlib.o)
                0x0401960c                zcfree
                0x04019614                zcalloc
                0x0401961c                inflate_fast
                0x04019b0c                inflate_table
                0x0401a088                inflateReset
                0x0401a128                inflateInit2_
                0x0401a22c                inflateInit_
                0x0401a240                inflateEnd
                0x0401a2cc                adler32
                0x0401a5a8                inflate
 .text          0x0401bc3c        0x0 lib_generic/libgeneric.a(ctype.o)
 .text          0x0401bc3c       0x48 cpu/arm_cortexa9/libarm_cortexa9.a(cpu.o)
                0x0401bc3c                cpu_init
                0x0401bc44                cleanup_before_linux
                0x0401bc6c                do_reset
 .text          0x0401bc84      0x1c8 cpu/arm_cortexa9/goldengate/libgoldengate.a(timer.o)
                0x0401bc84                set_timer
                0x0401bc94                udelay
                0x0401bcf4                reset_timer_masked
                0x0401bd38                reset_timer
                0x0401bd3c                timer_init
                0x0401bd90                get_timer_masked
                0x0401be1c                get_timer
                0x0401be30                udelay_masked
                0x0401be34                get_ticks
                0x0401be44                get_tbclk
 .text          0x0401be4c      0x1bc lib_arm/libarm.a(bootm.o)
                0x0401be4c                do_bootm_linux
 .text          0x0401c008        0x4 lib_arm/libarm.a(cache.o)
                0x0401c008                flush_cache
 .text          0x0401c00c       0xa4 lib_arm/libarm.a(cache-cp15.o)
                0x0401c058                icache_enable
                0x0401c070                icache_disable
                0x0401c078                icache_status
                0x0401c084                dcache_enable
                0x0401c09c                dcache_disable
                0x0401c0a4                dcache_status
 .text          0x0401c0b0      0x744 drivers/mtd/nand/libnand.a(nand_util.o)
                0x0401c148                nand_erase_opts
                0x0401c450                nand_write_skip_bad
                0x0401c638                nand_read_skip_bad
 .text          0x0401c7f4       0xe0 lib_generic/libgeneric.a(div64.o)
                0x0401c7f4                __div64_32
 .text          0x0401c8d4       0x1c /home/xtra/Work/ftm-100s/u-boot/lib_arm/eabi_compat.o
                0x0401c8d4                raise
 .text          0x0401c8f0      0x20c /opt/Cortina/toolchain/toolchain-arm_gcc-4.5.1+l_uClibc-0.9.32_eabi/bin/../lib/gcc/arm-openwrt-linux-uclibcgnueabi/4.5.2/libgcc.a(_udivsi3.o)
                0x0401c8f0                __udivsi3
                0x0401c8f0                __aeabi_uidiv
                0x0401cadc                __aeabi_uidivmod
 .text          0x0401cafc      0x240 /opt/Cortina/toolchain/toolchain-arm_gcc-4.5.1+l_uClibc-0.9.32_eabi/bin/../lib/gcc/arm-openwrt-linux-uclibcgnueabi/4.5.2/libgcc.a(_divsi3.o)
                0x0401cafc                __aeabi_idiv
                0x0401cafc                __divsi3
                0x0401cd1c                __aeabi_idivmod
 .text          0x0401cd3c       0x1c /opt/Cortina/toolchain/toolchain-arm_gcc-4.5.1+l_uClibc-0.9.32_eabi/bin/../lib/gcc/arm-openwrt-linux-uclibcgnueabi/4.5.2/libgcc.a(_lshrdi3.o)
                0x0401cd3c                __aeabi_llsr
                0x0401cd3c                __lshrdi3
 .text          0x0401cd58       0x1c /opt/Cortina/toolchain/toolchain-arm_gcc-4.5.1+l_uClibc-0.9.32_eabi/bin/../lib/gcc/arm-openwrt-linux-uclibcgnueabi/4.5.2/libgcc.a(_ashrdi3.o)
                0x0401cd58                __ashrdi3
                0x0401cd58                __aeabi_lasr
 .text          0x0401cd74       0x1c /opt/Cortina/toolchain/toolchain-arm_gcc-4.5.1+l_uClibc-0.9.32_eabi/bin/../lib/gcc/arm-openwrt-linux-uclibcgnueabi/4.5.2/libgcc.a(_ashldi3.o)
                0x0401cd74                __ashldi3
                0x0401cd74                __aeabi_llsl
 .text          0x0401cd90       0x10 /opt/Cortina/toolchain/toolchain-arm_gcc-4.5.1+l_uClibc-0.9.32_eabi/bin/../lib/gcc/arm-openwrt-linux-uclibcgnueabi/4.5.2/libgcc.a(_dvmd_lnx.o)
                0x0401cd90                __aeabi_ldiv0
                0x0401cd90                __aeabi_idiv0

.glue_7         0x0401cda0        0x0
 .glue_7        0x00000000        0x0 linker stubs

.glue_7t        0x0401cda0        0x0
 .glue_7t       0x00000000        0x0 linker stubs

.vfp11_veneer   0x0401cda0        0x0
 .vfp11_veneer  0x00000000        0x0 linker stubs

.v4_bx          0x0401cda0        0x0
 .v4_bx         0x00000000        0x0 linker stubs

.rodata         0x0401cda0     0x2844
 *(.rodata)
 .rodata        0x0401cda0       0x48 lib_arm/libarm.a(board.o)
                0x0401cda0                version_string
 .rodata        0x0401cde8       0x80 lib_arm/libarm.a(interrupts.o)
 .rodata        0x0401ce68        0x7 net/libnet.a(eth.o)
 .rodata        0x0401ce6f        0x7 net/libnet.a(net.o)
 .rodata        0x0401ce76       0xbe drivers/mtd/nand/libnand.a(cs75xx_nand.o)
 .rodata        0x0401cf34        0x8 drivers/net/libnet.a(g2_ni_mfe.o)
 .rodata        0x0401cf3c       0x4c common/libcommon.a(cmd_bootm.o)
 .rodata        0x0401cf88       0x58 common/libcommon.a(command.o)
 .rodata        0x0401cfe0       0x20 common/libcommon.a(xyzModem.o)
 .rodata        0x0401d000     0x158c drivers/net/rtl83xx-1.3.0/librtl83xx.a(rtk_api.o)
 .rodata        0x0401e58c       0x54 board/futuretek/ftm-100s/libftm-100s.a(ftm_100s.o)
 .rodata        0x0401e5e0       0x14 board/futuretek/ftm-100s/libftm-100s.a(csmi_user.o)
 .rodata        0x0401e5f4      0x200 lib_generic/libgeneric.a(crc16.o)
 .rodata        0x0401e7f4      0x400 lib_generic/libgeneric.a(crc32.o)
 .rodata        0x0401ebf4       0x21 lib_generic/libgeneric.a(vsprintf.o)
                0x0401ebf4                hex_asc
 *fill*         0x0401ec15        0x3 00
 .rodata        0x0401ec18      0x9cc lib_generic/libgeneric.a(zlib.o)
                0x0401f5bc                z_errmsg

.rodata.str1.1  0x0401f5e4     0x50af
 .rodata.str1.1
                0x0401f5e4       0x6b lib_arm/libarm.a(board.o)
                                 0x6d (size before relaxing)
 .rodata.str1.1
                0x0401f64f      0x264 lib_arm/libarm.a(interrupts.o)
                                0x27b (size before relaxing)
 .rodata.str1.1
                0x0401f8b3       0xb0 net/libnet.a(eth.o)
                                 0xc7 (size before relaxing)
 .rodata.str1.1
                0x0401f963      0x20c net/libnet.a(net.o)
                                0x217 (size before relaxing)
 .rodata.str1.1
                0x0401fb6f       0x43 net/libnet.a(rarp.o)
 .rodata.str1.1
                0x0401fbb2      0x1a8 net/libnet.a(tftp.o)
                                0x1f6 (size before relaxing)
 .rodata.str1.1
                0x0401fd5a       0x70 net/libnet.a(bootp.o)
                                 0xa9 (size before relaxing)
 .rodata.str1.1
                0x0401fdca      0x567 drivers/mtd/nand/libnand.a(cs75xx_nand.o)
 .rodata.str1.1
                0x04020331      0x300 drivers/mtd/nand/libnand.a(nand_bbt.o)
 .rodata.str1.1
                0x04020631      0x32d drivers/mtd/nand/libnand.a(nand_ids.o)
                                0x358 (size before relaxing)
 .rodata.str1.1
                0x0402095e      0x1c8 drivers/net/libnet.a(g2_ni_mfe.o)
                                0x1e5 (size before relaxing)
 .rodata.str1.1
                0x04020b26       0xaa common/libcommon.a(cmd_bdinfo.o)
                                 0xb3 (size before relaxing)
 .rodata.str1.1
                0x04020bd0       0xef common/libcommon.a(cmd_boot.o)
                                 0xf0 (size before relaxing)
 .rodata.str1.1
                0x04020cbf      0x7a5 common/libcommon.a(cmd_bootm.o)
                                0x7f4 (size before relaxing)
 .rodata.str1.1
                0x04021464      0x219 common/libcommon.a(cmd_load.o)
                                0x22f (size before relaxing)
 .rodata.str1.1
                0x0402167d      0x486 common/libcommon.a(cmd_mem.o)
                                0x491 (size before relaxing)
 .rodata.str1.1
                0x04021b03      0x76c common/libcommon.a(cmd_nand.o)
                                0x7a9 (size before relaxing)
 .rodata.str1.1
                0x0402226f      0x187 common/libcommon.a(cmd_net.o)
                                0x1c0 (size before relaxing)
 .rodata.str1.1
                0x040223f6      0x2e6 common/libcommon.a(cmd_nvedit.o)
                                0x343 (size before relaxing)
 .rodata.str1.1
                0x040226dc      0x581 common/libcommon.a(cmd_recovery.o)
                                0x5c9 (size before relaxing)
 .rodata.str1.1
                0x04022c5d      0x1fd common/libcommon.a(command.o)
                                0x210 (size before relaxing)
 .rodata.str1.1
                0x04022e5a       0x70 common/libcommon.a(console.o)
                                 0x74 (size before relaxing)
 .rodata.str1.1
                0x04022eca       0x33 common/libcommon.a(env_common.o)
 .rodata.str1.1
                0x04022efd       0x65 common/libcommon.a(env_nand.o)
                                 0x74 (size before relaxing)
 .rodata.str1.1
                0x04022f62      0x425 common/libcommon.a(image.o)
                                0x4a2 (size before relaxing)
 .rodata.str1.1
                0x04023387       0xb1 common/libcommon.a(main.o)
                                 0xcd (size before relaxing)
 .rodata.str1.1
                0x04023438        0x7 common/libcommon.a(stdio.o)
                                 0x1b (size before relaxing)
 .rodata.str1.1
                0x0402343f       0xe3 common/libcommon.a(xyzModem.o)
                                 0xe5 (size before relaxing)
 .rodata.str1.1
                0x04023522      0x3bb drivers/net/rtl83xx-1.3.0/librtl83xx.a(rtl83xx_main.o)
 .rodata.str1.1
                0x040238dd       0xa6 drivers/net/rtl83xx-1.3.0/librtl83xx.a(rtk_api.o)
 .rodata.str1.1
                0x00000000       0xa6 board/futuretek/ftm-100s/libftm-100s.a(ftm_100s.o)
                                  0x9 (size before relaxing)
 .rodata.str1.1
                0x04023983      0x206 board/futuretek/ftm-100s/libftm-100s.a(cmd_ftm_100s.o)
                                0x231 (size before relaxing)
 .rodata.str1.1
                0x04023b89      0x2cb board/futuretek/ftm-100s/libftm-100s.a(csmi_uboot_cmds.o)
                                0x2d8 (size before relaxing)
 .rodata.str1.1
                0x04023e54      0x2a2 board/futuretek/ftm-100s/libftm-100s.a(csmi_user.o)
                                0x2ec (size before relaxing)
 .rodata.str1.1
                0x040240f6       0x11 lib_generic/libgeneric.a(display_options.o)
                                 0x36 (size before relaxing)
 .rodata.str1.1
                0x04024107       0x85 lib_generic/libgeneric.a(gunzip.o)
 .rodata.str1.1
                0x0402418c       0x34 lib_generic/libgeneric.a(lmb.o)
 .rodata.str1.1
                0x040241c0        0xe lib_generic/libgeneric.a(vsprintf.o)
 .rodata.str1.1
                0x040241ce      0x21c lib_generic/libgeneric.a(zlib.o)
                                0x21d (size before relaxing)
 .rodata.str1.1
                0x040243ea       0x42 lib_arm/libarm.a(bootm.o)
                                 0x4b (size before relaxing)
 .rodata.str1.1
                0x0402442c      0x24c drivers/mtd/nand/libnand.a(nand_util.o)
                                0x24e (size before relaxing)
 .rodata.str1.1
                0x04024678       0x1b /home/xtra/Work/ftm-100s/u-boot/lib_arm/eabi_compat.o
                0x04024694                . = ALIGN (0x4)

.data           0x04024694     0x133c
 *(.data)
 .data          0x04024694        0x0 cpu/arm_cortexa9/start.o
 .data          0x04024694       0x28 lib_arm/libarm.a(board.o)
                0x04024694                init_sequence
 .data          0x040246bc        0x0 lib_arm/libarm.a(interrupts.o)
 .data          0x040246bc        0x0 net/libnet.a(eth.o)
 .data          0x040246bc        0xa net/libnet.a(net.o)
                0x040246bc                NetOurVLAN
                0x040246be                NetOurNativeVLAN
                0x040246c0                NetBcastAddr
 .data          0x040246c6        0x0 net/libnet.a(rarp.o)
 *fill*         0x040246c6        0x2 00
 .data          0x040246c8       0x18 net/libnet.a(tftp.o)
                0x040246d8                TftpRRQTimeoutMSecs
                0x040246dc                TftpRRQTimeoutCountMax
 .data          0x040246e0        0x0 net/libnet.a(bootp.o)
 .data          0x040246e0      0x390 drivers/mtd/nand/libnand.a(cs75xx_nand.o)
 .data          0x04024a70        0x4 drivers/mtd/nand/libnand.a(nand.o)
                0x04024a70                nand_curr_device
 .data          0x04024a74      0x128 drivers/mtd/nand/libnand.a(nand_bbt.o)
 .data          0x04024b9c      0x510 drivers/mtd/nand/libnand.a(nand_ids.o)
                0x04024b9c                nand_flash_ids
                0x0402504c                nand_manuf_ids
 .data          0x040250ac        0x0 drivers/net/libnet.a(g2_ni_mfe.o)
 .data          0x040250ac        0x0 drivers/serial/libserial.a(serial_cs752x.o)
 .data          0x040250ac        0x0 common/libcommon.a(cmd_bdinfo.o)
 .data          0x040250ac        0x0 common/libcommon.a(cmd_boot.o)
 .data          0x040250ac       0x94 common/libcommon.a(cmd_bootm.o)
                0x040250ac                load_addr
                0x040250b0                cmd_bootm_sub
 .data          0x04025140        0x0 common/libcommon.a(cmd_load.o)
 .data          0x04025140        0x4 common/libcommon.a(cmd_mem.o)
                0x04025140                dp_last_length
 .data          0x04025144        0x0 common/libcommon.a(cmd_nand.o)
 .data          0x04025144        0x0 common/libcommon.a(cmd_net.o)
 .data          0x04025144        0x4 common/libcommon.a(cmd_nvedit.o)
 .data          0x04025148        0x4 common/libcommon.a(cmd_recovery.o)
                0x04025148                verbose
 .data          0x0402514c        0x0 common/libcommon.a(command.o)
 .data          0x0402514c        0x0 common/libcommon.a(console.o)
 .data          0x0402514c      0x414 common/libcommon.a(dlmalloc.o)
 .data          0x04025560      0x14f common/libcommon.a(env_common.o)
                0x04025560                default_environment
 *fill*         0x040256af        0x1 00
 .data          0x040256b0        0x4 common/libcommon.a(env_nand.o)
                0x040256b0                env_name_spec
 .data          0x040256b4        0x0 common/libcommon.a(exports.o)
 .data          0x040256b4      0x1f8 common/libcommon.a(image.o)
 .data          0x040258ac        0xd common/libcommon.a(main.o)
 *fill*         0x040258b9        0x3 00
 .data          0x040258bc        0xc common/libcommon.a(stdio.o)
                0x040258bc                stdio_names
 .data          0x040258c8        0x0 common/libcommon.a(xyzModem.o)
 .data          0x040258c8        0x0 drivers/net/rtl83xx-1.3.0/librtl83xx.a(rtl83xx_main.o)
 .data          0x040258c8        0x0 drivers/net/rtl83xx-1.3.0/librtl83xx.a(rtk_api.o)
 .data          0x040258c8        0x0 drivers/net/rtl83xx-1.3.0/librtl83xx.a(rtl8370_asicdrv.o)
 .data          0x040258c8        0x0 drivers/net/rtl83xx-1.3.0/librtl83xx.a(rtl8370_asicdrv_port.o)
 .data          0x040258c8        0x0 drivers/net/rtl83xx-1.3.0/librtl83xx.a(rtl8370_asicdrv_phy.o)
 .data          0x040258c8        0x0 drivers/net/rtl83xx-1.3.0/librtl83xx.a(rtl8370_asicdrv_lut.o)
 .data          0x040258c8        0x0 drivers/net/rtl83xx-1.3.0/librtl83xx.a(smi.o)
 .data          0x040258c8        0x0 board/futuretek/ftm-100s/libftm-100s.a(ftm_100s.o)
 .data          0x040258c8        0x8 board/futuretek/ftm-100s/libftm-100s.a(watchdog.o)
 .data          0x040258d0        0x0 board/futuretek/ftm-100s/libftm-100s.a(lowlevel_init.o)
 .data          0x040258d0        0x0 board/futuretek/ftm-100s/libftm-100s.a(cmd_ftm_100s.o)
 .data          0x040258d0        0x0 board/futuretek/ftm-100s/libftm-100s.a(csmi_uboot_cmds.o)
 .data          0x040258d0        0x0 board/futuretek/ftm-100s/libftm-100s.a(csmi_user.o)
 .data          0x040258d0        0x0 lib_generic/libgeneric.a(crc16.o)
 .data          0x040258d0        0x0 lib_generic/libgeneric.a(crc32.o)
 .data          0x040258d0        0x0 lib_generic/libgeneric.a(display_options.o)
 .data          0x040258d0        0x0 lib_generic/libgeneric.a(gunzip.o)
 .data          0x040258d0        0x0 lib_generic/libgeneric.a(lmb.o)
 .data          0x040258d0        0x0 lib_generic/libgeneric.a(md5.o)
 .data          0x040258d0        0x0 lib_generic/libgeneric.a(string.o)
 .data          0x040258d0        0x0 lib_generic/libgeneric.a(vsprintf.o)
 .data          0x040258d0        0x0 lib_generic/libgeneric.a(zlib.o)
 .data          0x040258d0      0x100 lib_generic/libgeneric.a(ctype.o)
                0x040258d0                _ctype
 .data          0x040259d0        0x0 cpu/arm_cortexa9/libarm_cortexa9.a(cpu.o)
 .data          0x040259d0        0x0 cpu/arm_cortexa9/goldengate/libgoldengate.a(timer.o)
 .data          0x040259d0        0x0 lib_arm/libarm.a(bootm.o)
 .data          0x040259d0        0x0 lib_arm/libarm.a(cache.o)
 .data          0x040259d0        0x0 lib_arm/libarm.a(cache-cp15.o)
 .data          0x040259d0        0x0 drivers/mtd/nand/libnand.a(nand_util.o)
 .data          0x040259d0        0x0 lib_generic/libgeneric.a(div64.o)
 .data          0x040259d0        0x0 /home/xtra/Work/ftm-100s/u-boot/lib_arm/eabi_compat.o
 .data          0x040259d0        0x0 /opt/Cortina/toolchain/toolchain-arm_gcc-4.5.1+l_uClibc-0.9.32_eabi/bin/../lib/gcc/arm-openwrt-linux-uclibcgnueabi/4.5.2/libgcc.a(_udivsi3.o)
 .data          0x040259d0        0x0 /opt/Cortina/toolchain/toolchain-arm_gcc-4.5.1+l_uClibc-0.9.32_eabi/bin/../lib/gcc/arm-openwrt-linux-uclibcgnueabi/4.5.2/libgcc.a(_divsi3.o)
 .data          0x040259d0        0x0 /opt/Cortina/toolchain/toolchain-arm_gcc-4.5.1+l_uClibc-0.9.32_eabi/bin/../lib/gcc/arm-openwrt-linux-uclibcgnueabi/4.5.2/libgcc.a(_lshrdi3.o)
 .data          0x040259d0        0x0 /opt/Cortina/toolchain/toolchain-arm_gcc-4.5.1+l_uClibc-0.9.32_eabi/bin/../lib/gcc/arm-openwrt-linux-uclibcgnueabi/4.5.2/libgcc.a(_ashrdi3.o)
 .data          0x040259d0        0x0 /opt/Cortina/toolchain/toolchain-arm_gcc-4.5.1+l_uClibc-0.9.32_eabi/bin/../lib/gcc/arm-openwrt-linux-uclibcgnueabi/4.5.2/libgcc.a(_ashldi3.o)
 .data          0x040259d0        0x0 /opt/Cortina/toolchain/toolchain-arm_gcc-4.5.1+l_uClibc-0.9.32_eabi/bin/../lib/gcc/arm-openwrt-linux-uclibcgnueabi/4.5.2/libgcc.a(_dvmd_lnx.o)
                0x040259d0                . = ALIGN (0x4)

.got
 *(.got)
                0x040259d0                . = .
                0x040259d0                __u_boot_cmd_start = .

.u_boot_cmd     0x040259d0      0x3d8
 *(.u_boot_cmd)
 .u_boot_cmd    0x040259d0       0x30 drivers/net/libnet.a(g2_ni_mfe.o)
                0x040259d0                __u_boot_cmd_phy_reg
                0x040259e8                __u_boot_cmd_phy_test
 .u_boot_cmd    0x04025a00       0x18 common/libcommon.a(cmd_bdinfo.o)
                0x04025a00                __u_boot_cmd_bdinfo
 .u_boot_cmd    0x04025a18       0x30 common/libcommon.a(cmd_boot.o)
                0x04025a18                __u_boot_cmd_go
                0x04025a30                __u_boot_cmd_reset
 .u_boot_cmd    0x04025a48       0x30 common/libcommon.a(cmd_bootm.o)
                0x04025a48                __u_boot_cmd_bootm
                0x04025a60                __u_boot_cmd_iminfo
 .u_boot_cmd    0x04025a78       0x30 common/libcommon.a(cmd_load.o)
                0x04025a78                __u_boot_cmd_loadb
                0x04025a90                __u_boot_cmd_loady
 .u_boot_cmd    0x04025aa8       0xf0 common/libcommon.a(cmd_mem.o)
                0x04025aa8                __u_boot_cmd_md
                0x04025ac0                __u_boot_cmd_mm
                0x04025ad8                __u_boot_cmd_nm
                0x04025af0                __u_boot_cmd_mw
                0x04025b08                __u_boot_cmd_cp
                0x04025b20                __u_boot_cmd_cmp
                0x04025b38                __u_boot_cmd_crc32
                0x04025b50                __u_boot_cmd_base
                0x04025b68                __u_boot_cmd_loop
                0x04025b80                __u_boot_cmd_mtest
 .u_boot_cmd    0x04025b98       0x30 common/libcommon.a(cmd_nand.o)
                0x04025b98                __u_boot_cmd_nand
                0x04025bb0                __u_boot_cmd_nboot
 .u_boot_cmd    0x04025bc8       0x60 common/libcommon.a(cmd_net.o)
                0x04025bc8                __u_boot_cmd_bootp
                0x04025be0                __u_boot_cmd_tftpboot
                0x04025bf8                __u_boot_cmd_rarpboot
                0x04025c10                __u_boot_cmd_ping
 .u_boot_cmd    0x04025c28       0x60 common/libcommon.a(cmd_nvedit.o)
                0x04025c28                __u_boot_cmd_saveenv
                0x04025c40                __u_boot_cmd_printenv
                0x04025c58                __u_boot_cmd_setenv
                0x04025c70                __u_boot_cmd_run
 .u_boot_cmd    0x04025c88       0x30 common/libcommon.a(cmd_recovery.o)
                0x04025c88                __u_boot_cmd_recovery
                0x04025ca0                __u_boot_cmd_savefs
 .u_boot_cmd    0x04025cb8       0x48 common/libcommon.a(command.o)
                0x04025cb8                __u_boot_cmd_version
                0x04025cd0                __u_boot_cmd_help
                0x04025ce8                __u_boot_cmd_question_mark
 .u_boot_cmd    0x04025d00       0x60 drivers/net/rtl83xx-1.3.0/librtl83xx.a(rtl83xx_main.o)
                0x04025d00                __u_boot_cmd_sw_init
                0x04025d18                __u_boot_cmd_sw_delay
                0x04025d30                __u_boot_cmd_sw_link
                0x04025d48                __u_boot_cmd_sw_reg
 .u_boot_cmd    0x04025d60       0x48 board/futuretek/ftm-100s/libftm-100s.a(cmd_ftm_100s.o)
                0x04025d60                __u_boot_cmd_sb_display
                0x04025d78                __u_boot_cmd_sb_set_flags
                0x04025d90                __u_boot_cmd_sb_process
                0x04025da8                __u_boot_cmd_end = .
                0x04025da8                . = ALIGN (0x4)
                0x04025da8                __bss_start = .

.bss            0x04028000    0x280ac
 *(.bss)
 .bss           0x04028000        0x0 cpu/arm_cortexa9/start.o
 .bss           0x04028000        0x4 lib_arm/libarm.a(board.o)
                0x04028000                monitor_flash_len
 .bss           0x04028004        0x0 lib_arm/libarm.a(interrupts.o)
 .bss           0x04028004       0x14 net/libnet.a(eth.o)
 .bss           0x04028018     0x25e4 net/libnet.a(net.o)
                0x04028018                NetState
                0x0402801c                NetPingIP
                0x04028038                NetRestartWrap
                0x04028040                NetOurEther
                0x04028048                NetRxPacket
                0x0402804c                NetRxPacketLen
                0x04028050                NetOurIP
                0x04028054                NetArpWaitPacketIP
                0x04028058                NetArpWaitPacketMAC
                0x0402805c                NetArpWaitReplyIP
                0x04028060                NetArpWaitTxPacket
                0x04028064                NetArpWaitTxPacketSize
                0x04028068                NetServerIP
                0x0402806c                NetServerEther
                0x04028074                NetTxPacket
                0x04028078                NetOurSubnetMask
                0x0402807c                NetOurGatewayIP
                0x04028080                NetArpWaitTimerStart
                0x04028084                NetArpWaitTry
                0x0402808e                NetEtherNullAddr
                0x04028094                NetIPID
                0x0402809a                PktBuf
                0x04029ebc                NetRxPackets
                0x04029ecc                NetArpWaitPacketBuf
                0x0402a4f0                NetBootFileXferSize
                0x0402a4f4                NetOurDNSIP
                0x0402a4f8                NetOurNISDomain
                0x0402a518                NetOurHostName
                0x0402a538                NetOurRootPath
                0x0402a578                NetBootFileSize
                0x0402a57a                BootFile
 .bss           0x0402a5fc        0x4 net/libnet.a(rarp.o)
                0x0402a5fc                RarpTry
 .bss           0x0402a600       0xb4 net/libnet.a(tftp.o)
 .bss           0x0402a6b4        0x8 net/libnet.a(bootp.o)
                0x0402a6b4                BootpID
                0x0402a6b8                BootpTry
 *fill*         0x0402a6bc        0x4 00
 .bss           0x0402a6c0      0x560 drivers/mtd/nand/libnand.a(cs75xx_nand.o)
                0x0402a8a0                flash_status
                0x0402a8a4                flash_type
                0x0402a8a8                nf_cnt
                0x0402a8ac                nf_cmd
                0x0402a8b0                nf_addr1
                0x0402a8b4                nf_addr2
                0x0402a8b8                nf_access
                0x0402a8bc                flash_start
                0x0402a8c0                ecc_reset
                0x0402a8cc                flash_int_sts
                0x0402a8d0                ecc_ctl
                0x0402a8d4                dma_txq5_ctrl
                0x0402a8d8                dma_ssp_txq5_intsts
                0x0402a8dc                dma_ssp_rxq5_intsts
                0x0402a8e0                dma_txq5_wptr
                0x0402a8e4                tx_desc
                0x0402a8e8                dma_rxq5_rptr
                0x0402a8ec                rx_desc
                0x0402a8f0                fifo_ctl
                0x0402a8f4                ecc_sts
                0x0402a8f8                ecc_gen0
                0x0402a8fc                ecc_oob
                0x0402a900                bch_ctrl
                0x0402aacc                global_strap
                0x0402aad0                nf_data
                0x0402aad4                ecc_gen1
                0x0402aad8                ecc_gen2
                0x0402aadc                ecc_gen3
                0x0402aae0                ecc_gen4
                0x0402aae4                ecc_gen5
                0x0402aae8                ecc_gen6
                0x0402aaec                ecc_gen7
                0x0402aaf0                ecc_gen8
                0x0402aaf4                ecc_gen9
                0x0402aaf8                ecc_gen10
                0x0402aafc                ecc_gen11
                0x0402ab00                ecc_gen12
                0x0402ab04                ecc_gen13
                0x0402ab08                ecc_gen14
                0x0402ab0c                ecc_gen15
                0x0402ab10                fifo_sts
                0x0402ab14                fifo_addr
                0x0402ab18                dido_data
                0x0402ab1c                flash_int_mask
                0x0402ab20                bch_sts
                0x0402ab24                bch_err_loc01
                0x0402ab28                bch_err_loc23
                0x0402ab2c                bch_err_loc45
                0x0402ab30                bch_err_loc67
                0x0402ab34                bch_oob0
                0x0402ab38                bch_oob1
                0x0402ab3c                bch_oob2
                0x0402ab40                bch_oob3
                0x0402ab44                bch_oob4
                0x0402ab48                bch_gen00
                0x0402ab4c                bch_gen01
                0x0402ab50                bch_gen02
                0x0402ab54                bch_gen03
                0x0402ab58                bch_gen04
                0x0402ab5c                bch_gen10
                0x0402ab60                bch_gen11
                0x0402ab64                bch_gen12
                0x0402ab68                bch_gen13
                0x0402ab6c                bch_gen20
                0x0402ab70                bch_gen21
                0x0402ab74                bch_gen22
                0x0402ab78                bch_gen23
                0x0402ab7c                bch_gen30
                0x0402ab80                bch_gen31
                0x0402ab84                bch_gen32
                0x0402ab88                bch_gen33
                0x0402ab8c                bch_gen40
                0x0402ab90                bch_gen41
                0x0402ab94                bch_gen42
                0x0402ab98                bch_gen43
                0x0402ab9c                bch_gen50
                0x0402aba0                bch_gen51
                0x0402aba4                bch_gen52
                0x0402aba8                bch_gen53
                0x0402abac                bch_gen60
                0x0402abb0                bch_gen61
                0x0402abb4                bch_gen62
                0x0402abb8                bch_gen63
                0x0402abbc                bch_gen70
                0x0402abc0                bch_gen71
                0x0402abc4                bch_gen72
                0x0402abc8                bch_gen73
                0x0402abcc                dma_rxdma_ctrl
                0x0402abd0                dma_txdma_ctrl
                0x0402abd4                dma_rxq5_pktcnt_read
                0x0402abd8                dma_txq5_pktcnt_read
                0x0402abdc                dma_rxq5_base_depth
                0x0402abe0                dma_rxq5_wptr
                0x0402abe4                dma_txq5_base_depth
                0x0402abe8                dma_txq5_rptr
                0x0402abec                dma_rxq5_threshold
                0x0402abf0                dma_rxq5_pktcnt
                0x0402abf4                dma_rxq5_drop_pktcnt
                0x0402abf8                dma_txq5_pktcnt
                0x0402abfc                dma_ssp0_intsts
                0x0402ac00                dma_ssp0_int_enable
                0x0402ac04                dma_ssp1_intsts
                0x0402ac08                dma_ssp1_int_enable
                0x0402ac0c                dma_ssp_desc_intsts
                0x0402ac10                dma_ssp_desc_int_enable
                0x0402ac14                dma_ssp_rxq5_int_enable
                0x0402ac18                dma_ssp_txq5_int_enable
                0x0402ac1c                tmp_access
 .bss           0x0402ac20       0xb0 drivers/mtd/nand/libnand.a(nand.o)
                0x0402ac20                nand_info
 .bss           0x0402acd0        0x0 drivers/mtd/nand/libnand.a(nand_bbt.o)
 .bss           0x0402acd0        0x0 drivers/mtd/nand/libnand.a(nand_ids.o)
 .bss           0x0402acd0        0x4 drivers/net/libnet.a(g2_ni_mfe.o)
 .bss           0x0402acd4       0x18 drivers/serial/libserial.a(serial_cs752x.o)
                0x0402ace8                gs2_flag
 .bss           0x0402acec        0x0 common/libcommon.a(cmd_bdinfo.o)
 .bss           0x0402acec        0x0 common/libcommon.a(cmd_boot.o)
 .bss           0x0402acec      0x12c common/libcommon.a(cmd_bootm.o)
 .bss           0x0402ae18       0x60 common/libcommon.a(cmd_load.o)
                0x0402ae24                his_pad_count
                0x0402ae28                his_pad_char
                0x0402ae41                his_eol
                0x0402ae48                os_data_init
                0x0402ae58                os_data_char
                0x0402ae5c                his_quote
                0x0402ae60                send_ptr
                0x0402ae64                send_parms
 .bss           0x0402ae78       0x14 common/libcommon.a(cmd_mem.o)
                0x0402ae7c                mm_last_addr
                0x0402ae80                mm_last_size
                0x0402ae84                dp_last_addr
                0x0402ae88                dp_last_size
 .bss           0x0402ae8c        0x0 common/libcommon.a(cmd_nand.o)
 .bss           0x0402ae8c        0x0 common/libcommon.a(cmd_net.o)
 .bss           0x0402ae8c        0x0 common/libcommon.a(cmd_nvedit.o)
 .bss           0x0402ae8c    0x20004 common/libcommon.a(cmd_recovery.o)
                0x0402ae8c                error
                0x0402ae90                _flash_buff
 .bss           0x0404ae90        0x0 common/libcommon.a(command.o)
 .bss           0x0404ae90        0x8 common/libcommon.a(console.o)
 .bss           0x0404ae98       0x44 common/libcommon.a(dlmalloc.o)
                0x0404ae98                mem_malloc_brk
                0x0404ae9c                mem_malloc_start
                0x0404aea0                mem_malloc_end
 .bss           0x0404aedc        0x0 common/libcommon.a(env_common.o)
 .bss           0x0404aedc        0x4 common/libcommon.a(env_nand.o)
                0x0404aedc                env_ptr
 .bss           0x0404aee0        0x0 common/libcommon.a(exports.o)
 .bss           0x0404aee0        0x0 common/libcommon.a(image.o)
 .bss           0x0404aee0      0x800 common/libcommon.a(main.o)
                0x0404aee0                console_buffer
 .bss           0x0404b6e0       0x48 common/libcommon.a(stdio.o)
                0x0404b71c                stdio_devices
 .bss           0x0404b728      0x43c common/libcommon.a(xyzModem.o)
 .bss           0x0404bb64        0x0 drivers/net/rtl83xx-1.3.0/librtl83xx.a(rtl83xx_main.o)
 .bss           0x0404bb64        0x0 drivers/net/rtl83xx-1.3.0/librtl83xx.a(rtk_api.o)
 .bss           0x0404bb64        0x0 drivers/net/rtl83xx-1.3.0/librtl83xx.a(rtl8370_asicdrv.o)
 .bss           0x0404bb64        0x0 drivers/net/rtl83xx-1.3.0/librtl83xx.a(rtl8370_asicdrv_port.o)
 .bss           0x0404bb64        0x0 drivers/net/rtl83xx-1.3.0/librtl83xx.a(rtl8370_asicdrv_phy.o)
 .bss           0x0404bb64        0x0 drivers/net/rtl83xx-1.3.0/librtl83xx.a(rtl8370_asicdrv_lut.o)
 .bss           0x0404bb64        0x0 drivers/net/rtl83xx-1.3.0/librtl83xx.a(smi.o)
 *fill*         0x0404bb64      0x49c 00
 .bss           0x0404c000     0x4000 board/futuretek/ftm-100s/libftm-100s.a(ftm_100s.o)
 .bss           0x04050000       0x10 board/futuretek/ftm-100s/libftm-100s.a(watchdog.o)
 .bss           0x04050010        0x0 board/futuretek/ftm-100s/libftm-100s.a(lowlevel_init.o)
 .bss           0x04050010       0x14 board/futuretek/ftm-100s/libftm-100s.a(cmd_ftm_100s.o)
 .bss           0x04050024       0x24 board/futuretek/ftm-100s/libftm-100s.a(csmi_uboot_cmds.o)
 .bss           0x04050048       0x34 board/futuretek/ftm-100s/libftm-100s.a(csmi_user.o)
 .bss           0x0405007c        0x0 lib_generic/libgeneric.a(crc16.o)
 .bss           0x0405007c        0x0 lib_generic/libgeneric.a(crc32.o)
 .bss           0x0405007c        0x0 lib_generic/libgeneric.a(display_options.o)
 .bss           0x0405007c        0x0 lib_generic/libgeneric.a(gunzip.o)
 .bss           0x0405007c        0x0 lib_generic/libgeneric.a(lmb.o)
 .bss           0x0405007c        0x0 lib_generic/libgeneric.a(md5.o)
 .bss           0x0405007c        0x4 lib_generic/libgeneric.a(string.o)
                0x0405007c                ___strtok
 .bss           0x04050080        0x0 lib_generic/libgeneric.a(vsprintf.o)
 .bss           0x04050080        0x0 lib_generic/libgeneric.a(zlib.o)
 .bss           0x04050080        0x0 lib_generic/libgeneric.a(ctype.o)
 .bss           0x04050080        0x0 cpu/arm_cortexa9/libarm_cortexa9.a(cpu.o)
 .bss           0x04050080       0x28 cpu/arm_cortexa9/goldengate/libgoldengate.a(timer.o)
 .bss           0x040500a8        0x4 lib_arm/libarm.a(bootm.o)
 .bss           0x040500ac        0x0 lib_arm/libarm.a(cache.o)
 .bss           0x040500ac        0x0 lib_arm/libarm.a(cache-cp15.o)
 .bss           0x040500ac        0x0 drivers/mtd/nand/libnand.a(nand_util.o)
 .bss           0x040500ac        0x0 lib_generic/libgeneric.a(div64.o)
 .bss           0x040500ac        0x0 /home/xtra/Work/ftm-100s/u-boot/lib_arm/eabi_compat.o
 .bss           0x040500ac        0x0 /opt/Cortina/toolchain/toolchain-arm_gcc-4.5.1+l_uClibc-0.9.32_eabi/bin/../lib/gcc/arm-openwrt-linux-uclibcgnueabi/4.5.2/libgcc.a(_udivsi3.o)
 .bss           0x040500ac        0x0 /opt/Cortina/toolchain/toolchain-arm_gcc-4.5.1+l_uClibc-0.9.32_eabi/bin/../lib/gcc/arm-openwrt-linux-uclibcgnueabi/4.5.2/libgcc.a(_divsi3.o)
 .bss           0x040500ac        0x0 /opt/Cortina/toolchain/toolchain-arm_gcc-4.5.1+l_uClibc-0.9.32_eabi/bin/../lib/gcc/arm-openwrt-linux-uclibcgnueabi/4.5.2/libgcc.a(_lshrdi3.o)
 .bss           0x040500ac        0x0 /opt/Cortina/toolchain/toolchain-arm_gcc-4.5.1+l_uClibc-0.9.32_eabi/bin/../lib/gcc/arm-openwrt-linux-uclibcgnueabi/4.5.2/libgcc.a(_ashrdi3.o)
 .bss           0x040500ac        0x0 /opt/Cortina/toolchain/toolchain-arm_gcc-4.5.1+l_uClibc-0.9.32_eabi/bin/../lib/gcc/arm-openwrt-linux-uclibcgnueabi/4.5.2/libgcc.a(_ashldi3.o)
 .bss           0x040500ac        0x0 /opt/Cortina/toolchain/toolchain-arm_gcc-4.5.1+l_uClibc-0.9.32_eabi/bin/../lib/gcc/arm-openwrt-linux-uclibcgnueabi/4.5.2/libgcc.a(_dvmd_lnx.o)
                0x040500ac                _end = .
Address of section .text set to 0x4000000
LOAD cpu/arm_cortexa9/start.o
START GROUP
LOAD lib_generic/libgeneric.a
LOAD lib_generic/lzma/liblzma.a
LOAD lib_generic/lzo/liblzo.a
LOAD lib_openssl/libopenssl.a
LOAD cpu/arm_cortexa9/libarm_cortexa9.a
LOAD cpu/arm_cortexa9/goldengate/libgoldengate.a
LOAD lib_arm/libarm.a
LOAD fs/cramfs/libcramfs.a
LOAD fs/fat/libfat.a
LOAD fs/fdos/libfdos.a
LOAD fs/jffs2/libjffs2.a
LOAD fs/reiserfs/libreiserfs.a
LOAD fs/ext2/libext2fs.a
LOAD fs/yaffs2/libyaffs2.a
LOAD fs/ubifs/libubifs.a
LOAD net/libnet.a
LOAD disk/libdisk.a
LOAD drivers/bios_emulator/libatibiosemu.a
LOAD drivers/block/libblock.a
LOAD drivers/dma/libdma.a
LOAD drivers/fpga/libfpga.a
LOAD drivers/gpio/libgpio.a
LOAD drivers/hwmon/libhwmon.a
LOAD drivers/i2c/libi2c.a
LOAD drivers/input/libinput.a
LOAD drivers/misc/libmisc.a
LOAD drivers/mmc/libmmc.a
LOAD drivers/mtd/libmtd.a
LOAD drivers/mtd/nand/libnand.a
LOAD drivers/mtd/onenand/libonenand.a
LOAD drivers/mtd/ubi/libubi.a
LOAD drivers/mtd/spi/libspi_flash.a
LOAD drivers/net/libnet.a
LOAD drivers/net/phy/libphy.a
LOAD drivers/net/sk98lin/libsk98lin.a
LOAD drivers/pci/libpci.a
LOAD drivers/pcmcia/libpcmcia.a
LOAD drivers/power/libpower.a
LOAD drivers/spi/libspi.a
LOAD drivers/rtc/librtc.a
LOAD drivers/serial/libserial.a
LOAD drivers/twserial/libtws.a
LOAD drivers/usb/gadget/libusb_gadget.a
LOAD drivers/usb/host/libusb_host.a
LOAD drivers/usb/musb/libusb_musb.a
LOAD drivers/video/libvideo.a
LOAD drivers/watchdog/libwatchdog.a
LOAD common/libcommon.a
LOAD libfdt/libfdt.a
LOAD api/libapi.a
LOAD post/libpost.a
LOAD drivers/net/rtl83xx-1.3.0/librtl83xx.a
LOAD board/futuretek/ftm-100s/libftm-100s.a
END GROUP
LOAD /home/xtra/Work/ftm-100s/u-boot/lib_arm/eabi_compat.o
LOAD /opt/Cortina/toolchain/toolchain-arm_gcc-4.5.1+l_uClibc-0.9.32_eabi/bin/../lib/gcc/arm-openwrt-linux-uclibcgnueabi/4.5.2/libgcc.a
OUTPUT(u-boot elf32-littlearm)

.ARM.attributes
                0x00000000       0x2d
 .ARM.attributes
                0x00000000       0x1d cpu/arm_cortexa9/start.o
 .ARM.attributes
                0x0000001d       0x2d lib_arm/libarm.a(board.o)
 .ARM.attributes
                0x0000004a       0x2d lib_arm/libarm.a(interrupts.o)
 .ARM.attributes
                0x00000077       0x2d net/libnet.a(eth.o)
 .ARM.attributes
                0x000000a4       0x2d net/libnet.a(net.o)
 .ARM.attributes
                0x000000d1       0x2d net/libnet.a(rarp.o)
 .ARM.attributes
                0x000000fe       0x2d net/libnet.a(tftp.o)
 .ARM.attributes
                0x0000012b       0x2d net/libnet.a(bootp.o)
 .ARM.attributes
                0x00000158       0x2d drivers/mtd/nand/libnand.a(cs75xx_nand.o)
 .ARM.attributes
                0x00000185       0x2d drivers/mtd/nand/libnand.a(nand.o)
 .ARM.attributes
                0x000001b2       0x2d drivers/mtd/nand/libnand.a(nand_bbt.o)
 .ARM.attributes
                0x000001df       0x2d drivers/mtd/nand/libnand.a(nand_ids.o)
 .ARM.attributes
                0x0000020c       0x2d drivers/net/libnet.a(g2_ni_mfe.o)
 .ARM.attributes
                0x00000239       0x2d drivers/serial/libserial.a(serial_cs752x.o)
 .ARM.attributes
                0x00000266       0x2d common/libcommon.a(cmd_bdinfo.o)
 .ARM.attributes
                0x00000293       0x2d common/libcommon.a(cmd_boot.o)
 .ARM.attributes
                0x000002c0       0x2d common/libcommon.a(cmd_bootm.o)
 .ARM.attributes
                0x000002ed       0x2d common/libcommon.a(cmd_load.o)
 .ARM.attributes
                0x0000031a       0x2d common/libcommon.a(cmd_mem.o)
 .ARM.attributes
                0x00000347       0x2d common/libcommon.a(cmd_nand.o)
 .ARM.attributes
                0x00000374       0x2d common/libcommon.a(cmd_net.o)
 .ARM.attributes
                0x000003a1       0x2d common/libcommon.a(cmd_nvedit.o)
 .ARM.attributes
                0x000003ce       0x2d common/libcommon.a(cmd_recovery.o)
 .ARM.attributes
                0x000003fb       0x2d common/libcommon.a(command.o)
 .ARM.attributes
                0x00000428       0x2d common/libcommon.a(console.o)
 .ARM.attributes
                0x00000455       0x2d common/libcommon.a(dlmalloc.o)
 .ARM.attributes
                0x00000482       0x2d common/libcommon.a(env_common.o)
 .ARM.attributes
                0x000004af       0x2d common/libcommon.a(env_nand.o)
 .ARM.attributes
                0x000004dc       0x2d common/libcommon.a(exports.o)
 .ARM.attributes
                0x00000509       0x2d common/libcommon.a(image.o)
 .ARM.attributes
                0x00000536       0x2d common/libcommon.a(main.o)
 .ARM.attributes
                0x00000563       0x2d common/libcommon.a(stdio.o)
 .ARM.attributes
                0x00000590       0x2d common/libcommon.a(xyzModem.o)
 .ARM.attributes
                0x000005bd       0x2d drivers/net/rtl83xx-1.3.0/librtl83xx.a(rtl83xx_main.o)
 .ARM.attributes
                0x000005ea       0x2d drivers/net/rtl83xx-1.3.0/librtl83xx.a(rtk_api.o)
 .ARM.attributes
                0x00000617       0x2d drivers/net/rtl83xx-1.3.0/librtl83xx.a(rtl8370_asicdrv.o)
 .ARM.attributes
                0x00000644       0x2d drivers/net/rtl83xx-1.3.0/librtl83xx.a(rtl8370_asicdrv_port.o)
 .ARM.attributes
                0x00000671       0x2d drivers/net/rtl83xx-1.3.0/librtl83xx.a(rtl8370_asicdrv_phy.o)
 .ARM.attributes
                0x0000069e       0x2d drivers/net/rtl83xx-1.3.0/librtl83xx.a(rtl8370_asicdrv_lut.o)
 .ARM.attributes
                0x000006cb       0x2d drivers/net/rtl83xx-1.3.0/librtl83xx.a(smi.o)
 .ARM.attributes
                0x000006f8       0x2d board/futuretek/ftm-100s/libftm-100s.a(ftm_100s.o)
 .ARM.attributes
                0x00000725       0x2d board/futuretek/ftm-100s/libftm-100s.a(watchdog.o)
 .ARM.attributes
                0x00000752       0x1d board/futuretek/ftm-100s/libftm-100s.a(lowlevel_init.o)
 .ARM.attributes
                0x0000076f       0x2d board/futuretek/ftm-100s/libftm-100s.a(cmd_ftm_100s.o)
 .ARM.attributes
                0x0000079c       0x2d board/futuretek/ftm-100s/libftm-100s.a(csmi_uboot_cmds.o)
 .ARM.attributes
                0x000007c9       0x2d board/futuretek/ftm-100s/libftm-100s.a(csmi_user.o)
 .ARM.attributes
                0x000007f6       0x2d lib_generic/libgeneric.a(crc16.o)
 .ARM.attributes
                0x00000823       0x2d lib_generic/libgeneric.a(crc32.o)
 .ARM.attributes
                0x00000850       0x2d lib_generic/libgeneric.a(display_options.o)
 .ARM.attributes
                0x0000087d       0x2d lib_generic/libgeneric.a(gunzip.o)
 .ARM.attributes
                0x000008aa       0x2d lib_generic/libgeneric.a(lmb.o)
 .ARM.attributes
                0x000008d7       0x2d lib_generic/libgeneric.a(md5.o)
 .ARM.attributes
                0x00000904       0x2d lib_generic/libgeneric.a(string.o)
 .ARM.attributes
                0x00000931       0x2d lib_generic/libgeneric.a(vsprintf.o)
 .ARM.attributes
                0x0000095e       0x2d lib_generic/libgeneric.a(zlib.o)
 .ARM.attributes
                0x0000098b       0x2d lib_generic/libgeneric.a(ctype.o)
 .ARM.attributes
                0x000009b8       0x2d cpu/arm_cortexa9/libarm_cortexa9.a(cpu.o)
 .ARM.attributes
                0x000009e5       0x2d cpu/arm_cortexa9/goldengate/libgoldengate.a(timer.o)
 .ARM.attributes
                0x00000a12       0x2d lib_arm/libarm.a(bootm.o)
 .ARM.attributes
                0x00000a3f       0x2d lib_arm/libarm.a(cache.o)
 .ARM.attributes
                0x00000a6c       0x2d lib_arm/libarm.a(cache-cp15.o)
 .ARM.attributes
                0x00000a99       0x2d drivers/mtd/nand/libnand.a(nand_util.o)
 .ARM.attributes
                0x00000ac6       0x2d lib_generic/libgeneric.a(div64.o)
 .ARM.attributes
                0x00000af3       0x2d /home/xtra/Work/ftm-100s/u-boot/lib_arm/eabi_compat.o
 .ARM.attributes
                0x00000b20       0x23 /opt/Cortina/toolchain/toolchain-arm_gcc-4.5.1+l_uClibc-0.9.32_eabi/bin/../lib/gcc/arm-openwrt-linux-uclibcgnueabi/4.5.2/libgcc.a(_udivsi3.o)
 .ARM.attributes
                0x00000b43       0x23 /opt/Cortina/toolchain/toolchain-arm_gcc-4.5.1+l_uClibc-0.9.32_eabi/bin/../lib/gcc/arm-openwrt-linux-uclibcgnueabi/4.5.2/libgcc.a(_divsi3.o)
 .ARM.attributes
                0x00000b66       0x23 /opt/Cortina/toolchain/toolchain-arm_gcc-4.5.1+l_uClibc-0.9.32_eabi/bin/../lib/gcc/arm-openwrt-linux-uclibcgnueabi/4.5.2/libgcc.a(_lshrdi3.o)
 .ARM.attributes
                0x00000b89       0x23 /opt/Cortina/toolchain/toolchain-arm_gcc-4.5.1+l_uClibc-0.9.32_eabi/bin/../lib/gcc/arm-openwrt-linux-uclibcgnueabi/4.5.2/libgcc.a(_ashrdi3.o)
 .ARM.attributes
                0x00000bac       0x23 /opt/Cortina/toolchain/toolchain-arm_gcc-4.5.1+l_uClibc-0.9.32_eabi/bin/../lib/gcc/arm-openwrt-linux-uclibcgnueabi/4.5.2/libgcc.a(_ashldi3.o)
 .ARM.attributes
                0x00000bcf       0x23 /opt/Cortina/toolchain/toolchain-arm_gcc-4.5.1+l_uClibc-0.9.32_eabi/bin/../lib/gcc/arm-openwrt-linux-uclibcgnueabi/4.5.2/libgcc.a(_dvmd_lnx.o)

.comment        0x00000000       0x3b
 .comment       0x00000000       0x3b lib_arm/libarm.a(board.o)
                                 0x3c (size before relaxing)
 .comment       0x00000000       0x3c lib_arm/libarm.a(interrupts.o)
 .comment       0x00000000       0x3c net/libnet.a(eth.o)
 .comment       0x00000000       0x3c net/libnet.a(net.o)
 .comment       0x00000000       0x3c net/libnet.a(rarp.o)
 .comment       0x00000000       0x3c net/libnet.a(tftp.o)
 .comment       0x00000000       0x3c net/libnet.a(bootp.o)
 .comment       0x00000000       0x3c drivers/mtd/nand/libnand.a(cs75xx_nand.o)
 .comment       0x00000000       0x3c drivers/mtd/nand/libnand.a(nand.o)
 .comment       0x00000000       0x3c drivers/mtd/nand/libnand.a(nand_bbt.o)
 .comment       0x00000000       0x3c drivers/mtd/nand/libnand.a(nand_ids.o)
 .comment       0x00000000       0x3c drivers/net/libnet.a(g2_ni_mfe.o)
 .comment       0x00000000       0x3c drivers/serial/libserial.a(serial_cs752x.o)
 .comment       0x00000000       0x3c common/libcommon.a(cmd_bdinfo.o)
 .comment       0x00000000       0x3c common/libcommon.a(cmd_boot.o)
 .comment       0x00000000       0x3c common/libcommon.a(cmd_bootm.o)
 .comment       0x00000000       0x3c common/libcommon.a(cmd_load.o)
 .comment       0x00000000       0x3c common/libcommon.a(cmd_mem.o)
 .comment       0x00000000       0x3c common/libcommon.a(cmd_nand.o)
 .comment       0x00000000       0x3c common/libcommon.a(cmd_net.o)
 .comment       0x00000000       0x3c common/libcommon.a(cmd_nvedit.o)
 .comment       0x00000000       0x3c common/libcommon.a(cmd_recovery.o)
 .comment       0x00000000       0x3c common/libcommon.a(command.o)
 .comment       0x00000000       0x3c common/libcommon.a(console.o)
 .comment       0x00000000       0x3c common/libcommon.a(dlmalloc.o)
 .comment       0x00000000       0x3c common/libcommon.a(env_common.o)
 .comment       0x00000000       0x3c common/libcommon.a(env_nand.o)
 .comment       0x00000000       0x3c common/libcommon.a(exports.o)
 .comment       0x00000000       0x3c common/libcommon.a(image.o)
 .comment       0x00000000       0x3c common/libcommon.a(main.o)
 .comment       0x00000000       0x3c common/libcommon.a(stdio.o)
 .comment       0x00000000       0x3c common/libcommon.a(xyzModem.o)
 .comment       0x00000000       0x3c drivers/net/rtl83xx-1.3.0/librtl83xx.a(rtl83xx_main.o)
 .comment       0x00000000       0x3c drivers/net/rtl83xx-1.3.0/librtl83xx.a(rtk_api.o)
 .comment       0x00000000       0x3c drivers/net/rtl83xx-1.3.0/librtl83xx.a(rtl8370_asicdrv.o)
 .comment       0x00000000       0x3c drivers/net/rtl83xx-1.3.0/librtl83xx.a(rtl8370_asicdrv_port.o)
 .comment       0x00000000       0x3c drivers/net/rtl83xx-1.3.0/librtl83xx.a(rtl8370_asicdrv_phy.o)
 .comment       0x00000000       0x3c drivers/net/rtl83xx-1.3.0/librtl83xx.a(rtl8370_asicdrv_lut.o)
 .comment       0x00000000       0x3c drivers/net/rtl83xx-1.3.0/librtl83xx.a(smi.o)
 .comment       0x00000000       0x3c board/futuretek/ftm-100s/libftm-100s.a(ftm_100s.o)
 .comment       0x00000000       0x3c board/futuretek/ftm-100s/libftm-100s.a(watchdog.o)
 .comment       0x00000000       0x3c board/futuretek/ftm-100s/libftm-100s.a(cmd_ftm_100s.o)
 .comment       0x00000000       0x3c board/futuretek/ftm-100s/libftm-100s.a(csmi_uboot_cmds.o)
 .comment       0x00000000       0x3c board/futuretek/ftm-100s/libftm-100s.a(csmi_user.o)
 .comment       0x00000000       0x3c lib_generic/libgeneric.a(crc16.o)
 .comment       0x00000000       0x3c lib_generic/libgeneric.a(crc32.o)
 .comment       0x00000000       0x3c lib_generic/libgeneric.a(display_options.o)
 .comment       0x00000000       0x3c lib_generic/libgeneric.a(gunzip.o)
 .comment       0x00000000       0x3c lib_generic/libgeneric.a(lmb.o)
 .comment       0x00000000       0x3c lib_generic/libgeneric.a(md5.o)
 .comment       0x00000000       0x3c lib_generic/libgeneric.a(string.o)
 .comment       0x00000000       0x3c lib_generic/libgeneric.a(vsprintf.o)
 .comment       0x00000000       0x3c lib_generic/libgeneric.a(zlib.o)
 .comment       0x00000000       0x3c lib_generic/libgeneric.a(ctype.o)
 .comment       0x00000000       0x3c cpu/arm_cortexa9/libarm_cortexa9.a(cpu.o)
 .comment       0x00000000       0x3c cpu/arm_cortexa9/goldengate/libgoldengate.a(timer.o)
 .comment       0x00000000       0x3c lib_arm/libarm.a(bootm.o)
 .comment       0x00000000       0x3c lib_arm/libarm.a(cache.o)
 .comment       0x00000000       0x3c lib_arm/libarm.a(cache-cp15.o)
 .comment       0x00000000       0x3c drivers/mtd/nand/libnand.a(nand_util.o)
 .comment       0x00000000       0x3c lib_generic/libgeneric.a(div64.o)
 .comment       0x00000000       0x3c /home/xtra/Work/ftm-100s/u-boot/lib_arm/eabi_compat.o

.note.GNU-stack
                0x00000000        0x0
 .note.GNU-stack
                0x00000000        0x0 lib_arm/libarm.a(board.o)
 .note.GNU-stack
                0x00000000        0x0 lib_arm/libarm.a(interrupts.o)
 .note.GNU-stack
                0x00000000        0x0 net/libnet.a(eth.o)
 .note.GNU-stack
                0x00000000        0x0 net/libnet.a(net.o)
 .note.GNU-stack
                0x00000000        0x0 net/libnet.a(rarp.o)
 .note.GNU-stack
                0x00000000        0x0 net/libnet.a(tftp.o)
 .note.GNU-stack
                0x00000000        0x0 net/libnet.a(bootp.o)
 .note.GNU-stack
                0x00000000        0x0 drivers/mtd/nand/libnand.a(cs75xx_nand.o)
 .note.GNU-stack
                0x00000000        0x0 drivers/mtd/nand/libnand.a(nand.o)
 .note.GNU-stack
                0x00000000        0x0 drivers/mtd/nand/libnand.a(nand_bbt.o)
 .note.GNU-stack
                0x00000000        0x0 drivers/mtd/nand/libnand.a(nand_ids.o)
 .note.GNU-stack
                0x00000000        0x0 drivers/net/libnet.a(g2_ni_mfe.o)
 .note.GNU-stack
                0x00000000        0x0 drivers/serial/libserial.a(serial_cs752x.o)
 .note.GNU-stack
                0x00000000        0x0 common/libcommon.a(cmd_bdinfo.o)
 .note.GNU-stack
                0x00000000        0x0 common/libcommon.a(cmd_boot.o)
 .note.GNU-stack
                0x00000000        0x0 common/libcommon.a(cmd_bootm.o)
 .note.GNU-stack
                0x00000000        0x0 common/libcommon.a(cmd_load.o)
 .note.GNU-stack
                0x00000000        0x0 common/libcommon.a(cmd_mem.o)
 .note.GNU-stack
                0x00000000        0x0 common/libcommon.a(cmd_nand.o)
 .note.GNU-stack
                0x00000000        0x0 common/libcommon.a(cmd_net.o)
 .note.GNU-stack
                0x00000000        0x0 common/libcommon.a(cmd_nvedit.o)
 .note.GNU-stack
                0x00000000        0x0 common/libcommon.a(cmd_recovery.o)
 .note.GNU-stack
                0x00000000        0x0 common/libcommon.a(command.o)
 .note.GNU-stack
                0x00000000        0x0 common/libcommon.a(console.o)
 .note.GNU-stack
                0x00000000        0x0 common/libcommon.a(dlmalloc.o)
 .note.GNU-stack
                0x00000000        0x0 common/libcommon.a(env_common.o)
 .note.GNU-stack
                0x00000000        0x0 common/libcommon.a(env_nand.o)
 .note.GNU-stack
                0x00000000        0x0 common/libcommon.a(exports.o)
 .note.GNU-stack
                0x00000000        0x0 common/libcommon.a(image.o)
 .note.GNU-stack
                0x00000000        0x0 common/libcommon.a(main.o)
 .note.GNU-stack
                0x00000000        0x0 common/libcommon.a(stdio.o)
 .note.GNU-stack
                0x00000000        0x0 common/libcommon.a(xyzModem.o)
 .note.GNU-stack
                0x00000000        0x0 drivers/net/rtl83xx-1.3.0/librtl83xx.a(rtl83xx_main.o)
 .note.GNU-stack
                0x00000000        0x0 drivers/net/rtl83xx-1.3.0/librtl83xx.a(rtk_api.o)
 .note.GNU-stack
                0x00000000        0x0 drivers/net/rtl83xx-1.3.0/librtl83xx.a(rtl8370_asicdrv.o)
 .note.GNU-stack
                0x00000000        0x0 drivers/net/rtl83xx-1.3.0/librtl83xx.a(rtl8370_asicdrv_port.o)
 .note.GNU-stack
                0x00000000        0x0 drivers/net/rtl83xx-1.3.0/librtl83xx.a(rtl8370_asicdrv_phy.o)
 .note.GNU-stack
                0x00000000        0x0 drivers/net/rtl83xx-1.3.0/librtl83xx.a(rtl8370_asicdrv_lut.o)
 .note.GNU-stack
                0x00000000        0x0 drivers/net/rtl83xx-1.3.0/librtl83xx.a(smi.o)
 .note.GNU-stack
                0x00000000        0x0 board/futuretek/ftm-100s/libftm-100s.a(ftm_100s.o)
 .note.GNU-stack
                0x00000000        0x0 board/futuretek/ftm-100s/libftm-100s.a(watchdog.o)
 .note.GNU-stack
                0x00000000        0x0 board/futuretek/ftm-100s/libftm-100s.a(cmd_ftm_100s.o)
 .note.GNU-stack
                0x00000000        0x0 board/futuretek/ftm-100s/libftm-100s.a(csmi_uboot_cmds.o)
 .note.GNU-stack
                0x00000000        0x0 board/futuretek/ftm-100s/libftm-100s.a(csmi_user.o)
 .note.GNU-stack
                0x00000000        0x0 lib_generic/libgeneric.a(crc16.o)
 .note.GNU-stack
                0x00000000        0x0 lib_generic/libgeneric.a(crc32.o)
 .note.GNU-stack
                0x00000000        0x0 lib_generic/libgeneric.a(display_options.o)
 .note.GNU-stack
                0x00000000        0x0 lib_generic/libgeneric.a(gunzip.o)
 .note.GNU-stack
                0x00000000        0x0 lib_generic/libgeneric.a(lmb.o)
 .note.GNU-stack
                0x00000000        0x0 lib_generic/libgeneric.a(md5.o)
 .note.GNU-stack
                0x00000000        0x0 lib_generic/libgeneric.a(string.o)
 .note.GNU-stack
                0x00000000        0x0 lib_generic/libgeneric.a(vsprintf.o)
 .note.GNU-stack
                0x00000000        0x0 lib_generic/libgeneric.a(zlib.o)
 .note.GNU-stack
                0x00000000        0x0 lib_generic/libgeneric.a(ctype.o)
 .note.GNU-stack
                0x00000000        0x0 cpu/arm_cortexa9/libarm_cortexa9.a(cpu.o)
 .note.GNU-stack
                0x00000000        0x0 cpu/arm_cortexa9/goldengate/libgoldengate.a(timer.o)
 .note.GNU-stack
                0x00000000        0x0 lib_arm/libarm.a(bootm.o)
 .note.GNU-stack
                0x00000000        0x0 lib_arm/libarm.a(cache.o)
 .note.GNU-stack
                0x00000000        0x0 lib_arm/libarm.a(cache-cp15.o)
 .note.GNU-stack
                0x00000000        0x0 drivers/mtd/nand/libnand.a(nand_util.o)
 .note.GNU-stack
                0x00000000        0x0 lib_generic/libgeneric.a(div64.o)
 .note.GNU-stack
                0x00000000        0x0 /home/xtra/Work/ftm-100s/u-boot/lib_arm/eabi_compat.o
 .note.GNU-stack
                0x00000000        0x0 /opt/Cortina/toolchain/toolchain-arm_gcc-4.5.1+l_uClibc-0.9.32_eabi/bin/../lib/gcc/arm-openwrt-linux-uclibcgnueabi/4.5.2/libgcc.a(_udivsi3.o)
 .note.GNU-stack
                0x00000000        0x0 /opt/Cortina/toolchain/toolchain-arm_gcc-4.5.1+l_uClibc-0.9.32_eabi/bin/../lib/gcc/arm-openwrt-linux-uclibcgnueabi/4.5.2/libgcc.a(_divsi3.o)
 .note.GNU-stack
                0x00000000        0x0 /opt/Cortina/toolchain/toolchain-arm_gcc-4.5.1+l_uClibc-0.9.32_eabi/bin/../lib/gcc/arm-openwrt-linux-uclibcgnueabi/4.5.2/libgcc.a(_lshrdi3.o)
 .note.GNU-stack
                0x00000000        0x0 /opt/Cortina/toolchain/toolchain-arm_gcc-4.5.1+l_uClibc-0.9.32_eabi/bin/../lib/gcc/arm-openwrt-linux-uclibcgnueabi/4.5.2/libgcc.a(_ashrdi3.o)
 .note.GNU-stack
                0x00000000        0x0 /opt/Cortina/toolchain/toolchain-arm_gcc-4.5.1+l_uClibc-0.9.32_eabi/bin/../lib/gcc/arm-openwrt-linux-uclibcgnueabi/4.5.2/libgcc.a(_ashldi3.o)
 .note.GNU-stack
                0x00000000        0x0 /opt/Cortina/toolchain/toolchain-arm_gcc-4.5.1+l_uClibc-0.9.32_eabi/bin/../lib/gcc/arm-openwrt-linux-uclibcgnueabi/4.5.2/libgcc.a(_dvmd_lnx.o)

.debug_line     0x00000000     0xa146
 .debug_line    0x00000000       0xc5 cpu/arm_cortexa9/start.o
 .debug_line    0x000000c5      0x187 lib_arm/libarm.a(board.o)
 .debug_line    0x0000024c       0xc0 lib_arm/libarm.a(interrupts.o)
 .debug_line    0x0000030c      0x236 net/libnet.a(eth.o)
 .debug_line    0x00000542      0x632 net/libnet.a(net.o)
 .debug_line    0x00000b74      0x128 net/libnet.a(rarp.o)
 .debug_line    0x00000c9c      0x2a4 net/libnet.a(tftp.o)
 .debug_line    0x00000f40      0x2bf net/libnet.a(bootp.o)
 .debug_line    0x000011ff     0x14d8 drivers/mtd/nand/libnand.a(cs75xx_nand.o)
 .debug_line    0x000026d7      0x152 drivers/mtd/nand/libnand.a(nand.o)
 .debug_line    0x00002829      0x5b4 drivers/mtd/nand/libnand.a(nand_bbt.o)
 .debug_line    0x00002ddd       0x67 drivers/mtd/nand/libnand.a(nand_ids.o)
 .debug_line    0x00002e44      0x4d4 drivers/net/libnet.a(g2_ni_mfe.o)
 .debug_line    0x00003318      0x131 drivers/serial/libserial.a(serial_cs752x.o)
 .debug_line    0x00003449      0x107 common/libcommon.a(cmd_bdinfo.o)
 .debug_line    0x00003550       0xc2 common/libcommon.a(cmd_boot.o)
 .debug_line    0x00003612      0x3dc common/libcommon.a(cmd_bootm.o)
 .debug_line    0x000039ee      0x2f5 common/libcommon.a(cmd_load.o)
 .debug_line    0x00003ce3      0x2b6 common/libcommon.a(cmd_mem.o)
 .debug_line    0x00003f99      0x47d common/libcommon.a(cmd_nand.o)
 .debug_line    0x00004416      0x13f common/libcommon.a(cmd_net.o)
 .debug_line    0x00004555      0x37c common/libcommon.a(cmd_nvedit.o)
 .debug_line    0x000048d1      0x38d common/libcommon.a(cmd_recovery.o)
 .debug_line    0x00004c5e      0x13c common/libcommon.a(command.o)
 .debug_line    0x00004d9a      0x2d0 common/libcommon.a(console.o)
 .debug_line    0x0000506a      0x4c9 common/libcommon.a(dlmalloc.o)
 .debug_line    0x00005533      0x144 common/libcommon.a(env_common.o)
 .debug_line    0x00005677      0x22b common/libcommon.a(env_nand.o)
 .debug_line    0x000058a2      0x10e common/libcommon.a(exports.o)
 .debug_line    0x000059b0      0x36a common/libcommon.a(image.o)
 .debug_line    0x00005d1a      0x25a common/libcommon.a(main.o)
 .debug_line    0x00005f74      0x180 common/libcommon.a(stdio.o)
 .debug_line    0x000060f4      0x2bc common/libcommon.a(xyzModem.o)
 .debug_line    0x000063b0      0x14e drivers/net/rtl83xx-1.3.0/librtl83xx.a(rtl83xx_main.o)
 .debug_line    0x000064fe      0x308 drivers/net/rtl83xx-1.3.0/librtl83xx.a(rtk_api.o)
 .debug_line    0x00006806       0xf4 drivers/net/rtl83xx-1.3.0/librtl83xx.a(rtl8370_asicdrv.o)
 .debug_line    0x000068fa      0x21b drivers/net/rtl83xx-1.3.0/librtl83xx.a(rtl8370_asicdrv_port.o)
 .debug_line    0x00006b15       0x7a drivers/net/rtl83xx-1.3.0/librtl83xx.a(rtl8370_asicdrv_phy.o)
 .debug_line    0x00006b8f       0x6d drivers/net/rtl83xx-1.3.0/librtl83xx.a(rtl8370_asicdrv_lut.o)
 .debug_line    0x00006bfc       0x79 drivers/net/rtl83xx-1.3.0/librtl83xx.a(smi.o)
 .debug_line    0x00006c75      0x16e board/futuretek/ftm-100s/libftm-100s.a(ftm_100s.o)
 .debug_line    0x00006de3       0x6c board/futuretek/ftm-100s/libftm-100s.a(watchdog.o)
 .debug_line    0x00006e4f       0x3f board/futuretek/ftm-100s/libftm-100s.a(lowlevel_init.o)
 .debug_line    0x00006e8e      0x2f6 board/futuretek/ftm-100s/libftm-100s.a(cmd_ftm_100s.o)
 .debug_line    0x00007184      0x21b board/futuretek/ftm-100s/libftm-100s.a(csmi_uboot_cmds.o)
 .debug_line    0x0000739f      0x533 board/futuretek/ftm-100s/libftm-100s.a(csmi_user.o)
 .debug_line    0x000078d2       0xc2 lib_generic/libgeneric.a(crc16.o)
 .debug_line    0x00007994      0x152 lib_generic/libgeneric.a(crc32.o)
 .debug_line    0x00007ae6      0x132 lib_generic/libgeneric.a(display_options.o)
 .debug_line    0x00007c18       0xd4 lib_generic/libgeneric.a(gunzip.o)
 .debug_line    0x00007cec      0x27b lib_generic/libgeneric.a(lmb.o)
 .debug_line    0x00007f67      0x2b1 lib_generic/libgeneric.a(md5.o)
 .debug_line    0x00008218      0x2d1 lib_generic/libgeneric.a(string.o)
 .debug_line    0x000084e9      0x44c lib_generic/libgeneric.a(vsprintf.o)
 .debug_line    0x00008935      0x937 lib_generic/libgeneric.a(zlib.o)
 .debug_line    0x0000926c       0x61 lib_generic/libgeneric.a(ctype.o)
 .debug_line    0x000092cd       0xb8 cpu/arm_cortexa9/libarm_cortexa9.a(cpu.o)
 .debug_line    0x00009385       0xca cpu/arm_cortexa9/goldengate/libgoldengate.a(timer.o)
 .debug_line    0x0000944f      0x178 lib_arm/libarm.a(bootm.o)
 .debug_line    0x000095c7       0x38 lib_arm/libarm.a(cache.o)
 .debug_line    0x000095ff      0x130 lib_arm/libarm.a(cache-cp15.o)
 .debug_line    0x0000972f      0x3ca drivers/mtd/nand/libnand.a(nand_util.o)
 .debug_line    0x00009af9       0xc8 lib_generic/libgeneric.a(div64.o)
 .debug_line    0x00009bc1       0x41 /home/xtra/Work/ftm-100s/u-boot/lib_arm/eabi_compat.o