Archive member included because of file (symbol)

lib_arm/libarm.a(board.o)     cpu/arm_cortexa9/start.o (start_armboot)
lib_arm/libarm.a(interrupts.o)
                              lib_arm/libarm.a(board.o) (enable_interrupts)
net/libnet.a(eth.o)           lib_arm/libarm.a(board.o) (eth_initialize)
net/libnet.a(net.o)           lib_arm/libarm.a(board.o) (copy_filename)
net/libnet.a(rarp.o)          net/libnet.a(net.o) (RarpRequest)
net/libnet.a(http.o)          (__u_boot_cmd_http)
net/libnet.a(tcp.o)           net/libnet.a(http.o) (init_tcp)
net/libnet.a(tftp.o)          net/libnet.a(net.o) (TftpStart)
net/libnet.a(bootp.o)         net/libnet.a(net.o) (BootpRequest)
drivers/mtd/nand/libnand.a(cs75xx_nand.o)
                              lib_arm/libarm.a(board.o) (cs75xx_nand_init)
drivers/mtd/nand/libnand.a(nand.o)
                              drivers/mtd/nand/libnand.a(cs75xx_nand.o) (nand_curr_device)
drivers/mtd/nand/libnand.a(nand_bbt.o)
                              drivers/mtd/nand/libnand.a(cs75xx_nand.o) (nand_update_bbt)
drivers/mtd/nand/libnand.a(nand_ids.o)
                              drivers/mtd/nand/libnand.a(cs75xx_nand.o) (nand_flash_ids)
drivers/net/libnet.a(g2_ni_mfe.o)
                              (__u_boot_cmd_phy_reg)
drivers/serial/libserial.a(serial_cs752x.o)
                              lib_arm/libarm.a(board.o) (serial_init)
common/libcommon.a(cmd_bdinfo.o)
                              (__u_boot_cmd_bdinfo)
common/libcommon.a(cmd_boot.o)
                              (__u_boot_cmd_go)
common/libcommon.a(cmd_bootm.o)
                              lib_arm/libarm.a(board.o) (load_addr)
common/libcommon.a(cmd_load.o)
                              (__u_boot_cmd_loadb)
common/libcommon.a(cmd_mem.o)
                              (__u_boot_cmd_md)
common/libcommon.a(cmd_nand.o)
                              (__u_boot_cmd_nand)
common/libcommon.a(cmd_net.o)
                              (__u_boot_cmd_bootp)
common/libcommon.a(cmd_nvedit.o)
                              net/libnet.a(eth.o) (get_env_id)
common/libcommon.a(command.o)
                              common/libcommon.a(cmd_bootm.o) (find_cmd_tbl)
common/libcommon.a(console.o)
                              lib_arm/libarm.a(board.o) (printf)
common/libcommon.a(dlmalloc.o)
                              lib_arm/libarm.a(board.o) (mem_malloc_init)
common/libcommon.a(env_common.o)
                              common/libcommon.a(cmd_nvedit.o) (env_crc_update)
common/libcommon.a(env_nand.o)
                              common/libcommon.a(env_common.o) (env_get_char_spec)
common/libcommon.a(exports.o)
                              lib_arm/libarm.a(board.o) (jumptable_init)
common/libcommon.a(image.o)   common/libcommon.a(cmd_bootm.o) (image_check_hcrc)
common/libcommon.a(main.o)    common/libcommon.a(cmd_mem.o) (readline)
common/libcommon.a(stdio.o)   common/libcommon.a(console.o) (stdio_get_list)
common/libcommon.a(xyzModem.o)
                              common/libcommon.a(cmd_load.o) (xyzModem_stream_open)
drivers/net/rtl83xx-1.3.0/librtl83xx.a(rtl83xx_main.o)
                              drivers/net/libnet.a(g2_ni_mfe.o) (rtl83xx_init)
drivers/net/rtl83xx-1.3.0/librtl83xx.a(rtk_api.o)
                              drivers/net/rtl83xx-1.3.0/librtl83xx.a(rtl83xx_main.o) (rtk_port_macForceLinkExt0_set)
drivers/net/rtl83xx-1.3.0/librtl83xx.a(rtl8370_asicdrv.o)
                              drivers/net/rtl83xx-1.3.0/librtl83xx.a(rtk_api.o) (rtl8370_setAsicRegBit)
drivers/net/rtl83xx-1.3.0/librtl83xx.a(rtl8370_asicdrv_port.o)
                              drivers/net/rtl83xx-1.3.0/librtl83xx.a(rtk_api.o) (rtl8370_setAsicPortForceLink)
drivers/net/rtl83xx-1.3.0/librtl83xx.a(rtl8370_asicdrv_phy.o)
                              drivers/net/rtl83xx-1.3.0/librtl83xx.a(rtk_api.o) (rtl8370_setAsicPHYReg)
drivers/net/rtl83xx-1.3.0/librtl83xx.a(rtl8370_asicdrv_lut.o)
                              drivers/net/rtl83xx-1.3.0/librtl83xx.a(rtk_api.o) (rtl8370_setAsicLutLearnLimitNo)
drivers/net/rtl83xx-1.3.0/librtl83xx.a(smi.o)
                              drivers/net/rtl83xx-1.3.0/librtl83xx.a(rtl83xx_main.o) (smi_read)
board/futuretek/ftm-100s/libftm-100s.a(ftm_100s.o)
                              drivers/serial/libserial.a(serial_cs752x.o) (get_platform_clk)
board/futuretek/ftm-100s/libftm-100s.a(watchdog.o)
                              board/futuretek/ftm-100s/libftm-100s.a(ftm_100s.o) (g2_wdt_set_heartbeat)
board/futuretek/ftm-100s/libftm-100s.a(lowlevel_init.o)
                              cpu/arm_cortexa9/start.o (lowlevel_init)
board/futuretek/ftm-100s/libftm-100s.a(cmd_ftm_100s.o)
                              net/libnet.a(http.o) (upgrade_flash)
board/futuretek/ftm-100s/libftm-100s.a(csmi_uboot_cmds.o)
                              board/futuretek/ftm-100s/libftm-100s.a(cmd_ftm_100s.o) (csmi_uboot_cmds_initialize)
board/futuretek/ftm-100s/libftm-100s.a(csmi_user.o)
[...]
Memory Configuration

Name             Origin             Length             Attributes
*default*        0x00000000         0xffffffff

Linker script and memory map

                0x04000000                . = 0x4000000
                0x04000000                . = ALIGN (0x4)

.text           0x04000000    0x1de6c
 cpu/arm_cortexa9/start.o(.text)
 .text          0x04000000      0x460 cpu/arm_cortexa9/start.o
                0x04000000                _start
                0x04000040                _end_vect
                0x04000044                _armboot_start
                0x04000048                _bss_start
                0x0400004c                _bss_end
 *(.text)
 .text          0x04000460      0x234 lib_arm/libarm.a(board.o)
                0x0400050c                coloured_LED_init
                0x0400050c                __coloured_LED_init
                0x04000510                red_LED_on
                0x04000510                __red_LED_on
                0x04000514                __red_LED_off
                0x04000514                red_LED_off
                0x04000518                green_LED_on
                0x04000518                __green_LED_on
                0x0400051c                __green_LED_off
                0x0400051c                green_LED_off
                0x04000520                __yellow_LED_on
                0x04000520                yellow_LED_on
                0x04000524                __yellow_LED_off
                0x04000524                yellow_LED_off
                0x04000528                blue_LED_on
                0x04000528                __blue_LED_on
                0x0400052c                blue_LED_off
                0x0400052c                __blue_LED_off
                0x04000530                hang
                0x04000544                start_armboot
 .text          0x04000694      0x264 lib_arm/libarm.a(interrupts.o)
                0x04000694                enable_interrupts
                0x04000698                disable_interrupts
                0x040006a0                bad_mode
                0x040006bc                show_regs
                0x040007fc                do_undefined_instruction
                0x04000820                do_software_interrupt
                0x04000844                do_prefetch_abort
                0x04000868                do_data_abort
                0x0400088c                do_not_used
                0x040008b0                do_fiq
                0x040008d4                do_irq
 .text          0x040008f8      0x758 net/libnet.a(eth.o)
                0x040008f8                eth_parse_enetaddr
                0x0400094c                eth_getenv_enetaddr
                0x040009a8                eth_setenv_enetaddr
                0x040009dc                eth_getenv_enetaddr_by_index
                0x04000a20                cpu_eth_init
                0x04000a28                eth_get_dev
                0x04000a38                eth_get_dev_by_name
                0x04000a8c                eth_get_dev_by_index
                0x04000ad8                eth_get_dev_index
                0x04000b28                eth_register
                0x04000bb0                eth_initialize
                0x04000d94                eth_halt
                0x04000dc4                eth_send
                0x04000dfc                eth_rx
                0x04000e28                eth_try_another
                0x04000ed0                eth_init
                0x04000f94                eth_set_current
                0x04001030                eth_get_name
 .text          0x04001050     0x1550 net/libnet.a(net.o)
                0x040010dc                NetSetHandler
                0x040010ec                NetSetTimeout
                0x0400111c                NetStartAgain
                0x04001224                NetSendPacket
                0x04001228                NetCksum
                0x0400125c                NetCksumOk
                0x0400127c                NetEthHdrSize
                0x040012b8                NetSetEther
                0x0400135c                NetReceive
                0x04001918                ArpRequest
                0x04001a10                ArpTimeoutCheck
                0x04001a80                PingSend
                0x04001ba8                NetSendIPPacket
                0x04001dc4                NetSetIP
                0x04001ebc                NetSendUDPPacket
                0x04001ff4                copy_filename
                0x04002038                ip_to_string
                0x04002074                string_to_ip
                0x040020dc                VLAN_to_string
                0x04002128                string_to_VLAN
                0x04002174                getenv_IPaddr
                0x04002184                getenv_VLAN
                0x04002194                NetLoop
 .text          0x040025a0      0x170 net/libnet.a(rarp.o)
                0x040025e0                RarpRequest
 .text          0x04002710      0xf20 net/libnet.a(http.o)
                0x04002718                do_http
                0x0400278c                http_check_image
                0x040027c0                do_upgrade_image
                0x040028ac                memstr
                0x04002904                http_header
                0x040029b0                http_send
                0x04002b6c                http_send_error
                0x04002c44                http_send_ok
                0x04002d28                replace_tag
                0x04002d7c                http_server
 .text          0x04003630      0xd3c net/libnet.a(tcp.o)
                0x04003638                init_tcp
                0x04003670                cksum
                0x040036cc                tcp_send
                0x0400392c                tcp_retransmit
                0x04003a78                tcp_inactivity
                0x04003b18                tcp_rcve
 .text          0x0400436c      0x71c net/libnet.a(tftp.o)
                0x040047f8                TftpStart
 .text          0x04004a88      0x604 net/libnet.a(bootp.o)
                0x04004e54                BootpRequest
 .text          0x0400508c     0x4d50 drivers/mtd/nand/libnand.a(cs75xx_nand.o)
                0x0400511c                cs75xx_nand_enable_hwecc
                0x04008c38                cs75xx_nand_erase_nand
                0x040091d8                board_nand_init
                0x040092f0                cs75xx_nand_scan_tail
                0x0400967c                cs75xx_nand_scan_ident
                0x04009b48                cs75xx_nand_scan
                0x04009b68                cs75xx_nand_init
 .text          0x04009ddc        0x0 drivers/mtd/nand/libnand.a(nand.o)
 .text          0x04009ddc     0x16dc drivers/mtd/nand/libnand.a(nand_bbt.o)
                0x0400ac64                nand_update_bbt
                0x0400af24                nand_scan_bbt
                0x0400b3b0                nand_default_bbt
                0x0400b464                nand_isbad_bbt
 .text          0x0400b4b8        0x0 drivers/mtd/nand/libnand.a(nand_ids.o)
 .text          0x0400b4b8      0xb60 drivers/net/libnet.a(g2_ni_mfe.o)
                0x0400b4b8                g2_ni_halt
                0x0400b4bc                g2_ni_init
                0x0400b794                g2_ni_recv
                0x0400b8bc                reg_read
                0x0400b8c4                reg_write
                0x0400b8cc                g2_ni_reset
                0x0400b92c                g2_phy_write
                0x0400b9d0                g2_phy_read
                0x0400ba70                do_phy_test
                0x0400bbbc                do_phy_reg
                0x0400bd04                g2_phy_disable
                0x0400bd6c                g2_eth_initialize
 .text          0x0400c018      0x1b8 drivers/serial/libserial.a(serial_cs752x.o)
                0x0400c048                serial_init
                0x0400c0c0                serial_putc
                0x0400c0e4                serial_puts
                0x0400c104                serial_getc
                0x0400c168                serial_getc_with_timeout
                0x0400c1ac                serial_tstc
                0x0400c1cc                serial_setbrg
 .text          0x0400c1d0       0xe8 common/libcommon.a(cmd_bdinfo.o)
                0x0400c1d0                do_bdinfo
 .text          0x0400c2b8       0x8c common/libcommon.a(cmd_boot.o)
                0x0400c2b8                do_go_exec
                0x0400c2d0                do_go
 .text          0x0400c344      0xc1c common/libcommon.a(cmd_bootm.o)
                0x0400c5ac                do_iminfo
                0x0400caec                board_lmb_reserve
                0x0400caec                __board_lmb_reserve
                0x0400caf0                arch_lmb_reserve
                0x0400caf0                __arch_lmb_reserve
                0x0400caf4                arch_preboot_os
                0x0400caf4                __arch_preboot_os
                0x0400caf8                do_bootm_subcommand
                0x0400ccc8                do_bootm
 .text          0x0400cf60      0x970 common/libcommon.a(cmd_load.o)
                0x0400d0b4                send_pad
                0x0400d0e0                ktrans
                0x0400d100                chk1
                0x0400d128                s1_sendpacket
                0x0400d14c                send_ack
                0x0400d1a8                send_nack
                0x0400d204                k_data_init
                0x0400d224                k_data_save
                0x0400d248                k_data_restore
                0x0400d26c                k_data_char
                0x0400d2bc                handle_send_packet
                0x0400d480                do_load_serial_bin
 .text          0x0400d8d0      0x914 common/libcommon.a(cmd_mem.o)
                0x0400d8d0                do_mem_crc
                0x0400d980                do_mem_base
                0x0400d9c0                do_mem_mtest
                0x0400db60                do_mem_loop
                0x0400dc58                do_mem_cp
                0x0400dd30                do_mem_cmp
                0x0400debc                do_mem_mw
                0x0400e0c8                do_mem_nm
                0x0400e0ec                do_mem_mm
                0x0400e110                do_mem_md
 .text          0x0400e1e4      0xe84 common/libcommon.a(cmd_nand.o)
                0x0400e288                do_nandboot
                0x0400e8d8                do_nand
 .text          0x0400f068      0x39c common/libcommon.a(cmd_net.o)
                0x0400f068                do_ping
                0x0400f3e0                do_rarpb
                0x0400f3ec                do_tftpb
                0x0400f3f8                do_bootp
 .text          0x0400f404      0x7f4 common/libcommon.a(cmd_nvedit.o)
                0x0400f404                do_saveenv
                0x0400f430                get_env_id
                0x0400f440                envmatch
                0x0400f4a4                getenv_r
                0x0400f54c                getenv
                0x0400f5c0                _do_setenv
                0x0400fa00                do_setenv
                0x0400fa2c                setenv
                0x0400fb68                do_printenv
 .text          0x0400fbf8      0x35c common/libcommon.a(command.o)
                0x0400fbf8                do_version
                0x0400fc18                find_cmd_tbl
                0x0400fcac                find_cmd
                0x0400fcd4                cmd_usage
                0x0400fd34                _do_help
                0x0400febc                do_help
                0x0400ff04                cmd_get_data_size
 .text          0x0400ff54      0x558 common/libcommon.a(console.o)
                0x0400fff8                serial_printf
                0x0401003c                fgetc
                0x04010068                ftstc
                0x04010094                fputc
                0x040100bc                fputs
                0x040100e4                fprintf
                0x0401012c                getc
                0x04010144                tstc
                0x0401015c                putc
                0x04010178                puts
                0x04010194                printf
                0x040101d8                vprintf
                0x0401020c                ctrlc
                0x04010258                disable_ctrlc
                0x04010270                had_ctrlc
                0x04010280                clear_ctrlc
                0x04010294                dbg
                0x040102a0                search_device
                0x040102c8                console_assign
                0x04010308                console_init_f
                0x04010318                stdio_print_current_devices
                0x040103cc                console_init_r
 .text          0x040104ac      0xfec common/libcommon.a(dlmalloc.o)
                0x040104ac                sbrk
                0x040104e4                mem_malloc_init
                0x04010504                malloc_trim
                0x040105d4                free
                0x040107f4                cfree
                0x040107f8                malloc
                0x04010d80                calloc
                0x04010e60                memalign
                0x04010f70                pvalloc
                0x04010f88                valloc
                0x04010f94                realloc
                0x040113e4                malloc_usable_size
                0x04011424                mallopt
 .text          0x04011498      0x13c common/libcommon.a(env_common.o)
                0x04011498                env_crc_update
                0x040114c4                env_get_char_memory
                0x040114e8                env_get_char
                0x04011518                env_get_addr
                0x0401153c                set_default_env
                0x04011580                env_relocate
 .text          0x040115d4      0x29c common/libcommon.a(env_nand.o)
                0x040115ec                env_get_char_spec
                0x040115f8                env_init
                0x04011614                writeenv
                0x040116cc                saveenv
                0x0401176c                readenv
                0x04011824                env_relocate_spec
 .text          0x04011870       0xe8 common/libcommon.a(exports.o)
                0x04011874                get_version
                0x0401187c                jumptable_init
 .text          0x04011958      0x728 common/libcommon.a(image.o)
                0x04011984                image_check_hcrc
                0x040119d4                image_check_dcrc
                0x04011a14                image_multi_count
                0x04011a38                image_multi_getimg
                0x04011abc                getenv_yesno
                0x04011ae4                getenv_bootm_low
                0x04011b18                getenv_bootm_size
                0x04011b4c                memmove_wd
                0x04011b50                genimg_print_size
                0x04011b7c                get_table_entry_name
                0x04011ba8                genimg_get_os_name
                0x04011bc0                genimg_get_arch_name
                0x04011bd8                genimg_get_type_name
                0x04011bf0                genimg_get_comp_name
                0x04011c08                image_print_contents
                0x04011d80                get_table_entry_id
                0x04011dcc                genimg_get_os_id
                0x04011de4                genimg_get_arch_id
                0x04011dfc                genimg_get_type_id
                0x04011e14                genimg_get_comp_id
                0x04011e2c                genimg_get_format
                0x04011e44                genimg_get_image
                0x04011e48                genimg_has_config
                0x04011e50                boot_get_ramdisk
 .text          0x04012080      0x8a4 common/libcommon.a(main.o)
                0x04012158                __show_boot_progress
                0x0401215c                readline_into_buffer
                0x04012328                readline
                0x0401233c                parse_line
                0x040123cc                run_command
                0x04012740                main_loop
                0x040128a8                do_run
 .text          0x04012924      0x174 common/libcommon.a(stdio.o)
                0x04012924                stdio_get_list
                0x04012930                stdio_get_by_name
                0x04012984                stdio_clone
                0x040129cc                stdio_register
                0x04012a10                stdio_init
 .text          0x04012a98      0x8bc common/libcommon.a(xyzModem.o)
                0x04012a98                CYGACC_COMM_IF_GETC_TIMEOUT
                0x04012d84                CYGACC_COMM_IF_PUTC
                0x04012d8c                parse_num
                0x04012eb8                xyzModem_stream_open
                0x04013000                xyzModem_stream_read
                0x04013250                xyzModem_stream_close
                0x040132a0                xyzModem_stream_terminate
                0x04013334                xyzModem_error
 .text          0x04013354      0x45c drivers/net/rtl83xx-1.3.0/librtl83xx.a(rtl83xx_main.o)
                0x04013354                do_sw_reg
                0x0401342c                do_sw_link
                0x040135ac                do_sw_delay
                0x040136c0                rtl83xx_disble_phy
                0x040136dc                rtl83xx_init
                0x040137a0                do_sw_init
 .text          0x040137b0      0xec0 drivers/net/rtl83xx-1.3.0/librtl83xx.a(rtk_api.o)
                0x04013f88                rtk_port_macForceLink_set
                0x0401408c                rtk_port_macForceLink_get
                0x040140f0                rtk_port_macForceLinkExt0_set
                0x04014208                rtk_port_macForceLinkExt0_get
                0x0401427c                rtk_port_macForceLinkExt1_set
                0x04014394                rtk_port_macForceLinkExt1_get
                0x04014408                rtk_port_rgmiiDelayExt0_set
                0x04014468                rtk_port_rgmiiDelayExt0_get
                0x0401449c                rtk_port_rgmiiDelayExt1_set
                0x040144fc                rtk_port_rgmiiDelayExt1_get
                0x04014530                rtk_port_phyEnableAll_set
                0x04014544                rtk_port_phyEnableAll_get
                0x04014548                rtk_switch_init
 .text          0x04014670      0x1c4 drivers/net/rtl83xx-1.3.0/librtl83xx.a(rtl8370_asicdrv.o)
                0x04014670                rtl8370_setAsicRegBit
                0x040146d8                rtl8370_getAsicRegBit
                0x0401470c                rtl8370_setAsicRegBits
                0x04014798                rtl8370_getAsicRegBits
                0x040147f8                rtl8370_setAsicReg
                0x04014810                rtl8370_getAsicReg
 .text          0x04014834      0x734 drivers/net/rtl83xx-1.3.0/librtl83xx.a(rtl8370_asicdrv_port.o)
                0x04014834                rtl8370_setAsicPortForceFlush
                0x04014850                rtl8370_getAsicPortForceFlush
                0x0401485c                rtl8370_setAsicPortDisableAging
                0x0401488c                rtl8370_getAsicPortDisableAging
                0x040148b0                rtl8370_setAsicPortUnknownDaBehavior
                0x040148d0                rtl8370_getAsicPortUnknownDaBehavior
                0x040148e0                rtl8370_setAsicPortUnknownSaBehavior
                0x04014900                rtl8370_getAsicPortUnknownSaBehavior
                0x04014910                rtl8370_setAsicPortUnmatchedSaBehavior
                0x04014930                rtl8370_getAsicPortUnmatchedSaBehavior
                0x04014940                rtl8370_setAsicPortUnknownDaFloodingPortmask
                0x0401495c                rtl8370_getAsicPortUnknownDaFloodingPortmask
                0x04014968                rtl8370_setAsicPortUnknownMulticastFloodingPortmask
                0x04014984                rtl8370_getAsicPortUnknownMulticastFloodingPortmask
                0x04014990                rtl8370_setAsicPortBcastFloodingPortmask
                0x040149ac                rtl8370_getAsicPortBcastFloodingPortmask
                0x040149b8                rtl8370_setAsicPortBlockSpa
                0x040149e8                rtl8370_getAsicPortBlockSpa
                0x04014a0c                rtl8370_setAsicPortForceLink
                0x04014a58                rtl8370_getAsicPortForceLink
                0x04014ab8                rtl8370_getAsicPortStatus
                0x04014b18                rtl8370_setAsicPortForceLinkExt
                0x04014b64                rtl8370_getAsicPortForceLinkExt
                0x04014bc4                rtl8370_setAsicPortExtMode
                0x04014cbc                rtl8370_getAsicPortExtMode
                0x04014ce4                rtl8370_setAsicPortEnableAll
                0x04014d08                rtl8370_getAsicPortEnableAll
                0x04014d40                rtl8370_setAsicPortRTCT
                0x04014dc4                rtl8370_getAsicPortRTCTResult
 .text          0x04014f68       0x60 drivers/net/rtl83xx-1.3.0/librtl83xx.a(rtl8370_asicdrv_phy.o)
                0x04014f68                rtl8370_setAsicPHYReg
                0x04014f98                rtl8370_getAsicPHYReg
 .text          0x04014fc8       0x28 drivers/net/rtl83xx-1.3.0/librtl83xx.a(rtl8370_asicdrv_lut.o)
                0x04014fc8                rtl8370_setAsicLutLearnLimitNo
 .text          0x04014ff0       0xb0 drivers/net/rtl83xx-1.3.0/librtl83xx.a(smi.o)
                0x04015004                smi_reset
                0x0401500c                smi_init
                0x04015014                smi_read
                0x0401505c                smi_write
 .text          0x040150a0      0x21c board/futuretek/ftm-100s/libftm-100s.a(ftm_100s.o)
                0x040150a0                show_boot_progress
                0x040150a4                get_platform_clk
                0x04015104                board_init
                0x04015144                board_eth_init
                0x04015164                misc_init_r
                0x04015194                dram_init
                0x0401525c                interrupt_init
                0x04015264                reset_cpu
 .text          0x040152bc      0x104 board/futuretek/ftm-100s/libftm-100s.a(watchdog.o)
                0x040152bc                g2_wdt_set_heartbeat
                0x040152e0                g2_wdt_init
                0x04015344                g2_wdt_keepalive
                0x04015380                g2_wdt_start
                0x04015398                g2_wdt_stop
 .text          0x040153c0        0x4 board/futuretek/ftm-100s/libftm-100s.a(lowlevel_init.o)
                0x040153c0                lowlevel_init
 .text          0x040153c4      0x604 board/futuretek/ftm-100s/libftm-100s.a(cmd_ftm_100s.o)
                0x040155a8                csmi_init
                0x04015638                do_sb_process
                0x040156e4                do_sb_set_flags
                0x04015794                do_sb_display
                0x040157fc                boot_kernel
                0x04015848                upgrade_flash
 .text          0x040159c8      0xaa8 board/futuretek/ftm-100s/libftm-100s.a(csmi_uboot_cmds.o)
                0x04015ab0                csmi_uboot_cmds_initialize
                0x04015b14                csmi_uboot_cmds_sb_display
                0x04015b54                csmi_uboot_cmds_sb_set_flags
                0x04015bfc                csmi_uboot_cmds_boot_index
                0x04015cd0                csmi_uboot_cmds_sb_process
 .text          0x04016470     0x186c board/futuretek/ftm-100s/libftm-100s.a(csmi_user.o)
                0x04016560                csmi_sb_create
                0x040165d0                csmi_sb_freeup
                0x0401666c                csmi_sb_check_magic
                0x04016684                csmi_sb_valid
                0x04016694                csmi_sb_commit
                0x040166a4                csmi_sb_active
                0x040166b4                csmi_sb_rsvd
                0x040166e0                csmi_sb_set_valid
                0x040166f8                csmi_sb_set_commit
                0x04016710                csmi_sb_set_active
                0x04016728                csmi_sb_set_rsvd
                0x04016764                csmi_sb_set_root
                0x04016784                csmi_sb_size
                0x040167ac                csmi_sb_root
                0x040167b8                csmi_sb_first_file
                0x040167fc                csmi_sb_next_file
                0x04016848                csmi_sb_named_file_handle
                0x0401688c                csmi_sb_rootfs_file_handle
                0x040168d4                csmi_sb_kernel_file_handle
                0x0401691c                csmi_sb_first_mtdpart
                0x04016960                csmi_sb_next_mtdpart
                0x040169ac                csmi_sb_mtdparts
                0x04016b2c                csmi_sb_rootfs
                0x04016c18                csmi_sb_kernel
                0x04016d04                csmi_sb_named_mtdpart_handle
                0x04016d48                csmi_sb_rootfs_mtdpart_handle
                0x04016d90                csmi_sb_kernel_mtdpart_handle
                0x04016dd8                csmi_sb_file_name
                0x04016ddc                csmi_sb_file_md5
                0x04016de8                csmi_sb_file_version
                0x04016e10                csmi_sb_file_flags
                0x04016e38                csmi_sb_file_size
                0x04016e60                csmi_sb_file_is
                0x04016e88                csmi_sb_file_type
                0x04016e94                csmi_sb_file_mountpoint
                0x04016ea0                csmi_sb_file_mountopts
                0x04016eac                csmi_sb_mtdpart_name
                0x04016eb0                csmi_sb_mtdpart_size
                0x04016ebc                csmi_sb_mtdpart_filesize
                0x04016ee4                csmi_sb_mtdpart_offset
                0x04016ef0                csmi_sb_mtdpart_is
                0x04016f18                csmi_sb_mtdpart_type
                0x04016f24                csmi_sb_mtdpart_flags
                0x04016f4c                csmi_sb_mtdpart_mountpoint
                0x04016f58                csmi_sb_mtdpart_mountopts
                0x04016f64                csmi_sb_mtdpart_md5
                0x04016f70                csmi_sb_add_file
                0x04017240                csmi_sb_add_mtdpart
                0x04017520                csmi_sb_md5_string
                0x04017564                csmi_sb_check_md5_mem
                0x040175e8                csmi_sb_read_mem
                0x040176e4                csmi_sb_print
                0x04017b90                csmi_sb_file_is_str
                0x04017bac                csmi_sb_new_md5
                0x04017bb0                csmi_sb_check_managed
                0x04017c3c                csmi_sb_file_set_md5
                0x04017c50                csmi_sb_file_set_size
                0x04017c78                csmi_sb_file_set_version
                0x04017ca0                csmi_sb_mtdpart_set_md5
                0x04017cb4                csmi_sb_mtdpart_set_filesize
 .text          0x04017cdc       0x44 lib_generic/libgeneric.a(crc16.o)
                0x04017cdc                cyg_crc16
 .text          0x04017d20      0x204 lib_generic/libgeneric.a(crc32.o)
                0x04017d20                crc32
                0x04017e24                crc32_no_comp
                0x04017f20                crc32_wd
 .text          0x04017f24      0x238 lib_generic/libgeneric.a(display_options.o)
                0x04017f24                display_options
                0x04017f44                print_size
                0x04018008                print_buffer
 .text          0x0401815c      0x1b0 lib_generic/libgeneric.a(gunzip.o)
                0x0401815c                zfree
                0x04018164                zalloc
                0x04018174                zunzip
                0x04018260                gunzip
 .text          0x0401830c      0x548 lib_generic/libgeneric.a(lmb.o)
                0x040184d8                lmb_dump_all
                0x040184dc                lmb_init
                0x04018504                lmb_add
                0x04018508                lmb_free
                0x0401862c                lmb_reserve
                0x04018634                lmb_overlaps_region
                0x04018688                __lmb_alloc_base
                0x040187b8                lmb_alloc_base
                0x040187ec                lmb_alloc
                0x040187f4                lmb_is_reserved
 .text          0x04018854      0xce0 lib_generic/libgeneric.a(md5.o)
                0x0401944c                md5
                0x040194c0                md5_wd
 .text          0x04019534      0x5a8 lib_generic/libgeneric.a(string.o)
                0x04019534                strcpy
                0x0401954c                strncpy
                0x04019570                strcat
                0x0401959c                strncat
                0x040195e4                strcmp
                0x0401960c                strncmp
                0x04019648                strchr
                0x0401967c                strlen
                0x04019698                strrchr
                0x040196d4                strnlen
                0x040196fc                strdup
                0x04019730                strspn
                0x04019770                strpbrk
                0x040197ac                strtok
                0x04019824                strsep
                0x04019858                strswab
                0x040198a4                memset
                0x0401990c                bcopy
                0x04019930                memcpy
                0x0401999c                memmove
                0x040199e8                memcmp
                0x04019a20                memscan
                0x04019a48                strstr
                0x04019aa8                memchr
 .text          0x04019adc      0xbfc lib_generic/libgeneric.a(vsprintf.o)
                0x04019f28                simple_strtoul
                0x04019fd4                simple_strtol
                0x04019ffc                ustrtoul
                0x0401a070                vsprintf
                0x0401a668                sprintf
                0x0401a68c                panic
 .text          0x0401a6d8     0x2630 lib_generic/libgeneric.a(zlib.o)
                0x0401a6d8                zcfree
                0x0401a6e0                zcalloc
                0x0401a6e8                inflate_fast
                0x0401abd8                inflate_table
                0x0401b154                inflateReset
                0x0401b1f4                inflateInit2_
                0x0401b2f8                inflateInit_
                0x0401b30c                inflateEnd
                0x0401b398                adler32
                0x0401b674                inflate
 .text          0x0401cd08        0x0 lib_generic/libgeneric.a(ctype.o)
 .text          0x0401cd08       0x48 cpu/arm_cortexa9/libarm_cortexa9.a(cpu.o)
                0x0401cd08                cpu_init
                0x0401cd10                cleanup_before_linux
                0x0401cd38                do_reset
 .text          0x0401cd50      0x1c8 cpu/arm_cortexa9/goldengate/libgoldengate.a(timer.o)
                0x0401cd50                set_timer
                0x0401cd60                udelay
                0x0401cdc0                reset_timer_masked
                0x0401ce04                reset_timer
                0x0401ce08                timer_init
                0x0401ce5c                get_timer_masked
                0x0401cee8                get_timer
                0x0401cefc                udelay_masked
                0x0401cf00                get_ticks
                0x0401cf10                get_tbclk
 .text          0x0401cf18      0x1bc lib_arm/libarm.a(bootm.o)
                0x0401cf18                do_bootm_linux
 .text          0x0401d0d4        0x4 lib_arm/libarm.a(cache.o)
                0x0401d0d4                flush_cache
 .text          0x0401d0d8       0xa4 lib_arm/libarm.a(cache-cp15.o)
                0x0401d124                icache_enable
                0x0401d13c                icache_disable
                0x0401d144                icache_status
                0x0401d150                dcache_enable
                0x0401d168                dcache_disable
                0x0401d170                dcache_status
 .text          0x0401d17c      0x744 drivers/mtd/nand/libnand.a(nand_util.o)
                0x0401d214                nand_erase_opts
                0x0401d51c                nand_write_skip_bad
                0x0401d704                nand_read_skip_bad
 .text          0x0401d8c0       0xe0 lib_generic/libgeneric.a(div64.o)
                0x0401d8c0                __div64_32
 .text          0x0401d9a0       0x1c /home/xtra/Work/ftm-100s/u-boot/lib_arm/eabi_compat.o
                0x0401d9a0                raise
 .text          0x0401d9bc      0x20c /opt/Cortina/toolchain/toolchain-arm_gcc-4.5.1+l_uClibc-0.9.32_eabi/bin/../lib/gcc/arm-openwrt-linux-uclibcgnueabi/4.5.2/libgcc.a(_udivsi3.o)
                0x0401d9bc                __udivsi3
                0x0401d9bc                __aeabi_uidiv
                0x0401dba8                __aeabi_uidivmod
 .text          0x0401dbc8      0x240 /opt/Cortina/toolchain/toolchain-arm_gcc-4.5.1+l_uClibc-0.9.32_eabi/bin/../lib/gcc/arm-openwrt-linux-uclibcgnueabi/4.5.2/libgcc.a(_divsi3.o)
                0x0401dbc8                __aeabi_idiv
                0x0401dbc8                __divsi3
                0x0401dde8                __aeabi_idivmod
 .text          0x0401de08       0x1c /opt/Cortina/toolchain/toolchain-arm_gcc-4.5.1+l_uClibc-0.9.32_eabi/bin/../lib/gcc/arm-openwrt-linux-uclibcgnueabi/4.5.2/libgcc.a(_lshrdi3.o)
                0x0401de08                __aeabi_llsr
                0x0401de08                __lshrdi3
 .text          0x0401de24       0x1c /opt/Cortina/toolchain/toolchain-arm_gcc-4.5.1+l_uClibc-0.9.32_eabi/bin/../lib/gcc/arm-openwrt-linux-uclibcgnueabi/4.5.2/libgcc.a(_ashrdi3.o)
                0x0401de24                __ashrdi3
                0x0401de24                __aeabi_lasr
 .text          0x0401de40       0x1c /opt/Cortina/toolchain/toolchain-arm_gcc-4.5.1+l_uClibc-0.9.32_eabi/bin/../lib/gcc/arm-openwrt-linux-uclibcgnueabi/4.5.2/libgcc.a(_ashldi3.o)
                0x0401de40                __ashldi3
                0x0401de40                __aeabi_llsl
 .text          0x0401de5c       0x10 /opt/Cortina/toolchain/toolchain-arm_gcc-4.5.1+l_uClibc-0.9.32_eabi/bin/../lib/gcc/arm-openwrt-linux-uclibcgnueabi/4.5.2/libgcc.a(_dvmd_lnx.o)
                0x0401de5c                __aeabi_ldiv0
                0x0401de5c                __aeabi_idiv0

.glue_7         0x0401de6c        0x0
 .glue_7        0x00000000        0x0 linker stubs

.glue_7t        0x0401de6c        0x0
 .glue_7t       0x00000000        0x0 linker stubs

.vfp11_veneer   0x0401de6c        0x0
 .vfp11_veneer  0x00000000        0x0 linker stubs

.v4_bx          0x0401de6c        0x0
 .v4_bx         0x00000000        0x0 linker stubs

.rodata         0x0401de6c     0x28a8
 *(.rodata)
 .rodata        0x0401de6c       0x48 lib_arm/libarm.a(board.o)
                0x0401de6c                version_string
 .rodata        0x0401deb4       0x80 lib_arm/libarm.a(interrupts.o)
 .rodata        0x0401df34        0x7 net/libnet.a(eth.o)
 .rodata        0x0401df3b        0x7 net/libnet.a(net.o)
 .rodata        0x0401df42       0x64 net/libnet.a(http.o)
                0x0401df58                c_len
                0x0401df79                c_boundary
                0x0401df83                c_fname
                0x0401df8d                c_headerend
 .rodata        0x0401dfa6       0xbe drivers/mtd/nand/libnand.a(cs75xx_nand.o)
 .rodata        0x0401e064        0x8 drivers/net/libnet.a(g2_ni_mfe.o)
 .rodata        0x0401e06c       0x4c common/libcommon.a(cmd_bootm.o)
 .rodata        0x0401e0b8       0x58 common/libcommon.a(command.o)
 .rodata        0x0401e110       0x20 common/libcommon.a(xyzModem.o)
 .rodata        0x0401e130     0x158c drivers/net/rtl83xx-1.3.0/librtl83xx.a(rtk_api.o)
 .rodata        0x0401f6bc       0x54 board/futuretek/ftm-100s/libftm-100s.a(ftm_100s.o)
 .rodata        0x0401f710       0x14 board/futuretek/ftm-100s/libftm-100s.a(csmi_user.o)
 .rodata        0x0401f724      0x200 lib_generic/libgeneric.a(crc16.o)
 .rodata        0x0401f924      0x400 lib_generic/libgeneric.a(crc32.o)
 .rodata        0x0401fd24       0x21 lib_generic/libgeneric.a(vsprintf.o)
                0x0401fd24                hex_asc
 *fill*         0x0401fd45        0x3 00
 .rodata        0x0401fd48      0x9cc lib_generic/libgeneric.a(zlib.o)
                0x040206ec                z_errmsg

.rodata.str1.1  0x04020714     0x5246
 .rodata.str1.1
                0x04020714       0x6b lib_arm/libarm.a(board.o)
                                 0x6d (size before relaxing)
 .rodata.str1.1
                0x0402077f      0x264 lib_arm/libarm.a(interrupts.o)
                                0x27b (size before relaxing)
 .rodata.str1.1
                0x040209e3       0xb0 net/libnet.a(eth.o)
                                 0xc7 (size before relaxing)
 .rodata.str1.1
                0x04020a93      0x20c net/libnet.a(net.o)
                                0x217 (size before relaxing)
 .rodata.str1.1
                0x04020c9f       0x43 net/libnet.a(rarp.o)
 .rodata.str1.1
                0x04020ce2      0x3bc net/libnet.a(http.o)
                                0x3c4 (size before relaxing)
 .rodata.str1.1
                0x0402109e      0x388 net/libnet.a(tcp.o)
                                0x38a (size before relaxing)
 .rodata.str1.1
                0x04021426      0x1a8 net/libnet.a(tftp.o)
                                0x1f6 (size before relaxing)
 .rodata.str1.1
                0x040215ce       0x70 net/libnet.a(bootp.o)
                                 0xa9 (size before relaxing)
 .rodata.str1.1
                0x0402163e      0x567 drivers/mtd/nand/libnand.a(cs75xx_nand.o)
 .rodata.str1.1
                0x04021ba5      0x300 drivers/mtd/nand/libnand.a(nand_bbt.o)
 .rodata.str1.1
                0x04021ea5      0x32d drivers/mtd/nand/libnand.a(nand_ids.o)
                                0x358 (size before relaxing)
 .rodata.str1.1
                0x040221d2      0x1c8 drivers/net/libnet.a(g2_ni_mfe.o)
                                0x1e5 (size before relaxing)
 .rodata.str1.1
                0x0402239a       0xaa common/libcommon.a(cmd_bdinfo.o)
                                 0xb3 (size before relaxing)
 .rodata.str1.1
                0x04022444       0xef common/libcommon.a(cmd_boot.o)
                                 0xf0 (size before relaxing)
 .rodata.str1.1
                0x04022533      0x7a5 common/libcommon.a(cmd_bootm.o)
                                0x7f4 (size before relaxing)
 .rodata.str1.1
                0x04022cd8      0x219 common/libcommon.a(cmd_load.o)
                                0x22f (size before relaxing)
 .rodata.str1.1
                0x04022ef1      0x486 common/libcommon.a(cmd_mem.o)
                                0x491 (size before relaxing)
 .rodata.str1.1
                0x04023377      0x733 common/libcommon.a(cmd_nand.o)
                                0x773 (size before relaxing)
 .rodata.str1.1
                0x04023aaa      0x187 common/libcommon.a(cmd_net.o)
                                0x1c0 (size before relaxing)
 .rodata.str1.1
                0x04023c31      0x2e6 common/libcommon.a(cmd_nvedit.o)
                                0x343 (size before relaxing)
 .rodata.str1.1
                0x04023f17      0x1fd common/libcommon.a(command.o)
                                0x210 (size before relaxing)
 .rodata.str1.1
                0x04024114       0x70 common/libcommon.a(console.o)
                                 0x74 (size before relaxing)
 .rodata.str1.1
                0x04024184       0x33 common/libcommon.a(env_common.o)
 .rodata.str1.1
                0x040241b7       0x6e common/libcommon.a(env_nand.o)
                                 0x74 (size before relaxing)
 .rodata.str1.1
                0x04024225      0x425 common/libcommon.a(image.o)
                                0x4a2 (size before relaxing)
 .rodata.str1.1
                0x0402464a       0xae common/libcommon.a(main.o)
                                 0xcd (size before relaxing)
 .rodata.str1.1
                0x040246f8        0x7 common/libcommon.a(stdio.o)
                                 0x1b (size before relaxing)
 .rodata.str1.1
                0x040246ff       0xe3 common/libcommon.a(xyzModem.o)
                                 0xe5 (size before relaxing)
 .rodata.str1.1
                0x040247e2      0x3bb drivers/net/rtl83xx-1.3.0/librtl83xx.a(rtl83xx_main.o)
 .rodata.str1.1
                0x04024b9d       0xa6 drivers/net/rtl83xx-1.3.0/librtl83xx.a(rtk_api.o)
 .rodata.str1.1
                0x00000000       0xa6 board/futuretek/ftm-100s/libftm-100s.a(ftm_100s.o)
                                  0x9 (size before relaxing)
 .rodata.str1.1
                0x04024c43      0x206 board/futuretek/ftm-100s/libftm-100s.a(cmd_ftm_100s.o)
                                0x231 (size before relaxing)
 .rodata.str1.1
                0x04024e49      0x2cb board/futuretek/ftm-100s/libftm-100s.a(csmi_uboot_cmds.o)
                                0x2d8 (size before relaxing)
 .rodata.str1.1
                0x04025114      0x2a9 board/futuretek/ftm-100s/libftm-100s.a(csmi_user.o)
                                0x2ec (size before relaxing)
 .rodata.str1.1
                0x040253bd       0x11 lib_generic/libgeneric.a(display_options.o)
                                 0x36 (size before relaxing)
 .rodata.str1.1
                0x040253ce       0x85 lib_generic/libgeneric.a(gunzip.o)
 .rodata.str1.1
                0x04025453       0x34 lib_generic/libgeneric.a(lmb.o)
 .rodata.str1.1
                0x04025487        0xe lib_generic/libgeneric.a(vsprintf.o)
 .rodata.str1.1
                0x04025495      0x21c lib_generic/libgeneric.a(zlib.o)
                                0x21d (size before relaxing)
 .rodata.str1.1
                0x040256b1       0x42 lib_arm/libarm.a(bootm.o)
                                 0x4b (size before relaxing)
 .rodata.str1.1
                0x040256f3      0x24c drivers/mtd/nand/libnand.a(nand_util.o)
                                0x24e (size before relaxing)
 .rodata.str1.1
                0x0402593f       0x1b /home/xtra/Work/ftm-100s/u-boot/lib_arm/eabi_compat.o
                0x0402595c                . = ALIGN (0x4)

.data           0x0402595c     0x1b20
 *(.data)
 .data          0x0402595c        0x0 cpu/arm_cortexa9/start.o
 .data          0x0402595c       0x28 lib_arm/libarm.a(board.o)
                0x0402595c                init_sequence
 .data          0x04025984        0x0 lib_arm/libarm.a(interrupts.o)
 .data          0x04025984        0x0 net/libnet.a(eth.o)
 .data          0x04025984        0xa net/libnet.a(net.o)
                0x04025984                NetOurVLAN
                0x04025986                NetOurNativeVLAN
                0x04025988                NetBcastAddr
 .data          0x0402598e        0x0 net/libnet.a(rarp.o)
 .data          0x0402598e      0x7df net/libnet.a(http.o)
                0x0402598e                web_page
                0x04025bfe                upgrade200_1
                0x04025f7b                reboot200
 .data          0x0402616d        0xa net/libnet.a(tcp.o)
 *fill*         0x04026177        0x1 00
 .data          0x04026178       0x18 net/libnet.a(tftp.o)
                0x04026188                TftpRRQTimeoutMSecs
                0x0402618c                TftpRRQTimeoutCountMax
 .data          0x04026190        0x0 net/libnet.a(bootp.o)
 .data          0x04026190      0x390 drivers/mtd/nand/libnand.a(cs75xx_nand.o)
 .data          0x04026520        0x4 drivers/mtd/nand/libnand.a(nand.o)
                0x04026520                nand_curr_device
 .data          0x04026524      0x128 drivers/mtd/nand/libnand.a(nand_bbt.o)
 .data          0x0402664c      0x510 drivers/mtd/nand/libnand.a(nand_ids.o)
                0x0402664c                nand_flash_ids
                0x04026afc                nand_manuf_ids
 .data          0x04026b5c        0x0 drivers/net/libnet.a(g2_ni_mfe.o)
 .data          0x04026b5c        0x0 drivers/serial/libserial.a(serial_cs752x.o)
 .data          0x04026b5c        0x0 common/libcommon.a(cmd_bdinfo.o)
 .data          0x04026b5c        0x0 common/libcommon.a(cmd_boot.o)
 .data          0x04026b5c       0x94 common/libcommon.a(cmd_bootm.o)
                0x04026b5c                load_addr
                0x04026b60                cmd_bootm_sub
 .data          0x04026bf0        0x0 common/libcommon.a(cmd_load.o)
 .data          0x04026bf0        0x4 common/libcommon.a(cmd_mem.o)
                0x04026bf0                dp_last_length
 .data          0x04026bf4        0x0 common/libcommon.a(cmd_nand.o)
 .data          0x04026bf4        0x0 common/libcommon.a(cmd_net.o)
 .data          0x04026bf4        0x4 common/libcommon.a(cmd_nvedit.o)
 .data          0x04026bf8        0x0 common/libcommon.a(command.o)
 .data          0x04026bf8        0x0 common/libcommon.a(console.o)
 .data          0x04026bf8      0x414 common/libcommon.a(dlmalloc.o)
 .data          0x0402700c      0x14f common/libcommon.a(env_common.o)
                0x0402700c                default_environment
 *fill*         0x0402715b        0x1 00
 .data          0x0402715c        0x4 common/libcommon.a(env_nand.o)
                0x0402715c                env_name_spec
 .data          0x04027160        0x0 common/libcommon.a(exports.o)
 .data          0x04027160      0x1f8 common/libcommon.a(image.o)
 .data          0x04027358        0xd common/libcommon.a(main.o)
 *fill*         0x04027365        0x3 00
 .data          0x04027368        0xc common/libcommon.a(stdio.o)
                0x04027368                stdio_names
 .data          0x04027374        0x0 common/libcommon.a(xyzModem.o)
 .data          0x04027374        0x0 drivers/net/rtl83xx-1.3.0/librtl83xx.a(rtl83xx_main.o)
 .data          0x04027374        0x0 drivers/net/rtl83xx-1.3.0/librtl83xx.a(rtk_api.o)
 .data          0x04027374        0x0 drivers/net/rtl83xx-1.3.0/librtl83xx.a(rtl8370_asicdrv.o)
 .data          0x04027374        0x0 drivers/net/rtl83xx-1.3.0/librtl83xx.a(rtl8370_asicdrv_port.o)
 .data          0x04027374        0x0 drivers/net/rtl83xx-1.3.0/librtl83xx.a(rtl8370_asicdrv_phy.o)
 .data          0x04027374        0x0 drivers/net/rtl83xx-1.3.0/librtl83xx.a(rtl8370_asicdrv_lut.o)
 .data          0x04027374        0x0 drivers/net/rtl83xx-1.3.0/librtl83xx.a(smi.o)
 .data          0x04027374        0x0 board/futuretek/ftm-100s/libftm-100s.a(ftm_100s.o)
 .data          0x04027374        0x8 board/futuretek/ftm-100s/libftm-100s.a(watchdog.o)
 .data          0x0402737c        0x0 board/futuretek/ftm-100s/libftm-100s.a(lowlevel_init.o)
 .data          0x0402737c        0x0 board/futuretek/ftm-100s/libftm-100s.a(cmd_ftm_100s.o)
 .data          0x0402737c        0x0 board/futuretek/ftm-100s/libftm-100s.a(csmi_uboot_cmds.o)
 .data          0x0402737c        0x0 board/futuretek/ftm-100s/libftm-100s.a(csmi_user.o)
 .data          0x0402737c        0x0 lib_generic/libgeneric.a(crc16.o)
 .data          0x0402737c        0x0 lib_generic/libgeneric.a(crc32.o)
 .data          0x0402737c        0x0 lib_generic/libgeneric.a(display_options.o)
 .data          0x0402737c        0x0 lib_generic/libgeneric.a(gunzip.o)
 .data          0x0402737c        0x0 lib_generic/libgeneric.a(lmb.o)
 .data          0x0402737c        0x0 lib_generic/libgeneric.a(md5.o)
 .data          0x0402737c        0x0 lib_generic/libgeneric.a(string.o)
 .data          0x0402737c        0x0 lib_generic/libgeneric.a(vsprintf.o)
 .data          0x0402737c        0x0 lib_generic/libgeneric.a(zlib.o)
 .data          0x0402737c      0x100 lib_generic/libgeneric.a(ctype.o)
                0x0402737c                _ctype
 .data          0x0402747c        0x0 cpu/arm_cortexa9/libarm_cortexa9.a(cpu.o)
 .data          0x0402747c        0x0 cpu/arm_cortexa9/goldengate/libgoldengate.a(timer.o)
 .data          0x0402747c        0x0 lib_arm/libarm.a(bootm.o)
 .data          0x0402747c        0x0 lib_arm/libarm.a(cache.o)
 .data          0x0402747c        0x0 lib_arm/libarm.a(cache-cp15.o)
 .data          0x0402747c        0x0 drivers/mtd/nand/libnand.a(nand_util.o)
 .data          0x0402747c        0x0 lib_generic/libgeneric.a(div64.o)
 .data          0x0402747c        0x0 /home/xtra/Work/ftm-100s/u-boot/lib_arm/eabi_compat.o
 .data          0x0402747c        0x0 /opt/Cortina/toolchain/toolchain-arm_gcc-4.5.1+l_uClibc-0.9.32_eabi/bin/../lib/gcc/arm-openwrt-linux-uclibcgnueabi/4.5.2/libgcc.a(_udivsi3.o)
 .data          0x0402747c        0x0 /opt/Cortina/toolchain/toolchain-arm_gcc-4.5.1+l_uClibc-0.9.32_eabi/bin/../lib/gcc/arm-openwrt-linux-uclibcgnueabi/4.5.2/libgcc.a(_divsi3.o)
 .data          0x0402747c        0x0 /opt/Cortina/toolchain/toolchain-arm_gcc-4.5.1+l_uClibc-0.9.32_eabi/bin/../lib/gcc/arm-openwrt-linux-uclibcgnueabi/4.5.2/libgcc.a(_lshrdi3.o)
 .data          0x0402747c        0x0 /opt/Cortina/toolchain/toolchain-arm_gcc-4.5.1+l_uClibc-0.9.32_eabi/bin/../lib/gcc/arm-openwrt-linux-uclibcgnueabi/4.5.2/libgcc.a(_ashrdi3.o)
 .data          0x0402747c        0x0 /opt/Cortina/toolchain/toolchain-arm_gcc-4.5.1+l_uClibc-0.9.32_eabi/bin/../lib/gcc/arm-openwrt-linux-uclibcgnueabi/4.5.2/libgcc.a(_ashldi3.o)
 .data          0x0402747c        0x0 /opt/Cortina/toolchain/toolchain-arm_gcc-4.5.1+l_uClibc-0.9.32_eabi/bin/../lib/gcc/arm-openwrt-linux-uclibcgnueabi/4.5.2/libgcc.a(_dvmd_lnx.o)
                0x0402747c                . = ALIGN (0x4)

.got
 *(.got)
                0x0402747c                . = .
                0x0402747c                __u_boot_cmd_start = .

.u_boot_cmd     0x0402747c      0x3c0
 *(.u_boot_cmd)
 .u_boot_cmd    0x0402747c       0x18 net/libnet.a(http.o)
                0x0402747c                __u_boot_cmd_http
 .u_boot_cmd    0x04027494       0x30 drivers/net/libnet.a(g2_ni_mfe.o)
                0x04027494                __u_boot_cmd_phy_reg
                0x040274ac                __u_boot_cmd_phy_test
 .u_boot_cmd    0x040274c4       0x18 common/libcommon.a(cmd_bdinfo.o)
                0x040274c4                __u_boot_cmd_bdinfo
 .u_boot_cmd    0x040274dc       0x30 common/libcommon.a(cmd_boot.o)
                0x040274dc                __u_boot_cmd_go
                0x040274f4                __u_boot_cmd_reset
 .u_boot_cmd    0x0402750c       0x30 common/libcommon.a(cmd_bootm.o)
                0x0402750c                __u_boot_cmd_bootm
                0x04027524                __u_boot_cmd_iminfo
 .u_boot_cmd    0x0402753c       0x30 common/libcommon.a(cmd_load.o)
                0x0402753c                __u_boot_cmd_loadb
                0x04027554                __u_boot_cmd_loady
 .u_boot_cmd    0x0402756c       0xf0 common/libcommon.a(cmd_mem.o)
                0x0402756c                __u_boot_cmd_md
                0x04027584                __u_boot_cmd_mm
                0x0402759c                __u_boot_cmd_nm
                0x040275b4                __u_boot_cmd_mw
                0x040275cc                __u_boot_cmd_cp
                0x040275e4                __u_boot_cmd_cmp
                0x040275fc                __u_boot_cmd_crc32
                0x04027614                __u_boot_cmd_base
                0x0402762c                __u_boot_cmd_loop
                0x04027644                __u_boot_cmd_mtest
 .u_boot_cmd    0x0402765c       0x30 common/libcommon.a(cmd_nand.o)
                0x0402765c                __u_boot_cmd_nand
                0x04027674                __u_boot_cmd_nboot
 .u_boot_cmd    0x0402768c       0x60 common/libcommon.a(cmd_net.o)
                0x0402768c                __u_boot_cmd_bootp
                0x040276a4                __u_boot_cmd_tftpboot
                0x040276bc                __u_boot_cmd_rarpboot
                0x040276d4                __u_boot_cmd_ping
 .u_boot_cmd    0x040276ec       0x60 common/libcommon.a(cmd_nvedit.o)
                0x040276ec                __u_boot_cmd_saveenv
                0x04027704                __u_boot_cmd_printenv
                0x0402771c                __u_boot_cmd_setenv
                0x04027734                __u_boot_cmd_run
 .u_boot_cmd    0x0402774c       0x48 common/libcommon.a(command.o)
                0x0402774c                __u_boot_cmd_version
                0x04027764                __u_boot_cmd_help
                0x0402777c                __u_boot_cmd_question_mark
 .u_boot_cmd    0x04027794       0x60 drivers/net/rtl83xx-1.3.0/librtl83xx.a(rtl83xx_main.o)
                0x04027794                __u_boot_cmd_sw_init
                0x040277ac                __u_boot_cmd_sw_delay
                0x040277c4                __u_boot_cmd_sw_link
                0x040277dc                __u_boot_cmd_sw_reg
 .u_boot_cmd    0x040277f4       0x48 board/futuretek/ftm-100s/libftm-100s.a(cmd_ftm_100s.o)
                0x040277f4                __u_boot_cmd_sb_display
                0x0402780c                __u_boot_cmd_sb_set_flags
                0x04027824                __u_boot_cmd_sb_process
                0x0402783c                __u_boot_cmd_end = .
                0x0402783c                . = ALIGN (0x4)
                0x0402783c                __bss_start = .

.bss            0x04028000     0xc0ac
 *(.bss)
 .bss           0x04028000        0x0 cpu/arm_cortexa9/start.o
 .bss           0x04028000        0x4 lib_arm/libarm.a(board.o)
                0x04028000                monitor_flash_len
 .bss           0x04028004        0x0 lib_arm/libarm.a(interrupts.o)
 .bss           0x04028004       0x14 net/libnet.a(eth.o)
 .bss           0x04028018     0x25e4 net/libnet.a(net.o)
                0x04028018                NetState
                0x0402801c                NetPingIP
                0x04028038                NetRestartWrap
                0x04028040                NetOurEther
                0x04028048                NetRxPacket
                0x0402804c                NetRxPacketLen
                0x04028050                NetOurIP
                0x04028054                NetArpWaitPacketIP
                0x04028058                NetArpWaitPacketMAC
                0x0402805c                NetArpWaitReplyIP
                0x04028060                NetArpWaitTxPacket
                0x04028064                NetArpWaitTxPacketSize
                0x04028068                NetServerIP
                0x0402806c                NetServerEther
                0x04028074                NetTxPacket
                0x04028078                NetOurSubnetMask
                0x0402807c                NetOurGatewayIP
                0x04028080                NetArpWaitTimerStart
                0x04028084                NetArpWaitTry
                0x0402808e                NetEtherNullAddr
                0x04028094                NetIPID
                0x0402809a                PktBuf
                0x04029ebc                NetRxPackets
                0x04029ecc                NetArpWaitPacketBuf
                0x0402a4f0                NetBootFileXferSize
                0x0402a4f4                NetOurDNSIP
                0x0402a4f8                NetOurNISDomain
                0x0402a518                NetOurHostName
                0x0402a538                NetOurRootPath
                0x0402a578                NetBootFileSize
                0x0402a57a                BootFile
 .bss           0x0402a5fc        0x4 net/libnet.a(rarp.o)
                0x0402a5fc                RarpTry
 .bss           0x0402a600      0x670 net/libnet.a(http.o)
                0x0402ac4c                post_info
 .bss           0x0402ac70      0x718 net/libnet.a(tcp.o)
                0x0402ac70                conxn
                0x0402b384                debug
 .bss           0x0402b388       0xb4 net/libnet.a(tftp.o)
 .bss           0x0402b43c        0x8 net/libnet.a(bootp.o)
                0x0402b43c                BootpID
                0x0402b440                BootpTry
 *fill*         0x0402b444        0x4 00
 .bss           0x0402b448      0x560 drivers/mtd/nand/libnand.a(cs75xx_nand.o)
                0x0402b628                flash_status
                0x0402b62c                flash_type
                0x0402b630                nf_cnt
                0x0402b634                nf_cmd
                0x0402b638                nf_addr1
                0x0402b63c                nf_addr2
                0x0402b640                nf_access
                0x0402b644                flash_start
                0x0402b648                ecc_reset
                0x0402b654                flash_int_sts
                0x0402b658                ecc_ctl
                0x0402b65c                dma_txq5_ctrl
                0x0402b660                dma_ssp_txq5_intsts
                0x0402b664                dma_ssp_rxq5_intsts
                0x0402b668                dma_txq5_wptr
                0x0402b66c                tx_desc
                0x0402b670                dma_rxq5_rptr
                0x0402b674                rx_desc
                0x0402b678                fifo_ctl
                0x0402b67c                ecc_sts
                0x0402b680                ecc_gen0
                0x0402b684                ecc_oob
                0x0402b688                bch_ctrl
                0x0402b854                global_strap
                0x0402b858                nf_data
                0x0402b85c                ecc_gen1
                0x0402b860                ecc_gen2
                0x0402b864                ecc_gen3
                0x0402b868                ecc_gen4
                0x0402b86c                ecc_gen5
                0x0402b870                ecc_gen6
                0x0402b874                ecc_gen7
                0x0402b878                ecc_gen8
                0x0402b87c                ecc_gen9
                0x0402b880                ecc_gen10
                0x0402b884                ecc_gen11
                0x0402b888                ecc_gen12
                0x0402b88c                ecc_gen13
                0x0402b890                ecc_gen14
                0x0402b894                ecc_gen15
                0x0402b898                fifo_sts
                0x0402b89c                fifo_addr
                0x0402b8a0                dido_data
                0x0402b8a4                flash_int_mask
                0x0402b8a8                bch_sts
                0x0402b8ac                bch_err_loc01
                0x0402b8b0                bch_err_loc23
                0x0402b8b4                bch_err_loc45
                0x0402b8b8                bch_err_loc67
                0x0402b8bc                bch_oob0
                0x0402b8c0                bch_oob1
                0x0402b8c4                bch_oob2
                0x0402b8c8                bch_oob3
                0x0402b8cc                bch_oob4
                0x0402b8d0                bch_gen00
                0x0402b8d4                bch_gen01
                0x0402b8d8                bch_gen02
                0x0402b8dc                bch_gen03
                0x0402b8e0                bch_gen04
                0x0402b8e4                bch_gen10
                0x0402b8e8                bch_gen11
                0x0402b8ec                bch_gen12
                0x0402b8f0                bch_gen13
                0x0402b8f4                bch_gen20
                0x0402b8f8                bch_gen21
                0x0402b8fc                bch_gen22
                0x0402b900                bch_gen23
                0x0402b904                bch_gen30
                0x0402b908                bch_gen31
                0x0402b90c                bch_gen32
                0x0402b910                bch_gen33
                0x0402b914                bch_gen40
                0x0402b918                bch_gen41
                0x0402b91c                bch_gen42
                0x0402b920                bch_gen43
                0x0402b924                bch_gen50
                0x0402b928                bch_gen51
                0x0402b92c                bch_gen52
                0x0402b930                bch_gen53
                0x0402b934                bch_gen60
                0x0402b938                bch_gen61
                0x0402b93c                bch_gen62
                0x0402b940                bch_gen63
                0x0402b944                bch_gen70
                0x0402b948                bch_gen71
                0x0402b94c                bch_gen72
                0x0402b950                bch_gen73
                0x0402b954                dma_rxdma_ctrl
                0x0402b958                dma_txdma_ctrl
                0x0402b95c                dma_rxq5_pktcnt_read
                0x0402b960                dma_txq5_pktcnt_read
                0x0402b964                dma_rxq5_base_depth
                0x0402b968                dma_rxq5_wptr
                0x0402b96c                dma_txq5_base_depth
                0x0402b970                dma_txq5_rptr
                0x0402b974                dma_rxq5_threshold
                0x0402b978                dma_rxq5_pktcnt
                0x0402b97c                dma_rxq5_drop_pktcnt
                0x0402b980                dma_txq5_pktcnt
                0x0402b984                dma_ssp0_intsts
                0x0402b988                dma_ssp0_int_enable
                0x0402b98c                dma_ssp1_intsts
                0x0402b990                dma_ssp1_int_enable
                0x0402b994                dma_ssp_desc_intsts
                0x0402b998                dma_ssp_desc_int_enable
                0x0402b99c                dma_ssp_rxq5_int_enable
                0x0402b9a0                dma_ssp_txq5_int_enable
                0x0402b9a4                tmp_access
 .bss           0x0402b9a8       0xb0 drivers/mtd/nand/libnand.a(nand.o)
                0x0402b9a8                nand_info
 .bss           0x0402ba58        0x0 drivers/mtd/nand/libnand.a(nand_bbt.o)
 .bss           0x0402ba58        0x0 drivers/mtd/nand/libnand.a(nand_ids.o)
 .bss           0x0402ba58        0x4 drivers/net/libnet.a(g2_ni_mfe.o)
 .bss           0x0402ba5c       0x18 drivers/serial/libserial.a(serial_cs752x.o)
                0x0402ba70                gs2_flag
 .bss           0x0402ba74        0x0 common/libcommon.a(cmd_bdinfo.o)
 .bss           0x0402ba74        0x0 common/libcommon.a(cmd_boot.o)
 .bss           0x0402ba74      0x12c common/libcommon.a(cmd_bootm.o)
 .bss           0x0402bba0       0x60 common/libcommon.a(cmd_load.o)
                0x0402bbac                his_pad_count
                0x0402bbb0                his_pad_char
                0x0402bbc9                his_eol
                0x0402bbd0                os_data_init
                0x0402bbe0                os_data_char
                0x0402bbe4                his_quote
                0x0402bbe8                send_ptr
                0x0402bbec                send_parms
 .bss           0x0402bc00       0x14 common/libcommon.a(cmd_mem.o)
                0x0402bc04                mm_last_addr
                0x0402bc08                mm_last_size
                0x0402bc0c                dp_last_addr
                0x0402bc10                dp_last_size
 .bss           0x0402bc14        0x0 common/libcommon.a(cmd_nand.o)
 .bss           0x0402bc14        0x0 common/libcommon.a(cmd_net.o)
 .bss           0x0402bc14        0x0 common/libcommon.a(cmd_nvedit.o)
 .bss           0x0402bc14        0x0 common/libcommon.a(command.o)
 .bss           0x0402bc14        0x8 common/libcommon.a(console.o)
 .bss           0x0402bc1c       0x44 common/libcommon.a(dlmalloc.o)
                0x0402bc1c                mem_malloc_brk
                0x0402bc20                mem_malloc_start
                0x0402bc24                mem_malloc_end
 .bss           0x0402bc60        0x0 common/libcommon.a(env_common.o)
 .bss           0x0402bc60        0x4 common/libcommon.a(env_nand.o)
                0x0402bc60                env_ptr
 .bss           0x0402bc64        0x0 common/libcommon.a(exports.o)
 .bss           0x0402bc64        0x0 common/libcommon.a(image.o)
 .bss           0x0402bc64      0x800 common/libcommon.a(main.o)
                0x0402bc64                console_buffer
 .bss           0x0402c464       0x48 common/libcommon.a(stdio.o)
                0x0402c4a0                stdio_devices
 .bss           0x0402c4ac      0x43c common/libcommon.a(xyzModem.o)
 .bss           0x0402c8e8        0x0 drivers/net/rtl83xx-1.3.0/librtl83xx.a(rtl83xx_main.o)
 .bss           0x0402c8e8        0x0 drivers/net/rtl83xx-1.3.0/librtl83xx.a(rtk_api.o)
 .bss           0x0402c8e8        0x0 drivers/net/rtl83xx-1.3.0/librtl83xx.a(rtl8370_asicdrv.o)
 .bss           0x0402c8e8        0x0 drivers/net/rtl83xx-1.3.0/librtl83xx.a(rtl8370_asicdrv_port.o)
 .bss           0x0402c8e8        0x0 drivers/net/rtl83xx-1.3.0/librtl83xx.a(rtl8370_asicdrv_phy.o)
 .bss           0x0402c8e8        0x0 drivers/net/rtl83xx-1.3.0/librtl83xx.a(rtl8370_asicdrv_lut.o)
 .bss           0x0402c8e8        0x0 drivers/net/rtl83xx-1.3.0/librtl83xx.a(smi.o)
 *fill*         0x0402c8e8     0x3718 00
 .bss           0x04030000     0x4000 board/futuretek/ftm-100s/libftm-100s.a(ftm_100s.o)
 .bss           0x04034000       0x10 board/futuretek/ftm-100s/libftm-100s.a(watchdog.o)
 .bss           0x04034010        0x0 board/futuretek/ftm-100s/libftm-100s.a(lowlevel_init.o)
 .bss           0x04034010       0x14 board/futuretek/ftm-100s/libftm-100s.a(cmd_ftm_100s.o)
 .bss           0x04034024       0x24 board/futuretek/ftm-100s/libftm-100s.a(csmi_uboot_cmds.o)
 .bss           0x04034048       0x34 board/futuretek/ftm-100s/libftm-100s.a(csmi_user.o)
 .bss           0x0403407c        0x0 lib_generic/libgeneric.a(crc16.o)
 .bss           0x0403407c        0x0 lib_generic/libgeneric.a(crc32.o)
 .bss           0x0403407c        0x0 lib_generic/libgeneric.a(display_options.o)
 .bss           0x0403407c        0x0 lib_generic/libgeneric.a(gunzip.o)
 .bss           0x0403407c        0x0 lib_generic/libgeneric.a(lmb.o)
 .bss           0x0403407c        0x0 lib_generic/libgeneric.a(md5.o)
 .bss           0x0403407c        0x4 lib_generic/libgeneric.a(string.o)
                0x0403407c                ___strtok
 .bss           0x04034080        0x0 lib_generic/libgeneric.a(vsprintf.o)
 .bss           0x04034080        0x0 lib_generic/libgeneric.a(zlib.o)
 .bss           0x04034080        0x0 lib_generic/libgeneric.a(ctype.o)
 .bss           0x04034080        0x0 cpu/arm_cortexa9/libarm_cortexa9.a(cpu.o)
 .bss           0x04034080       0x28 cpu/arm_cortexa9/goldengate/libgoldengate.a(timer.o)
 .bss           0x040340a8        0x4 lib_arm/libarm.a(bootm.o)
 .bss           0x040340ac        0x0 lib_arm/libarm.a(cache.o)
 .bss           0x040340ac        0x0 lib_arm/libarm.a(cache-cp15.o)
 .bss           0x040340ac        0x0 drivers/mtd/nand/libnand.a(nand_util.o)
 .bss           0x040340ac        0x0 lib_generic/libgeneric.a(div64.o)
 .bss           0x040340ac        0x0 /home/xtra/Work/ftm-100s/u-boot/lib_arm/eabi_compat.o
 .bss           0x040340ac        0x0 /opt/Cortina/toolchain/toolchain-arm_gcc-4.5.1+l_uClibc-0.9.32_eabi/bin/../lib/gcc/arm-openwrt-linux-uclibcgnueabi/4.5.2/libgcc.a(_udivsi3.o)
 .bss           0x040340ac        0x0 /opt/Cortina/toolchain/toolchain-arm_gcc-4.5.1+l_uClibc-0.9.32_eabi/bin/../lib/gcc/arm-openwrt-linux-uclibcgnueabi/4.5.2/libgcc.a(_divsi3.o)
 .bss           0x040340ac        0x0 /opt/Cortina/toolchain/toolchain-arm_gcc-4.5.1+l_uClibc-0.9.32_eabi/bin/../lib/gcc/arm-openwrt-linux-uclibcgnueabi/4.5.2/libgcc.a(_lshrdi3.o)
 .bss           0x040340ac        0x0 /opt/Cortina/toolchain/toolchain-arm_gcc-4.5.1+l_uClibc-0.9.32_eabi/bin/../lib/gcc/arm-openwrt-linux-uclibcgnueabi/4.5.2/libgcc.a(_ashrdi3.o)
 .bss           0x040340ac        0x0 /opt/Cortina/toolchain/toolchain-arm_gcc-4.5.1+l_uClibc-0.9.32_eabi/bin/../lib/gcc/arm-openwrt-linux-uclibcgnueabi/4.5.2/libgcc.a(_ashldi3.o)
 .bss           0x040340ac        0x0 /opt/Cortina/toolchain/toolchain-arm_gcc-4.5.1+l_uClibc-0.9.32_eabi/bin/../lib/gcc/arm-openwrt-linux-uclibcgnueabi/4.5.2/libgcc.a(_dvmd_lnx.o)
                0x040340ac                _end = .
Address of section .text set to 0x4000000
LOAD cpu/arm_cortexa9/start.o
START GROUP
LOAD lib_generic/libgeneric.a
LOAD lib_generic/lzma/liblzma.a
LOAD lib_generic/lzo/liblzo.a
LOAD lib_openssl/libopenssl.a
LOAD cpu/arm_cortexa9/libarm_cortexa9.a
LOAD cpu/arm_cortexa9/goldengate/libgoldengate.a
LOAD lib_arm/libarm.a
LOAD fs/cramfs/libcramfs.a
LOAD fs/fat/libfat.a
LOAD fs/fdos/libfdos.a
LOAD fs/jffs2/libjffs2.a
LOAD fs/reiserfs/libreiserfs.a
LOAD fs/ext2/libext2fs.a
LOAD fs/yaffs2/libyaffs2.a
LOAD fs/ubifs/libubifs.a
LOAD net/libnet.a
LOAD disk/libdisk.a
LOAD drivers/bios_emulator/libatibiosemu.a
LOAD drivers/block/libblock.a
LOAD drivers/dma/libdma.a
LOAD drivers/fpga/libfpga.a
LOAD drivers/gpio/libgpio.a
LOAD drivers/hwmon/libhwmon.a
LOAD drivers/i2c/libi2c.a
LOAD drivers/input/libinput.a
LOAD drivers/misc/libmisc.a
LOAD drivers/mmc/libmmc.a
LOAD drivers/mtd/libmtd.a
LOAD drivers/mtd/nand/libnand.a
LOAD drivers/mtd/onenand/libonenand.a
LOAD drivers/mtd/ubi/libubi.a
LOAD drivers/mtd/spi/libspi_flash.a
LOAD drivers/net/libnet.a
LOAD drivers/net/phy/libphy.a
LOAD drivers/net/sk98lin/libsk98lin.a
LOAD drivers/pci/libpci.a
LOAD drivers/pcmcia/libpcmcia.a
LOAD drivers/power/libpower.a
LOAD drivers/spi/libspi.a
LOAD drivers/rtc/librtc.a
LOAD drivers/serial/libserial.a
LOAD drivers/twserial/libtws.a
LOAD drivers/usb/gadget/libusb_gadget.a
LOAD drivers/usb/host/libusb_host.a
LOAD drivers/usb/musb/libusb_musb.a
LOAD drivers/video/libvideo.a
LOAD drivers/watchdog/libwatchdog.a
LOAD common/libcommon.a
LOAD libfdt/libfdt.a
LOAD api/libapi.a
LOAD post/libpost.a
LOAD drivers/net/rtl83xx-1.3.0/librtl83xx.a
LOAD board/futuretek/ftm-100s/libftm-100s.a
END GROUP
LOAD /home/xtra/Work/ftm-100s/u-boot/lib_arm/eabi_compat.o
LOAD /opt/Cortina/toolchain/toolchain-arm_gcc-4.5.1+l_uClibc-0.9.32_eabi/bin/../lib/gcc/arm-openwrt-linux-uclibcgnueabi/4.5.2/libgcc.a
OUTPUT(u-boot elf32-littlearm)

.ARM.attributes
                0x00000000       0x2d
 .ARM.attributes
                0x00000000       0x1d cpu/arm_cortexa9/start.o
 .ARM.attributes
                0x0000001d       0x2d lib_arm/libarm.a(board.o)
 .ARM.attributes
                0x0000004a       0x2d lib_arm/libarm.a(interrupts.o)
 .ARM.attributes
                0x00000077       0x2d net/libnet.a(eth.o)
 .ARM.attributes
                0x000000a4       0x2d net/libnet.a(net.o)
 .ARM.attributes
                0x000000d1       0x2d net/libnet.a(rarp.o)
 .ARM.attributes
                0x000000fe       0x2d net/libnet.a(http.o)
 .ARM.attributes
                0x0000012b       0x2d net/libnet.a(tcp.o)
 .ARM.attributes
                0x00000158       0x2d net/libnet.a(tftp.o)
 .ARM.attributes
                0x00000185       0x2d net/libnet.a(bootp.o)
 .ARM.attributes
                0x000001b2       0x2d drivers/mtd/nand/libnand.a(cs75xx_nand.o)
 .ARM.attributes
                0x000001df       0x2d drivers/mtd/nand/libnand.a(nand.o)
 .ARM.attributes
                0x0000020c       0x2d drivers/mtd/nand/libnand.a(nand_bbt.o)
 .ARM.attributes
                0x00000239       0x2d drivers/mtd/nand/libnand.a(nand_ids.o)
 .ARM.attributes
                0x00000266       0x2d drivers/net/libnet.a(g2_ni_mfe.o)
 .ARM.attributes
                0x00000293       0x2d drivers/serial/libserial.a(serial_cs752x.o)
 .ARM.attributes
                0x000002c0       0x2d common/libcommon.a(cmd_bdinfo.o)
 .ARM.attributes
                0x000002ed       0x2d common/libcommon.a(cmd_boot.o)
 .ARM.attributes
                0x0000031a       0x2d common/libcommon.a(cmd_bootm.o)
 .ARM.attributes
                0x00000347       0x2d common/libcommon.a(cmd_load.o)
 .ARM.attributes
                0x00000374       0x2d common/libcommon.a(cmd_mem.o)
 .ARM.attributes
                0x000003a1       0x2d common/libcommon.a(cmd_nand.o)
 .ARM.attributes
                0x000003ce       0x2d common/libcommon.a(cmd_net.o)
 .ARM.attributes
                0x000003fb       0x2d common/libcommon.a(cmd_nvedit.o)
 .ARM.attributes
                0x00000428       0x2d common/libcommon.a(command.o)
 .ARM.attributes
                0x00000455       0x2d common/libcommon.a(console.o)
 .ARM.attributes
                0x00000482       0x2d common/libcommon.a(dlmalloc.o)
 .ARM.attributes
                0x000004af       0x2d common/libcommon.a(env_common.o)
 .ARM.attributes
                0x000004dc       0x2d common/libcommon.a(env_nand.o)
 .ARM.attributes
                0x00000509       0x2d common/libcommon.a(exports.o)
 .ARM.attributes
                0x00000536       0x2d common/libcommon.a(image.o)
 .ARM.attributes
                0x00000563       0x2d common/libcommon.a(main.o)
 .ARM.attributes
                0x00000590       0x2d common/libcommon.a(stdio.o)
 .ARM.attributes
                0x000005bd       0x2d common/libcommon.a(xyzModem.o)
 .ARM.attributes
                0x000005ea       0x2d drivers/net/rtl83xx-1.3.0/librtl83xx.a(rtl83xx_main.o)
 .ARM.attributes
                0x00000617       0x2d drivers/net/rtl83xx-1.3.0/librtl83xx.a(rtk_api.o)
 .ARM.attributes
                0x00000644       0x2d drivers/net/rtl83xx-1.3.0/librtl83xx.a(rtl8370_asicdrv.o)
 .ARM.attributes
                0x00000671       0x2d drivers/net/rtl83xx-1.3.0/librtl83xx.a(rtl8370_asicdrv_port.o)
 .ARM.attributes
                0x0000069e       0x2d drivers/net/rtl83xx-1.3.0/librtl83xx.a(rtl8370_asicdrv_phy.o)
 .ARM.attributes
                0x000006cb       0x2d drivers/net/rtl83xx-1.3.0/librtl83xx.a(rtl8370_asicdrv_lut.o)
 .ARM.attributes
                0x000006f8       0x2d drivers/net/rtl83xx-1.3.0/librtl83xx.a(smi.o)
 .ARM.attributes
                0x00000725       0x2d board/futuretek/ftm-100s/libftm-100s.a(ftm_100s.o)
 .ARM.attributes
                0x00000752       0x2d board/futuretek/ftm-100s/libftm-100s.a(watchdog.o)
 .ARM.attributes
                0x0000077f       0x1d board/futuretek/ftm-100s/libftm-100s.a(lowlevel_init.o)
 .ARM.attributes
                0x0000079c       0x2d board/futuretek/ftm-100s/libftm-100s.a(cmd_ftm_100s.o)
 .ARM.attributes
                0x000007c9       0x2d board/futuretek/ftm-100s/libftm-100s.a(csmi_uboot_cmds.o)
 .ARM.attributes
                0x000007f6       0x2d board/futuretek/ftm-100s/libftm-100s.a(csmi_user.o)
 .ARM.attributes
                0x00000823       0x2d lib_generic/libgeneric.a(crc16.o)
 .ARM.attributes
                0x00000850       0x2d lib_generic/libgeneric.a(crc32.o)
 .ARM.attributes
                0x0000087d       0x2d lib_generic/libgeneric.a(display_options.o)
 .ARM.attributes
                0x000008aa       0x2d lib_generic/libgeneric.a(gunzip.o)
 .ARM.attributes
                0x000008d7       0x2d lib_generic/libgeneric.a(lmb.o)
 .ARM.attributes
                0x00000904       0x2d lib_generic/libgeneric.a(md5.o)
 .ARM.attributes
                0x00000931       0x2d lib_generic/libgeneric.a(string.o)
 .ARM.attributes
                0x0000095e       0x2d lib_generic/libgeneric.a(vsprintf.o)
 .ARM.attributes
                0x0000098b       0x2d lib_generic/libgeneric.a(zlib.o)
 .ARM.attributes
                0x000009b8       0x2d lib_generic/libgeneric.a(ctype.o)
 .ARM.attributes
                0x000009e5       0x2d cpu/arm_cortexa9/libarm_cortexa9.a(cpu.o)
 .ARM.attributes
                0x00000a12       0x2d cpu/arm_cortexa9/goldengate/libgoldengate.a(timer.o)
 .ARM.attributes
                0x00000a3f       0x2d lib_arm/libarm.a(bootm.o)
 .ARM.attributes
                0x00000a6c       0x2d lib_arm/libarm.a(cache.o)
 .ARM.attributes
                0x00000a99       0x2d lib_arm/libarm.a(cache-cp15.o)
 .ARM.attributes
                0x00000ac6       0x2d drivers/mtd/nand/libnand.a(nand_util.o)
 .ARM.attributes
                0x00000af3       0x2d lib_generic/libgeneric.a(div64.o)
 .ARM.attributes
                0x00000b20       0x2d /home/xtra/Work/ftm-100s/u-boot/lib_arm/eabi_compat.o
 .ARM.attributes
                0x00000b4d       0x23 /opt/Cortina/toolchain/toolchain-arm_gcc-4.5.1+l_uClibc-0.9.32_eabi/bin/../lib/gcc/arm-openwrt-linux-uclibcgnueabi/4.5.2/libgcc.a(_udivsi3.o)
 .ARM.attributes
                0x00000b70       0x23 /opt/Cortina/toolchain/toolchain-arm_gcc-4.5.1+l_uClibc-0.9.32_eabi/bin/../lib/gcc/arm-openwrt-linux-uclibcgnueabi/4.5.2/libgcc.a(_divsi3.o)
 .ARM.attributes
                0x00000b93       0x23 /opt/Cortina/toolchain/toolchain-arm_gcc-4.5.1+l_uClibc-0.9.32_eabi/bin/../lib/gcc/arm-openwrt-linux-uclibcgnueabi/4.5.2/libgcc.a(_lshrdi3.o)
 .ARM.attributes
                0x00000bb6       0x23 /opt/Cortina/toolchain/toolchain-arm_gcc-4.5.1+l_uClibc-0.9.32_eabi/bin/../lib/gcc/arm-openwrt-linux-uclibcgnueabi/4.5.2/libgcc.a(_ashrdi3.o)
 .ARM.attributes
                0x00000bd9       0x23 /opt/Cortina/toolchain/toolchain-arm_gcc-4.5.1+l_uClibc-0.9.32_eabi/bin/../lib/gcc/arm-openwrt-linux-uclibcgnueabi/4.5.2/libgcc.a(_ashldi3.o)
 .ARM.attributes
                0x00000bfc       0x23 /opt/Cortina/toolchain/toolchain-arm_gcc-4.5.1+l_uClibc-0.9.32_eabi/bin/../lib/gcc/arm-openwrt-linux-uclibcgnueabi/4.5.2/libgcc.a(_dvmd_lnx.o)

.comment        0x00000000       0x3b
 .comment       0x00000000       0x3b lib_arm/libarm.a(board.o)
                                 0x3c (size before relaxing)
 .comment       0x00000000       0x3c lib_arm/libarm.a(interrupts.o)
 .comment       0x00000000       0x3c net/libnet.a(eth.o)
 .comment       0x00000000       0x3c net/libnet.a(net.o)
 .comment       0x00000000       0x3c net/libnet.a(rarp.o)
 .comment       0x00000000       0x3c net/libnet.a(http.o)
 .comment       0x00000000       0x3c net/libnet.a(tcp.o)
 .comment       0x00000000       0x3c net/libnet.a(tftp.o)
 .comment       0x00000000       0x3c net/libnet.a(bootp.o)
 .comment       0x00000000       0x3c drivers/mtd/nand/libnand.a(cs75xx_nand.o)
 .comment       0x00000000       0x3c drivers/mtd/nand/libnand.a(nand.o)
 .comment       0x00000000       0x3c drivers/mtd/nand/libnand.a(nand_bbt.o)
 .comment       0x00000000       0x3c drivers/mtd/nand/libnand.a(nand_ids.o)
 .comment       0x00000000       0x3c drivers/net/libnet.a(g2_ni_mfe.o)
 .comment       0x00000000       0x3c drivers/serial/libserial.a(serial_cs752x.o)
 .comment       0x00000000       0x3c common/libcommon.a(cmd_bdinfo.o)
 .comment       0x00000000       0x3c common/libcommon.a(cmd_boot.o)
 .comment       0x00000000       0x3c common/libcommon.a(cmd_bootm.o)
 .comment       0x00000000       0x3c common/libcommon.a(cmd_load.o)
 .comment       0x00000000       0x3c common/libcommon.a(cmd_mem.o)
 .comment       0x00000000       0x3c common/libcommon.a(cmd_nand.o)
 .comment       0x00000000       0x3c common/libcommon.a(cmd_net.o)
 .comment       0x00000000       0x3c common/libcommon.a(cmd_nvedit.o)
 .comment       0x00000000       0x3c common/libcommon.a(command.o)
 .comment       0x00000000       0x3c common/libcommon.a(console.o)
 .comment       0x00000000       0x3c common/libcommon.a(dlmalloc.o)
 .comment       0x00000000       0x3c common/libcommon.a(env_common.o)
 .comment       0x00000000       0x3c common/libcommon.a(env_nand.o)
 .comment       0x00000000       0x3c common/libcommon.a(exports.o)
 .comment       0x00000000       0x3c common/libcommon.a(image.o)
 .comment       0x00000000       0x3c common/libcommon.a(main.o)
 .comment       0x00000000       0x3c common/libcommon.a(stdio.o)
 .comment       0x00000000       0x3c common/libcommon.a(xyzModem.o)
 .comment       0x00000000       0x3c drivers/net/rtl83xx-1.3.0/librtl83xx.a(rtl83xx_main.o)
 .comment       0x00000000       0x3c drivers/net/rtl83xx-1.3.0/librtl83xx.a(rtk_api.o)
 .comment       0x00000000       0x3c drivers/net/rtl83xx-1.3.0/librtl83xx.a(rtl8370_asicdrv.o)
 .comment       0x00000000       0x3c drivers/net/rtl83xx-1.3.0/librtl83xx.a(rtl8370_asicdrv_port.o)
 .comment       0x00000000       0x3c drivers/net/rtl83xx-1.3.0/librtl83xx.a(rtl8370_asicdrv_phy.o)
 .comment       0x00000000       0x3c drivers/net/rtl83xx-1.3.0/librtl83xx.a(rtl8370_asicdrv_lut.o)
 .comment       0x00000000       0x3c drivers/net/rtl83xx-1.3.0/librtl83xx.a(smi.o)
 .comment       0x00000000       0x3c board/futuretek/ftm-100s/libftm-100s.a(ftm_100s.o)
 .comment       0x00000000       0x3c board/futuretek/ftm-100s/libftm-100s.a(watchdog.o)
 .comment       0x00000000       0x3c board/futuretek/ftm-100s/libftm-100s.a(cmd_ftm_100s.o)
 .comment       0x00000000       0x3c board/futuretek/ftm-100s/libftm-100s.a(csmi_uboot_cmds.o)
 .comment       0x00000000       0x3c board/futuretek/ftm-100s/libftm-100s.a(csmi_user.o)
 .comment       0x00000000       0x3c lib_generic/libgeneric.a(crc16.o)
 .comment       0x00000000       0x3c lib_generic/libgeneric.a(crc32.o)
 .comment       0x00000000       0x3c lib_generic/libgeneric.a(display_options.o)
 .comment       0x00000000       0x3c lib_generic/libgeneric.a(gunzip.o)
 .comment       0x00000000       0x3c lib_generic/libgeneric.a(lmb.o)
 .comment       0x00000000       0x3c lib_generic/libgeneric.a(md5.o)
 .comment       0x00000000       0x3c lib_generic/libgeneric.a(string.o)
 .comment       0x00000000       0x3c lib_generic/libgeneric.a(vsprintf.o)
 .comment       0x00000000       0x3c lib_generic/libgeneric.a(zlib.o)
 .comment       0x00000000       0x3c lib_generic/libgeneric.a(ctype.o)
 .comment       0x00000000       0x3c cpu/arm_cortexa9/libarm_cortexa9.a(cpu.o)
 .comment       0x00000000       0x3c cpu/arm_cortexa9/goldengate/libgoldengate.a(timer.o)
 .comment       0x00000000       0x3c lib_arm/libarm.a(bootm.o)
 .comment       0x00000000       0x3c lib_arm/libarm.a(cache.o)
 .comment       0x00000000       0x3c lib_arm/libarm.a(cache-cp15.o)
 .comment       0x00000000       0x3c drivers/mtd/nand/libnand.a(nand_util.o)
 .comment       0x00000000       0x3c lib_generic/libgeneric.a(div64.o)
 .comment       0x00000000       0x3c /home/xtra/Work/ftm-100s/u-boot/lib_arm/eabi_compat.o

.note.GNU-stack
                0x00000000        0x0
 .note.GNU-stack
                0x00000000        0x0 lib_arm/libarm.a(board.o)
 .note.GNU-stack
                0x00000000        0x0 lib_arm/libarm.a(interrupts.o)
 .note.GNU-stack
                0x00000000        0x0 net/libnet.a(eth.o)
 .note.GNU-stack
                0x00000000        0x0 net/libnet.a(net.o)
 .note.GNU-stack
                0x00000000        0x0 net/libnet.a(rarp.o)
 .note.GNU-stack
                0x00000000        0x0 net/libnet.a(http.o)
 .note.GNU-stack
                0x00000000        0x0 net/libnet.a(tcp.o)
 .note.GNU-stack
                0x00000000        0x0 net/libnet.a(tftp.o)
 .note.GNU-stack
                0x00000000        0x0 net/libnet.a(bootp.o)
 .note.GNU-stack
                0x00000000        0x0 drivers/mtd/nand/libnand.a(cs75xx_nand.o)
 .note.GNU-stack
                0x00000000        0x0 drivers/mtd/nand/libnand.a(nand.o)
 .note.GNU-stack
                0x00000000        0x0 drivers/mtd/nand/libnand.a(nand_bbt.o)
 .note.GNU-stack
                0x00000000        0x0 drivers/mtd/nand/libnand.a(nand_ids.o)
 .note.GNU-stack
                0x00000000        0x0 drivers/net/libnet.a(g2_ni_mfe.o)
 .note.GNU-stack
                0x00000000        0x0 drivers/serial/libserial.a(serial_cs752x.o)
 .note.GNU-stack
                0x00000000        0x0 common/libcommon.a(cmd_bdinfo.o)
 .note.GNU-stack
                0x00000000        0x0 common/libcommon.a(cmd_boot.o)
 .note.GNU-stack
                0x00000000        0x0 common/libcommon.a(cmd_bootm.o)
 .note.GNU-stack
                0x00000000        0x0 common/libcommon.a(cmd_load.o)
 .note.GNU-stack
                0x00000000        0x0 common/libcommon.a(cmd_mem.o)
 .note.GNU-stack
                0x00000000        0x0 common/libcommon.a(cmd_nand.o)
 .note.GNU-stack
                0x00000000        0x0 common/libcommon.a(cmd_net.o)
 .note.GNU-stack
                0x00000000        0x0 common/libcommon.a(cmd_nvedit.o)
 .note.GNU-stack
                0x00000000        0x0 common/libcommon.a(command.o)
 .note.GNU-stack
                0x00000000        0x0 common/libcommon.a(console.o)
 .note.GNU-stack
                0x00000000        0x0 common/libcommon.a(dlmalloc.o)
 .note.GNU-stack
                0x00000000        0x0 common/libcommon.a(env_common.o)
 .note.GNU-stack
                0x00000000        0x0 common/libcommon.a(env_nand.o)
 .note.GNU-stack
                0x00000000        0x0 common/libcommon.a(exports.o)
 .note.GNU-stack
                0x00000000        0x0 common/libcommon.a(image.o)
 .note.GNU-stack
                0x00000000        0x0 common/libcommon.a(main.o)
 .note.GNU-stack
                0x00000000        0x0 common/libcommon.a(stdio.o)
 .note.GNU-stack
                0x00000000        0x0 common/libcommon.a(xyzModem.o)
 .note.GNU-stack
                0x00000000        0x0 drivers/net/rtl83xx-1.3.0/librtl83xx.a(rtl83xx_main.o)
 .note.GNU-stack
                0x00000000        0x0 drivers/net/rtl83xx-1.3.0/librtl83xx.a(rtk_api.o)
 .note.GNU-stack
                0x00000000        0x0 drivers/net/rtl83xx-1.3.0/librtl83xx.a(rtl8370_asicdrv.o)
 .note.GNU-stack
                0x00000000        0x0 drivers/net/rtl83xx-1.3.0/librtl83xx.a(rtl8370_asicdrv_port.o)
 .note.GNU-stack
                0x00000000        0x0 drivers/net/rtl83xx-1.3.0/librtl83xx.a(rtl8370_asicdrv_phy.o)
 .note.GNU-stack
                0x00000000        0x0 drivers/net/rtl83xx-1.3.0/librtl83xx.a(rtl8370_asicdrv_lut.o)
 .note.GNU-stack
                0x00000000        0x0 drivers/net/rtl83xx-1.3.0/librtl83xx.a(smi.o)
 .note.GNU-stack
                0x00000000        0x0 board/futuretek/ftm-100s/libftm-100s.a(ftm_100s.o)
 .note.GNU-stack
                0x00000000        0x0 board/futuretek/ftm-100s/libftm-100s.a(watchdog.o)
 .note.GNU-stack
                0x00000000        0x0 board/futuretek/ftm-100s/libftm-100s.a(cmd_ftm_100s.o)
 .note.GNU-stack
                0x00000000        0x0 board/futuretek/ftm-100s/libftm-100s.a(csmi_uboot_cmds.o)
 .note.GNU-stack
                0x00000000        0x0 board/futuretek/ftm-100s/libftm-100s.a(csmi_user.o)
 .note.GNU-stack
                0x00000000        0x0 lib_generic/libgeneric.a(crc16.o)
 .note.GNU-stack
                0x00000000        0x0 lib_generic/libgeneric.a(crc32.o)
 .note.GNU-stack
                0x00000000        0x0 lib_generic/libgeneric.a(display_options.o)
 .note.GNU-stack
                0x00000000        0x0 lib_generic/libgeneric.a(gunzip.o)
 .note.GNU-stack
                0x00000000        0x0 lib_generic/libgeneric.a(lmb.o)
 .note.GNU-stack
                0x00000000        0x0 lib_generic/libgeneric.a(md5.o)
 .note.GNU-stack
                0x00000000        0x0 lib_generic/libgeneric.a(string.o)
 .note.GNU-stack
                0x00000000        0x0 lib_generic/libgeneric.a(vsprintf.o)
 .note.GNU-stack
                0x00000000        0x0 lib_generic/libgeneric.a(zlib.o)
 .note.GNU-stack
                0x00000000        0x0 lib_generic/libgeneric.a(ctype.o)
 .note.GNU-stack
                0x00000000        0x0 cpu/arm_cortexa9/libarm_cortexa9.a(cpu.o)
 .note.GNU-stack
                0x00000000        0x0 cpu/arm_cortexa9/goldengate/libgoldengate.a(timer.o)
 .note.GNU-stack
                0x00000000        0x0 lib_arm/libarm.a(bootm.o)
 .note.GNU-stack
                0x00000000        0x0 lib_arm/libarm.a(cache.o)
 .note.GNU-stack
                0x00000000        0x0 lib_arm/libarm.a(cache-cp15.o)
 .note.GNU-stack
                0x00000000        0x0 drivers/mtd/nand/libnand.a(nand_util.o)
 .note.GNU-stack
                0x00000000        0x0 lib_generic/libgeneric.a(div64.o)
 .note.GNU-stack
                0x00000000        0x0 /home/xtra/Work/ftm-100s/u-boot/lib_arm/eabi_compat.o
 .note.GNU-stack
                0x00000000        0x0 /opt/Cortina/toolchain/toolchain-arm_gcc-4.5.1+l_uClibc-0.9.32_eabi/bin/../lib/gcc/arm-openwrt-linux-uclibcgnueabi/4.5.2/libgcc.a(_udivsi3.o)
 .note.GNU-stack
                0x00000000        0x0 /opt/Cortina/toolchain/toolchain-arm_gcc-4.5.1+l_uClibc-0.9.32_eabi/bin/../lib/gcc/arm-openwrt-linux-uclibcgnueabi/4.5.2/libgcc.a(_divsi3.o)
 .note.GNU-stack
                0x00000000        0x0 /opt/Cortina/toolchain/toolchain-arm_gcc-4.5.1+l_uClibc-0.9.32_eabi/bin/../lib/gcc/arm-openwrt-linux-uclibcgnueabi/4.5.2/libgcc.a(_lshrdi3.o)
 .note.GNU-stack
                0x00000000        0x0 /opt/Cortina/toolchain/toolchain-arm_gcc-4.5.1+l_uClibc-0.9.32_eabi/bin/../lib/gcc/arm-openwrt-linux-uclibcgnueabi/4.5.2/libgcc.a(_ashrdi3.o)
 .note.GNU-stack
                0x00000000        0x0 /opt/Cortina/toolchain/toolchain-arm_gcc-4.5.1+l_uClibc-0.9.32_eabi/bin/../lib/gcc/arm-openwrt-linux-uclibcgnueabi/4.5.2/libgcc.a(_ashldi3.o)
 .note.GNU-stack
                0x00000000        0x0 /opt/Cortina/toolchain/toolchain-arm_gcc-4.5.1+l_uClibc-0.9.32_eabi/bin/../lib/gcc/arm-openwrt-linux-uclibcgnueabi/4.5.2/libgcc.a(_dvmd_lnx.o)

.debug_line     0x00000000     0xa5b8
 .debug_line    0x00000000       0xc5 cpu/arm_cortexa9/start.o
 .debug_line    0x000000c5      0x187 lib_arm/libarm.a(board.o)
 .debug_line    0x0000024c       0xc0 lib_arm/libarm.a(interrupts.o)
 .debug_line    0x0000030c      0x236 net/libnet.a(eth.o)
 .debug_line    0x00000542      0x6e0 net/libnet.a(net.o)
 .debug_line    0x00000c22      0x128 net/libnet.a(rarp.o)
 .debug_line    0x00000d4a      0x3cb net/libnet.a(http.o)
 .debug_line    0x00001115      0x3cb net/libnet.a(tcp.o)
 .debug_line    0x000014e0      0x2a4 net/libnet.a(tftp.o)
 .debug_line    0x00001784      0x2bf net/libnet.a(bootp.o)
 .debug_line    0x00001a43     0x14d8 drivers/mtd/nand/libnand.a(cs75xx_nand.o)
 .debug_line    0x00002f1b      0x152 drivers/mtd/nand/libnand.a(nand.o)
 .debug_line    0x0000306d      0x5b4 drivers/mtd/nand/libnand.a(nand_bbt.o)
 .debug_line    0x00003621       0x67 drivers/mtd/nand/libnand.a(nand_ids.o)
 .debug_line    0x00003688      0x4d4 drivers/net/libnet.a(g2_ni_mfe.o)
 .debug_line    0x00003b5c      0x131 drivers/serial/libserial.a(serial_cs752x.o)
 .debug_line    0x00003c8d      0x107 common/libcommon.a(cmd_bdinfo.o)
 .debug_line    0x00003d94       0xc2 common/libcommon.a(cmd_boot.o)
 .debug_line    0x00003e56      0x3dc common/libcommon.a(cmd_bootm.o)
 .debug_line    0x00004232      0x2f5 common/libcommon.a(cmd_load.o)
 .debug_line    0x00004527      0x2b6 common/libcommon.a(cmd_mem.o)
 .debug_line    0x000047dd      0x438 common/libcommon.a(cmd_nand.o)
 .debug_line    0x00004c15      0x13f common/libcommon.a(cmd_net.o)
 .debug_line    0x00004d54      0x37c common/libcommon.a(cmd_nvedit.o)
 .debug_line    0x000050d0      0x13c common/libcommon.a(command.o)
 .debug_line    0x0000520c      0x2d0 common/libcommon.a(console.o)
 .debug_line    0x000054dc      0x4c9 common/libcommon.a(dlmalloc.o)
 .debug_line    0x000059a5      0x144 common/libcommon.a(env_common.o)
 .debug_line    0x00005ae9      0x22b common/libcommon.a(env_nand.o)
 .debug_line    0x00005d14      0x10e common/libcommon.a(exports.o)
 .debug_line    0x00005e22      0x36a common/libcommon.a(image.o)
 .debug_line    0x0000618c      0x25a common/libcommon.a(main.o)
 .debug_line    0x000063e6      0x180 common/libcommon.a(stdio.o)
 .debug_line    0x00006566      0x2bc common/libcommon.a(xyzModem.o)
 .debug_line    0x00006822      0x14e drivers/net/rtl83xx-1.3.0/librtl83xx.a(rtl83xx_main.o)
 .debug_line    0x00006970      0x308 drivers/net/rtl83xx-1.3.0/librtl83xx.a(rtk_api.o)
 .debug_line    0x00006c78       0xf4 drivers/net/rtl83xx-1.3.0/librtl83xx.a(rtl8370_asicdrv.o)
 .debug_line    0x00006d6c      0x21b drivers/net/rtl83xx-1.3.0/librtl83xx.a(rtl8370_asicdrv_port.o)
 .debug_line    0x00006f87       0x7a drivers/net/rtl83xx-1.3.0/librtl83xx.a(rtl8370_asicdrv_phy.o)
 .debug_line    0x00007001       0x6d drivers/net/rtl83xx-1.3.0/librtl83xx.a(rtl8370_asicdrv_lut.o)
 .debug_line    0x0000706e       0x79 drivers/net/rtl83xx-1.3.0/librtl83xx.a(smi.o)
 .debug_line    0x000070e7      0x16e board/futuretek/ftm-100s/libftm-100s.a(ftm_100s.o)
 .debug_line    0x00007255       0x6c board/futuretek/ftm-100s/libftm-100s.a(watchdog.o)
 .debug_line    0x000072c1       0x3f board/futuretek/ftm-100s/libftm-100s.a(lowlevel_init.o)
 .debug_line    0x00007300      0x2f6 board/futuretek/ftm-100s/libftm-100s.a(cmd_ftm_100s.o)
 .debug_line    0x000075f6      0x21b board/futuretek/ftm-100s/libftm-100s.a(csmi_uboot_cmds.o)
 .debug_line    0x00007811      0x533 board/futuretek/ftm-100s/libftm-100s.a(csmi_user.o)